  蹂듭썝???꾨줈?앺듃瑜??뺤씤?섎뒗 以?..
E:\PROJECT\CoinFF\TradingBot\TradingBot.Tests\TradingBot.Tests.csproj : warning NU1603: TradingBot?(?? Hardcodet.NotifyIcon.Wpf (>= 1.2.0)??醫낆냽?섏?留?Hardcodet.NotifyIcon.Wpf 1.2.0??瑜? 李얠쓣 ???놁뒿?덈떎. ???Hardcodet.NotifyIcon.Wpf 2.0.0??媛) ?뺤씤?섏뿀?듬땲?? [E:\PROJECT\CoinFF\TradingBot\TradingBot.sln]
E:\PROJECT\CoinFF\TradingBot\TradingBot\TradingBot.csproj : warning NU1603: TradingBot depends on Hardcodet.NotifyIcon.Wpf (>= 1.2.0) but Hardcodet.NotifyIcon.Wpf 1.2.0 was not found. Hardcodet.NotifyIcon.Wpf 2.0.0 was resolved instead. [E:\PROJECT\CoinFF\TradingBot\TradingBot.sln]
E:\PROJECT\CoinFF\TradingBot\TradingBot.Tests\TradingBot.Tests.csproj : warning NU1603: TradingBot?(?? TorchSharp (>= 0.103.3)??醫낆냽?섏?留?TorchSharp 0.103.3??瑜? 李얠쓣 ???놁뒿?덈떎. ???TorchSharp 0.104.0??媛) ?뺤씤?섏뿀?듬땲?? [E:\PROJECT\CoinFF\TradingBot\TradingBot.sln]
E:\PROJECT\CoinFF\TradingBot\TradingBot\TradingBot.csproj : warning NU1603: TradingBot depends on TorchSharp (>= 0.103.3) but TorchSharp 0.103.3 was not found. TorchSharp 0.104.0 was resolved instead. [E:\PROJECT\CoinFF\TradingBot\TradingBot.sln]
E:\PROJECT\CoinFF\TradingBot\TradingBot\TradingBot.csproj : warning NU1603: TradingBot depends on TorchSharp-cpu (>= 0.103.3) but TorchSharp-cpu 0.103.3 was not found. TorchSharp-cpu 0.104.0 was resolved instead. [E:\PROJECT\CoinFF\TradingBot\TradingBot.sln]
E:\PROJECT\CoinFF\TradingBot\TradingBot\TradingBot.csproj : warning NU1701: Package 'LiveCharts 0.9.7' was restored using '.NETFramework,Version=v4.6.1, .NETFramework,Version=v4.6.2, .NETFramework,Version=v4.7, .NETFramework,Version=v4.7.1, .NETFramework,Version=v4.7.2, .NETFramework,Version=v4.8, .NETFramework,Version=v4.8.1' instead of the project target framework 'net9.0-windows7.0'. This package may not be fully compatible with your project. [E:\PROJECT\CoinFF\TradingBot\TradingBot.sln]
E:\PROJECT\CoinFF\TradingBot\TradingBot.Tests\TradingBot.Tests.csproj : warning NU1603: TradingBot?(?? TorchSharp-cpu (>= 0.103.3)??醫낆냽?섏?留?TorchSharp-cpu 0.103.3??瑜? 李얠쓣 ???놁뒿?덈떎. ???TorchSharp-cpu 0.104.0??媛) ?뺤씤?섏뿀?듬땲?? [E:\PROJECT\CoinFF\TradingBot\TradingBot.sln]
E:\PROJECT\CoinFF\TradingBot\TradingBot\TradingBot.csproj : warning NU1701: Package 'LiveCharts.Wpf 0.9.7' was restored using '.NETFramework,Version=v4.6.1, .NETFramework,Version=v4.6.2, .NETFramework,Version=v4.7, .NETFramework,Version=v4.7.1, .NETFramework,Version=v4.7.2, .NETFramework,Version=v4.8, .NETFramework,Version=v4.8.1' instead of the project target framework 'net9.0-windows7.0'. This package may not be fully compatible with your project. [E:\PROJECT\CoinFF\TradingBot\TradingBot.sln]
E:\PROJECT\CoinFF\TradingBot\TradingBot\TradingBot.csproj : warning NU1701: Package 'ReactiveUI.WPF 23.1.1' was restored using '.NETFramework,Version=v4.6.1, .NETFramework,Version=v4.6.2, .NETFramework,Version=v4.7, .NETFramework,Version=v4.7.1, .NETFramework,Version=v4.7.2, .NETFramework,Version=v4.8, .NETFramework,Version=v4.8.1' instead of the project target framework 'net9.0-windows7.0'. This package may not be fully compatible with your project. [E:\PROJECT\CoinFF\TradingBot\TradingBot.sln]
E:\PROJECT\CoinFF\TradingBot\TradingBot.Tests\TradingBot.Tests.csproj : warning NU1701: ?꾨줈?앺듃 ????꾨젅?꾩썙??'net9.0-windows7.0' ???'.NETFramework,Version=v4.6.1, .NETFramework,Version=v4.6.2, .NETFramework,Version=v4.7, .NETFramework,Version=v4.7.1, .NETFramework,Version=v4.7.2, .NETFramework,Version=v4.8, .NETFramework,Version=v4.8.1'??瑜? ?ъ슜?섏뿬 ?⑦궎吏 'LiveCharts 0.9.7'??瑜? 蹂듭썝?덉뒿?덈떎. ???⑦궎吏???꾨줈?앺듃? ?꾨꼍?섍쾶 ?명솚?섏? ?딆쓣 ???덉뒿?덈떎. [E:\PROJECT\CoinFF\TradingBot\TradingBot.sln]
E:\PROJECT\CoinFF\TradingBot\TradingBot.Tests\TradingBot.Tests.csproj : warning NU1701: ?꾨줈?앺듃 ????꾨젅?꾩썙??'net9.0-windows7.0' ???'.NETFramework,Version=v4.6.1, .NETFramework,Version=v4.6.2, .NETFramework,Version=v4.7, .NETFramework,Version=v4.7.1, .NETFramework,Version=v4.7.2, .NETFramework,Version=v4.8, .NETFramework,Version=v4.8.1'??瑜? ?ъ슜?섏뿬 ?⑦궎吏 'LiveCharts.Wpf 0.9.7'??瑜? 蹂듭썝?덉뒿?덈떎. ???⑦궎吏???꾨줈?앺듃? ?꾨꼍?섍쾶 ?명솚?섏? ?딆쓣 ???덉뒿?덈떎. [E:\PROJECT\CoinFF\TradingBot\TradingBot.sln]
E:\PROJECT\CoinFF\TradingBot\TradingBot.Tests\TradingBot.Tests.csproj : warning NU1701: ?꾨줈?앺듃 ????꾨젅?꾩썙??'net9.0-windows7.0' ???'.NETFramework,Version=v4.6.1, .NETFramework,Version=v4.6.2, .NETFramework,Version=v4.7, .NETFramework,Version=v4.7.1, .NETFramework,Version=v4.7.2, .NETFramework,Version=v4.8, .NETFramework,Version=v4.8.1'??瑜? ?ъ슜?섏뿬 ?⑦궎吏 'ReactiveUI.WPF 23.1.1'??瑜? 蹂듭썝?덉뒿?덈떎. ???⑦궎吏???꾨줈?앺듃? ?꾨꼍?섍쾶 ?명솚?섏? ?딆쓣 ???덉뒿?덈떎. [E:\PROJECT\CoinFF\TradingBot\TradingBot.sln]
  蹂듭썝??紐⑤뱺 ?꾨줈?앺듃媛 理쒖떊 ?곹깭?낅땲??
E:\PROJECT\CoinFF\TradingBot\TradingBot.Tests\TradingBot.Tests.csproj : warning NU1603: TradingBot?(?? Hardcodet.NotifyIcon.Wpf (>= 1.2.0)??醫낆냽?섏?留?Hardcodet.NotifyIcon.Wpf 1.2.0??瑜? 李얠쓣 ???놁뒿?덈떎. ???Hardcodet.NotifyIcon.Wpf 2.0.0??媛) ?뺤씤?섏뿀?듬땲??
E:\PROJECT\CoinFF\TradingBot\TradingBot.Tests\TradingBot.Tests.csproj : warning NU1603: TradingBot?(?? TorchSharp (>= 0.103.3)??醫낆냽?섏?留?TorchSharp 0.103.3??瑜? 李얠쓣 ???놁뒿?덈떎. ???TorchSharp 0.104.0??媛) ?뺤씤?섏뿀?듬땲??
E:\PROJECT\CoinFF\TradingBot\TradingBot.Tests\TradingBot.Tests.csproj : warning NU1603: TradingBot?(?? TorchSharp-cpu (>= 0.103.3)??醫낆냽?섏?留?TorchSharp-cpu 0.103.3??瑜? 李얠쓣 ???놁뒿?덈떎. ???TorchSharp-cpu 0.104.0??媛) ?뺤씤?섏뿀?듬땲??
E:\PROJECT\CoinFF\TradingBot\TradingBot.Tests\TradingBot.Tests.csproj : warning NU1701: ?꾨줈?앺듃 ????꾨젅?꾩썙??'net9.0-windows7.0' ???'.NETFramework,Version=v4.6.1, .NETFramework,Version=v4.6.2, .NETFramework,Version=v4.7, .NETFramework,Version=v4.7.1, .NETFramework,Version=v4.7.2, .NETFramework,Version=v4.8, .NETFramework,Version=v4.8.1'??瑜? ?ъ슜?섏뿬 ?⑦궎吏 'LiveCharts 0.9.7'??瑜? 蹂듭썝?덉뒿?덈떎. ???⑦궎吏???꾨줈?앺듃? ?꾨꼍?섍쾶 ?명솚?섏? ?딆쓣 ???덉뒿?덈떎.
E:\PROJECT\CoinFF\TradingBot\TradingBot.Tests\TradingBot.Tests.csproj : warning NU1701: ?꾨줈?앺듃 ????꾨젅?꾩썙??'net9.0-windows7.0' ???'.NETFramework,Version=v4.6.1, .NETFramework,Version=v4.6.2, .NETFramework,Version=v4.7, .NETFramework,Version=v4.7.1, .NETFramework,Version=v4.7.2, .NETFramework,Version=v4.8, .NETFramework,Version=v4.8.1'??瑜? ?ъ슜?섏뿬 ?⑦궎吏 'LiveCharts.Wpf 0.9.7'??瑜? 蹂듭썝?덉뒿?덈떎. ???⑦궎吏???꾨줈?앺듃? ?꾨꼍?섍쾶 ?명솚?섏? ?딆쓣 ???덉뒿?덈떎.
E:\PROJECT\CoinFF\TradingBot\TradingBot.Tests\TradingBot.Tests.csproj : warning NU1701: ?꾨줈?앺듃 ????꾨젅?꾩썙??'net9.0-windows7.0' ???'.NETFramework,Version=v4.6.1, .NETFramework,Version=v4.6.2, .NETFramework,Version=v4.7, .NETFramework,Version=v4.7.1, .NETFramework,Version=v4.7.2, .NETFramework,Version=v4.8, .NETFramework,Version=v4.8.1'??瑜? ?ъ슜?섏뿬 ?⑦궎吏 'ReactiveUI.WPF 23.1.1'??瑜? 蹂듭썝?덉뒿?덈떎. ???⑦궎吏???꾨줈?앺듃? ?꾨꼍?섍쾶 ?명솚?섏? ?딆쓣 ???덉뒿?덈떎.
  TradingBot.Shared -> E:\PROJECT\CoinFF\TradingBot\TradingBot.Shared\bin\Debug\net9.0\TradingBot.Shared.dll
E:\PROJECT\CoinFF\TradingBot\TradingBot\TradingBot.csproj : warning NU1603: TradingBot depends on Hardcodet.NotifyIcon.Wpf (>= 1.2.0) but Hardcodet.NotifyIcon.Wpf 1.2.0 was not found. Hardcodet.NotifyIcon.Wpf 2.0.0 was resolved instead.
E:\PROJECT\CoinFF\TradingBot\TradingBot\TradingBot.csproj : warning NU1603: TradingBot depends on TorchSharp (>= 0.103.3) but TorchSharp 0.103.3 was not found. TorchSharp 0.104.0 was resolved instead.
E:\PROJECT\CoinFF\TradingBot\TradingBot\TradingBot.csproj : warning NU1603: TradingBot depends on TorchSharp-cpu (>= 0.103.3) but TorchSharp-cpu 0.103.3 was not found. TorchSharp-cpu 0.104.0 was resolved instead.
E:\PROJECT\CoinFF\TradingBot\TradingBot\TradingBot.csproj : warning NU1701: Package 'LiveCharts 0.9.7' was restored using '.NETFramework,Version=v4.6.1, .NETFramework,Version=v4.6.2, .NETFramework,Version=v4.7, .NETFramework,Version=v4.7.1, .NETFramework,Version=v4.7.2, .NETFramework,Version=v4.8, .NETFramework,Version=v4.8.1' instead of the project target framework 'net9.0-windows7.0'. This package may not be fully compatible with your project.
E:\PROJECT\CoinFF\TradingBot\TradingBot\TradingBot.csproj : warning NU1701: Package 'LiveCharts.Wpf 0.9.7' was restored using '.NETFramework,Version=v4.6.1, .NETFramework,Version=v4.6.2, .NETFramework,Version=v4.7, .NETFramework,Version=v4.7.1, .NETFramework,Version=v4.7.2, .NETFramework,Version=v4.8, .NETFramework,Version=v4.8.1' instead of the project target framework 'net9.0-windows7.0'. This package may not be fully compatible with your project.
E:\PROJECT\CoinFF\TradingBot\TradingBot\TradingBot.csproj : warning NU1701: Package 'ReactiveUI.WPF 23.1.1' was restored using '.NETFramework,Version=v4.6.1, .NETFramework,Version=v4.6.2, .NETFramework,Version=v4.7, .NETFramework,Version=v4.7.1, .NETFramework,Version=v4.7.2, .NETFramework,Version=v4.8, .NETFramework,Version=v4.8.1' instead of the project target framework 'net9.0-windows7.0'. This package may not be fully compatible with your project.
C:\Program Files\dotnet\packs\Microsoft.Android.Sdk.Windows\35.0.105\tools\Xamarin.Android.Tooling.targets(62,5): error XA5300: Android SDK ?붾젆?곕━瑜?李얠쓣 ???놁뒿?덈떎. ?ㅼ쓬 吏移⑥뿉 ?곕씪 Android SDK ?ㅼ튂?섏꽭?? https://aka.ms/dotnet-android-install-sdk [E:\PROJECT\CoinFF\TradingBot\TradingBot\Mobile\CoinFF.Mobile.csproj::TargetFramework=net9.0-android]
C:\Program Files\dotnet\packs\Microsoft.Android.Sdk.Windows\35.0.105\tools\Xamarin.Android.Tooling.targets(62,5): error XA5300: 紐낅졊以?鍮뚮뱶???ъ슜??吏??SDK 寃쎈줈瑜??ъ슜?섎젮硫?'AndroidSdkDirectory' MSBuild ?띿꽦???ъ슜??吏??寃쎈줈濡??ㅼ젙?⑸땲?? [E:\PROJECT\CoinFF\TradingBot\TradingBot\Mobile\CoinFF.Mobile.csproj::TargetFramework=net9.0-android]
  CoinFF.Mobile -> E:\PROJECT\CoinFF\TradingBot\TradingBot\Mobile\bin\Debug\net9.0-maccatalyst\maccatalyst-x64\CoinFF.Mobile.dll
  CoinFF.Mobile -> E:\PROJECT\CoinFF\TradingBot\TradingBot\Mobile\bin\Debug\net9.0-ios\iossimulator-x64\CoinFF.Mobile.dll
E:\PROJECT\CoinFF\TradingBot\TradingBot\TradingBot_o5dlqudd_wpftmp.csproj : warning NU1603: TradingBot depends on Hardcodet.NotifyIcon.Wpf (>= 1.2.0) but Hardcodet.NotifyIcon.Wpf 1.2.0 was not found. Hardcodet.NotifyIcon.Wpf 2.0.0 was resolved instead.
E:\PROJECT\CoinFF\TradingBot\TradingBot\TradingBot_o5dlqudd_wpftmp.csproj : warning NU1603: TradingBot depends on TorchSharp (>= 0.103.3) but TorchSharp 0.103.3 was not found. TorchSharp 0.104.0 was resolved instead.
E:\PROJECT\CoinFF\TradingBot\TradingBot\TradingBot_o5dlqudd_wpftmp.csproj : warning NU1603: TradingBot depends on TorchSharp-cpu (>= 0.103.3) but TorchSharp-cpu 0.103.3 was not found. TorchSharp-cpu 0.104.0 was resolved instead.
E:\PROJECT\CoinFF\TradingBot\TradingBot\TradingBot_o5dlqudd_wpftmp.csproj : warning NU1701: Package 'LiveCharts 0.9.7' was restored using '.NETFramework,Version=v4.6.1, .NETFramework,Version=v4.6.2, .NETFramework,Version=v4.7, .NETFramework,Version=v4.7.1, .NETFramework,Version=v4.7.2, .NETFramework,Version=v4.8, .NETFramework,Version=v4.8.1' instead of the project target framework 'net9.0-windows7.0'. This package may not be fully compatible with your project.
E:\PROJECT\CoinFF\TradingBot\TradingBot\TradingBot_o5dlqudd_wpftmp.csproj : warning NU1701: Package 'LiveCharts.Wpf 0.9.7' was restored using '.NETFramework,Version=v4.6.1, .NETFramework,Version=v4.6.2, .NETFramework,Version=v4.7, .NETFramework,Version=v4.7.1, .NETFramework,Version=v4.7.2, .NETFramework,Version=v4.8, .NETFramework,Version=v4.8.1' instead of the project target framework 'net9.0-windows7.0'. This package may not be fully compatible with your project.
E:\PROJECT\CoinFF\TradingBot\TradingBot\TradingBot_o5dlqudd_wpftmp.csproj : warning NU1701: Package 'ReactiveUI.WPF 23.1.1' was restored using '.NETFramework,Version=v4.6.1, .NETFramework,Version=v4.6.2, .NETFramework,Version=v4.7, .NETFramework,Version=v4.7.1, .NETFramework,Version=v4.7.2, .NETFramework,Version=v4.8, .NETFramework,Version=v4.8.1' instead of the project target framework 'net9.0-windows7.0'. This package may not be fully compatible with your project.
E:\PROJECT\CoinFF\TradingBot\TradingBot.Web\Components\UI\TradingViewChart.razor(21,28): warning CS1998: ??鍮꾨룞湲?硫붿꽌?쒖뿉??'await' ?곗궛?먭? ?놁쑝硫?硫붿꽌?쒓? ?숈떆???ㅽ뻾?⑸땲?? 'await' ?곗궛?먮? ?ъ슜?섏뿬 鍮꾨툝濡쒗궧 API ?몄텧???湲고븯嫄곕굹, 'await Task.Run(...)'???ъ슜?섏뿬 諛깃렇?쇱슫???ㅻ젅?쒖뿉??CPU 諛붿씤?⑸맂 ?묒뾽???섑뻾?섏꽭?? [E:\PROJECT\CoinFF\TradingBot\TradingBot.Web\TradingBot.Web.csproj]
E:\PROJECT\CoinFF\TradingBot\TradingBot.Web\Components\UI\TradingViewChart.razor(8,33): warning CS0169: 'TradingViewChart.chartModule' ?꾨뱶媛 ?ъ슜?섏? ?딆븯?듬땲?? [E:\PROJECT\CoinFF\TradingBot\TradingBot.Web\TradingBot.Web.csproj]
E:\PROJECT\CoinFF\TradingBot\TradingBot\TimeSeriesDataLoader.cs(33,146): warning CS8625: Null 由ы꽣?댁쓣 null???덉슜?섏? ?딅뒗 李몄“ ?뺤떇?쇰줈 蹂?섑븷 ???놁뒿?덈떎. [E:\PROJECT\CoinFF\TradingBot\TradingBot\TradingBot_o5dlqudd_wpftmp.csproj]
E:\PROJECT\CoinFF\TradingBot\TradingBot\TelegramService.cs(206,134): warning CS8625: Null 由ы꽣?댁쓣 null???덉슜?섏? ?딅뒗 李몄“ ?뺤떇?쇰줈 蹂?섑븷 ???놁뒿?덈떎. [E:\PROJECT\CoinFF\TradingBot\TradingBot\TradingBot_o5dlqudd_wpftmp.csproj]
E:\PROJECT\CoinFF\TradingBot\TradingBot\TelegramService.cs(223,79): warning CS8625: Null 由ы꽣?댁쓣 null???덉슜?섏? ?딅뒗 李몄“ ?뺤떇?쇰줈 蹂?섑븷 ???놁뒿?덈떎. [E:\PROJECT\CoinFF\TradingBot\TradingBot\TradingBot_o5dlqudd_wpftmp.csproj]
E:\PROJECT\CoinFF\TradingBot\TradingBot\TelegramService.cs(244,69): warning CS8625: Null 由ы꽣?댁쓣 null???덉슜?섏? ?딅뒗 李몄“ ?뺤떇?쇰줈 蹂?섑븷 ???놁뒿?덈떎. [E:\PROJECT\CoinFF\TradingBot\TradingBot\TradingBot_o5dlqudd_wpftmp.csproj]
E:\PROJECT\CoinFF\TradingBot\TradingBot\MLService.cs(14,12): warning CS8618: null???덉슜?섏? ?딅뒗 ?꾨뱶 '_model'?(?? ?앹꽦?먮? 醫낅즺????null???꾨땶 媛믪쓣 ?ы븿?댁빞 ?⑸땲?? 'required' ?쒖젙?먮? 異붽??섍굅???꾨뱶??瑜? nullable濡??좎뼵?섎뒗 寃껋씠 醫뗭뒿?덈떎. [E:\PROJECT\CoinFF\TradingBot\TradingBot\TradingBot_o5dlqudd_wpftmp.csproj]
E:\PROJECT\CoinFF\TradingBot\TradingBot\MLService.cs(14,12): warning CS8618: null???덉슜?섏? ?딅뒗 ?꾨뱶 '_predictionEngine'?(?? ?앹꽦?먮? 醫낅즺????null???꾨땶 媛믪쓣 ?ы븿?댁빞 ?⑸땲?? 'required' ?쒖젙?먮? 異붽??섍굅???꾨뱶??瑜? nullable濡??좎뼵?섎뒗 寃껋씠 醫뗭뒿?덈떎. [E:\PROJECT\CoinFF\TradingBot\TradingBot\TradingBot_o5dlqudd_wpftmp.csproj]
E:\PROJECT\CoinFF\TradingBot\TradingBot\MLService.cs(49,47): warning CS8603: 媛?ν븳 null 李몄“ 諛섑솚?낅땲?? [E:\PROJECT\CoinFF\TradingBot\TradingBot\TradingBot_o5dlqudd_wpftmp.csproj]
E:\PROJECT\CoinFF\TradingBot\TradingBot\TradingEngine.cs(228,17): warning CS4014: ???몄텧???湲곕릺吏 ?딆쑝誘濡??몄텧???꾨즺?섍린 ?꾩뿉 ?꾩옱 硫붿꽌?쒓? 怨꾩냽 ?ㅽ뻾?⑸땲?? ?몄텧 寃곌낵??'await' ?곗궛?먮? ?곸슜??蹂댁꽭?? [E:\PROJECT\CoinFF\TradingBot\TradingBot\TradingBot_o5dlqudd_wpftmp.csproj]
E:\PROJECT\CoinFF\TradingBot\TradingBot\TradingEngine.cs(346,17): warning CS4014: ???몄텧???湲곕릺吏 ?딆쑝誘濡??몄텧???꾨즺?섍린 ?꾩뿉 ?꾩옱 硫붿꽌?쒓? 怨꾩냽 ?ㅽ뻾?⑸땲?? ?몄텧 寃곌낵??'await' ?곗궛?먮? ?곸슜??蹂댁꽭?? [E:\PROJECT\CoinFF\TradingBot\TradingBot\TradingBot_o5dlqudd_wpftmp.csproj]
E:\PROJECT\CoinFF\TradingBot\TradingBot\Services\WebServerService.cs(91,53): warning CS8602: null 媛??李몄“???????갭議곗엯?덈떎. [E:\PROJECT\CoinFF\TradingBot\TradingBot\TradingBot_o5dlqudd_wpftmp.csproj]
E:\PROJECT\CoinFF\TradingBot\TradingBot\Services\WebServerService.cs(96,58): warning CS8602: null 媛??李몄“???????갭議곗엯?덈떎. [E:\PROJECT\CoinFF\TradingBot\TradingBot\TradingBot_o5dlqudd_wpftmp.csproj]
E:\PROJECT\CoinFF\TradingBot\TradingBot\Services\WebServerService.cs(101,57): warning CS8602: null 媛??李몄“???????갭議곗엯?덈떎. [E:\PROJECT\CoinFF\TradingBot\TradingBot\TradingBot_o5dlqudd_wpftmp.csproj]
E:\PROJECT\CoinFF\TradingBot\TradingBot\Services\WebServerService.cs(105,57): warning CS8602: null 媛??李몄“???????갭議곗엯?덈떎. [E:\PROJECT\CoinFF\TradingBot\TradingBot\TradingBot_o5dlqudd_wpftmp.csproj]
E:\PROJECT\CoinFF\TradingBot\TradingBot\Services\WebServerService.cs(112,57): warning CS8602: null 媛??李몄“???????갭議곗엯?덈떎. [E:\PROJECT\CoinFF\TradingBot\TradingBot\TradingBot_o5dlqudd_wpftmp.csproj]
E:\PROJECT\CoinFF\TradingBot\TradingBot\Services\WebServerService.cs(116,58): warning CS8602: null 媛??李몄“???????갭議곗엯?덈떎. [E:\PROJECT\CoinFF\TradingBot\TradingBot\TradingBot_o5dlqudd_wpftmp.csproj]
E:\PROJECT\CoinFF\TradingBot\TradingBot\App.xaml.cs(192,17): warning CS0162: ?묎렐?????녿뒗 肄붾뱶媛 ?덉뒿?덈떎. [E:\PROJECT\CoinFF\TradingBot\TradingBot\TradingBot_o5dlqudd_wpftmp.csproj]
E:\PROJECT\CoinFF\TradingBot\TradingBot\TradingEngine.cs(424,46): warning CS8604: 'PositionInfo Dictionary<string, PositionInfo>.this[string key]'??留ㅺ컻 蹂??'key'?????媛?ν븳 null 李몄“ ?몄닔?낅땲?? [E:\PROJECT\CoinFF\TradingBot\TradingBot\TradingBot_o5dlqudd_wpftmp.csproj]
E:\PROJECT\CoinFF\TradingBot\TradingBot\Services\PortfolioRebalancingService.cs(46,27): warning CS1998: ??鍮꾨룞湲?硫붿꽌?쒖뿉??'await' ?곗궛?먭? ?놁쑝硫?硫붿꽌?쒓? ?숈떆???ㅽ뻾?⑸땲?? 'await' ?곗궛?먮? ?ъ슜?섏뿬 鍮꾨툝濡쒗궧 API ?몄텧???湲고븯嫄곕굹, 'await Task.Run(...)'???ъ슜?섏뿬 諛깃렇?쇱슫???ㅻ젅?쒖뿉??CPU 諛붿씤?⑸맂 ?묒뾽???섑뻾?섏꽭?? [E:\PROJECT\CoinFF\TradingBot\TradingBot\TradingBot_o5dlqudd_wpftmp.csproj]
E:\PROJECT\CoinFF\TradingBot\TradingBot\Services\NotificationService.cs(102,27): warning CS1998: ??鍮꾨룞湲?硫붿꽌?쒖뿉??'await' ?곗궛?먭? ?놁쑝硫?硫붿꽌?쒓? ?숈떆???ㅽ뻾?⑸땲?? 'await' ?곗궛?먮? ?ъ슜?섏뿬 鍮꾨툝濡쒗궧 API ?몄텧???湲고븯嫄곕굹, 'await Task.Run(...)'???ъ슜?섏뿬 諛깃렇?쇱슫???ㅻ젅?쒖뿉??CPU 諛붿씤?⑸맂 ?묒뾽???섑뻾?섏꽭?? [E:\PROJECT\CoinFF\TradingBot\TradingBot\TradingBot_o5dlqudd_wpftmp.csproj]
E:\PROJECT\CoinFF\TradingBot\TradingBot\BacktestViewModel.cs(49,25): warning CS8602: null 媛??李몄“???????갭議곗엯?덈떎. [E:\PROJECT\CoinFF\TradingBot\TradingBot\TradingBot_o5dlqudd_wpftmp.csproj]
E:\PROJECT\CoinFF\TradingBot\TradingBot\BacktestViewModel.cs(22,16): warning CS8618: null???덉슜?섏? ?딅뒗 ?띿꽦 'ChartSeries'?(?? ?앹꽦?먮? 醫낅즺????null???꾨땶 媛믪쓣 ?ы븿?댁빞 ?⑸땲?? 'required' ?쒖젙?먮? 異붽??섍굅???띿꽦??瑜? nullable濡??좎뼵?섎뒗 寃껋씠 醫뗭뒿?덈떎. [E:\PROJECT\CoinFF\TradingBot\TradingBot\TradingBot_o5dlqudd_wpftmp.csproj]
E:\PROJECT\CoinFF\TradingBot\TradingBot\BacktestViewModel.cs(22,16): warning CS8618: null???덉슜?섏? ?딅뒗 ?띿꽦 'Labels'?(?? ?앹꽦?먮? 醫낅즺????null???꾨땶 媛믪쓣 ?ы븿?댁빞 ?⑸땲?? 'required' ?쒖젙?먮? 異붽??섍굅???띿꽦??瑜? nullable濡??좎뼵?섎뒗 寃껋씠 醫뗭뒿?덈떎. [E:\PROJECT\CoinFF\TradingBot\TradingBot\TradingBot_o5dlqudd_wpftmp.csproj]
E:\PROJECT\CoinFF\TradingBot\TradingBot\MainViewModel.cs(187,16): warning CS8618: null???덉슜?섏? ?딅뒗 ?꾨뱶 '_selectedSymbol'?(?? ?앹꽦?먮? 醫낅즺????null???꾨땶 媛믪쓣 ?ы븿?댁빞 ?⑸땲?? 'required' ?쒖젙?먮? 異붽??섍굅???꾨뱶??瑜? nullable濡??좎뼵?섎뒗 寃껋씠 醫뗭뒿?덈떎. [E:\PROJECT\CoinFF\TradingBot\TradingBot\TradingBot_o5dlqudd_wpftmp.csproj]
E:\PROJECT\CoinFF\TradingBot\TradingBot\TradeStatisticsWindow.xaml.cs(32,16): warning CS8618: null???덉슜?섏? ?딅뒗 ?띿꽦 'WinRateSeries'?(?? ?앹꽦?먮? 醫낅즺????null???꾨땶 媛믪쓣 ?ы븿?댁빞 ?⑸땲?? 'required' ?쒖젙?먮? 異붽??섍굅???띿꽦??瑜? nullable濡??좎뼵?섎뒗 寃껋씠 醫뗭뒿?덈떎. [E:\PROJECT\CoinFF\TradingBot\TradingBot\TradingBot_o5dlqudd_wpftmp.csproj]
E:\PROJECT\CoinFF\TradingBot\TradingBot\TradeStatisticsWindow.xaml.cs(32,16): warning CS8618: null???덉슜?섏? ?딅뒗 ?띿꽦 'CumulativeProfitSeries'?(?? ?앹꽦?먮? 醫낅즺????null???꾨땶 媛믪쓣 ?ы븿?댁빞 ?⑸땲?? 'required' ?쒖젙?먮? 異붽??섍굅???띿꽦??瑜? nullable濡??좎뼵?섎뒗 寃껋씠 醫뗭뒿?덈떎. [E:\PROJECT\CoinFF\TradingBot\TradingBot\TradingBot_o5dlqudd_wpftmp.csproj]
E:\PROJECT\CoinFF\TradingBot\TradingBot\TradeStatisticsWindow.xaml.cs(32,16): warning CS8618: null???덉슜?섏? ?딅뒗 ?띿꽦 'HourlyProfitSeries'?(?? ?앹꽦?먮? 醫낅즺????null???꾨땶 媛믪쓣 ?ы븿?댁빞 ?⑸땲?? 'required' ?쒖젙?먮? 異붽??섍굅???띿꽦??瑜? nullable濡??좎뼵?섎뒗 寃껋씠 醫뗭뒿?덈떎. [E:\PROJECT\CoinFF\TradingBot\TradingBot\TradingBot_o5dlqudd_wpftmp.csproj]
E:\PROJECT\CoinFF\TradingBot\TradingBot\TradeStatisticsWindow.xaml.cs(32,16): warning CS8618: null???덉슜?섏? ?딅뒗 ?띿꽦 'HourlyLabels'?(?? ?앹꽦?먮? 醫낅즺????null???꾨땶 媛믪쓣 ?ы븿?댁빞 ?⑸땲?? 'required' ?쒖젙?먮? 異붽??섍굅???띿꽦??瑜? nullable濡??좎뼵?섎뒗 寃껋씠 醫뗭뒿?덈떎. [E:\PROJECT\CoinFF\TradingBot\TradingBot\TradingBot_o5dlqudd_wpftmp.csproj]
E:\PROJECT\CoinFF\TradingBot\TradingBot\TradeStatisticsWindow.xaml.cs(32,16): warning CS8618: null???덉슜?섏? ?딅뒗 ?띿꽦 'TradeLabels'?(?? ?앹꽦?먮? 醫낅즺????null???꾨땶 媛믪쓣 ?ы븿?댁빞 ?⑸땲?? 'required' ?쒖젙?먮? 異붽??섍굅???띿꽦??瑜? nullable濡??좎뼵?섎뒗 寃껋씠 醫뗭뒿?덈떎. [E:\PROJECT\CoinFF\TradingBot\TradingBot\TradingBot_o5dlqudd_wpftmp.csproj]
E:\PROJECT\CoinFF\TradingBot\TradingBot\TradeStatisticsWindow.xaml.cs(32,16): warning CS8618: null???덉슜?섏? ?딅뒗 ?꾨뱶 '_summaryText'?(?? ?앹꽦?먮? 醫낅즺????null???꾨땶 媛믪쓣 ?ы븿?댁빞 ?⑸땲?? 'required' ?쒖젙?먮? 異붽??섍굅???꾨뱶??瑜? nullable濡??좎뼵?섎뒗 寃껋씠 醫뗭뒿?덈떎. [E:\PROJECT\CoinFF\TradingBot\TradingBot\TradingBot_o5dlqudd_wpftmp.csproj]
E:\PROJECT\CoinFF\TradingBot\TradingBot\BybitExchangeService.cs(496,33): warning CS1998: ??鍮꾨룞湲?硫붿꽌?쒖뿉??'await' ?곗궛?먭? ?놁쑝硫?硫붿꽌?쒓? ?숈떆???ㅽ뻾?⑸땲?? 'await' ?곗궛?먮? ?ъ슜?섏뿬 鍮꾨툝濡쒗궧 API ?몄텧???湲고븯嫄곕굹, 'await Task.Run(...)'???ъ슜?섏뿬 諛깃렇?쇱슫???ㅻ젅?쒖뿉??CPU 諛붿씤?⑸맂 ?묒뾽???섑뻾?섏꽭?? [E:\PROJECT\CoinFF\TradingBot\TradingBot\TradingBot_o5dlqudd_wpftmp.csproj]
E:\PROJECT\CoinFF\TradingBot\TradingBot\MainViewModel.cs(705,21): warning CS8604: 'Task<WebCallResult<IBinanceKline[]>> IBinanceRestClientUsdFuturesApiExchangeData.GetKlinesAsync(string symbol, KlineInterval interval, DateTime? startTime = null, DateTime? endTime = null, int? limit = null, CancellationToken ct = default(CancellationToken))'??留ㅺ컻 蹂??'symbol'?????媛?ν븳 null 李몄“ ?몄닔?낅땲?? [E:\PROJECT\CoinFF\TradingBot\TradingBot\TradingBot_o5dlqudd_wpftmp.csproj]
E:\PROJECT\CoinFF\TradingBot\TradingBot\DatabaseService.cs(84,32): warning CS8600: null 由ы꽣???먮뒗 媛?ν븳 null 媛믪쓣 null???덉슜?섏? ?딅뒗 ?뺤떇?쇰줈 蹂?섑븯??以묒엯?덈떎. [E:\PROJECT\CoinFF\TradingBot\TradingBot\TradingBot_o5dlqudd_wpftmp.csproj]
E:\PROJECT\CoinFF\TradingBot\TradingBot\DatabaseService.cs(85,73): warning CS8604: 'DirectoryInfo Directory.CreateDirectory(string path)'??留ㅺ컻 蹂??'path'?????媛?ν븳 null 李몄“ ?몄닔?낅땲?? [E:\PROJECT\CoinFF\TradingBot\TradingBot\TradingBot_o5dlqudd_wpftmp.csproj]
E:\PROJECT\CoinFF\TradingBot\TradingBot\DatabaseService.cs(145,32): warning CS8602: null 媛??李몄“???????갭議곗엯?덈떎. [E:\PROJECT\CoinFF\TradingBot\TradingBot\TradingBot_o5dlqudd_wpftmp.csproj]
E:\PROJECT\CoinFF\TradingBot\TradingBot\DatabaseService.cs(145,32): warning CS8602: null 媛??李몄“???????갭議곗엯?덈떎. [E:\PROJECT\CoinFF\TradingBot\TradingBot\TradingBot_o5dlqudd_wpftmp.csproj]
E:\PROJECT\CoinFF\TradingBot\TradingBot\DatabaseService.cs(303,28): warning CS8603: 媛?ν븳 null 李몄“ 諛섑솚?낅땲?? [E:\PROJECT\CoinFF\TradingBot\TradingBot\TradingBot_o5dlqudd_wpftmp.csproj]
E:\PROJECT\CoinFF\TradingBot\TradingBot\DatabaseService.cs(309,20): warning CS8603: 媛?ν븳 null 李몄“ 諛섑솚?낅땲?? [E:\PROJECT\CoinFF\TradingBot\TradingBot\TradingBot_o5dlqudd_wpftmp.csproj]
E:\PROJECT\CoinFF\TradingBot\TradingBot\LoginWindow.xaml.cs(16,16): warning CS8618: null???덉슜?섏? ?딅뒗 ?꾨뱶 '_dbService'?(?? ?앹꽦?먮? 醫낅즺????null???꾨땶 媛믪쓣 ?ы븿?댁빞 ?⑸땲?? 'required' ?쒖젙?먮? 異붽??섍굅???꾨뱶??瑜? nullable濡??좎뼵?섎뒗 寃껋씠 醫뗭뒿?덈떎. [E:\PROJECT\CoinFF\TradingBot\TradingBot\TradingBot_o5dlqudd_wpftmp.csproj]
E:\PROJECT\CoinFF\TradingBot\TradingBot\DatabaseService.cs(332,20): warning CS8603: 媛?ν븳 null 李몄“ 諛섑솚?낅땲?? [E:\PROJECT\CoinFF\TradingBot\TradingBot\TradingBot_o5dlqudd_wpftmp.csproj]
E:\PROJECT\CoinFF\TradingBot\TradingBot\User.cs(6,23): warning CS8618: null???덉슜?섏? ?딅뒗 ?띿꽦 'Username'?(?? ?앹꽦?먮? 醫낅즺????null???꾨땶 媛믪쓣 ?ы븿?댁빞 ?⑸땲?? 'required' ?쒖젙?먮? 異붽??섍굅???띿꽦??瑜? nullable濡??좎뼵?섎뒗 寃껋씠 醫뗭뒿?덈떎. [E:\PROJECT\CoinFF\TradingBot\TradingBot\TradingBot_o5dlqudd_wpftmp.csproj]
E:\PROJECT\CoinFF\TradingBot\TradingBot\User.cs(7,23): warning CS8618: null???덉슜?섏? ?딅뒗 ?띿꽦 'Email'?(?? ?앹꽦?먮? 醫낅즺????null???꾨땶 媛믪쓣 ?ы븿?댁빞 ?⑸땲?? 'required' ?쒖젙?먮? 異붽??섍굅???띿꽦??瑜? nullable濡??좎뼵?섎뒗 寃껋씠 醫뗭뒿?덈떎. [E:\PROJECT\CoinFF\TradingBot\TradingBot\TradingBot_o5dlqudd_wpftmp.csproj]
E:\PROJECT\CoinFF\TradingBot\TradingBot\User.cs(8,23): warning CS8618: null???덉슜?섏? ?딅뒗 ?띿꽦 'PasswordHash'?(?? ?앹꽦?먮? 醫낅즺????null???꾨땶 媛믪쓣 ?ы븿?댁빞 ?⑸땲?? 'required' ?쒖젙?먮? 異붽??섍굅???띿꽦??瑜? nullable濡??좎뼵?섎뒗 寃껋씠 醫뗭뒿?덈떎. [E:\PROJECT\CoinFF\TradingBot\TradingBot\TradingBot_o5dlqudd_wpftmp.csproj]
E:\PROJECT\CoinFF\TradingBot\TradingBot\User.cs(9,23): warning CS8618: null???덉슜?섏? ?딅뒗 ?띿꽦 'BinanceApiKey'?(?? ?앹꽦?먮? 醫낅즺????null???꾨땶 媛믪쓣 ?ы븿?댁빞 ?⑸땲?? 'required' ?쒖젙?먮? 異붽??섍굅???띿꽦??瑜? nullable濡??좎뼵?섎뒗 寃껋씠 醫뗭뒿?덈떎. [E:\PROJECT\CoinFF\TradingBot\TradingBot\TradingBot_o5dlqudd_wpftmp.csproj]
E:\PROJECT\CoinFF\TradingBot\TradingBot\User.cs(10,23): warning CS8618: null???덉슜?섏? ?딅뒗 ?띿꽦 'BinanceApiSecret'?(?? ?앹꽦?먮? 醫낅즺????null???꾨땶 媛믪쓣 ?ы븿?댁빞 ?⑸땲?? 'required' ?쒖젙?먮? 異붽??섍굅???띿꽦??瑜? nullable濡??좎뼵?섎뒗 寃껋씠 醫뗭뒿?덈떎. [E:\PROJECT\CoinFF\TradingBot\TradingBot\TradingBot_o5dlqudd_wpftmp.csproj]
E:\PROJECT\CoinFF\TradingBot\TradingBot\User.cs(11,23): warning CS8618: null???덉슜?섏? ?딅뒗 ?띿꽦 'TelegramBotToken'?(?? ?앹꽦?먮? 醫낅즺????null???꾨땶 媛믪쓣 ?ы븿?댁빞 ?⑸땲?? 'required' ?쒖젙?먮? 異붽??섍굅???띿꽦??瑜? nullable濡??좎뼵?섎뒗 寃껋씠 醫뗭뒿?덈떎. [E:\PROJECT\CoinFF\TradingBot\TradingBot\TradingBot_o5dlqudd_wpftmp.csproj]
E:\PROJECT\CoinFF\TradingBot\TradingBot\User.cs(12,23): warning CS8618: null???덉슜?섏? ?딅뒗 ?띿꽦 'TelegramChatId'?(?? ?앹꽦?먮? 醫낅즺????null???꾨땶 媛믪쓣 ?ы븿?댁빞 ?⑸땲?? 'required' ?쒖젙?먮? 異붽??섍굅???띿꽦??瑜? nullable濡??좎뼵?섎뒗 寃껋씠 醫뗭뒿?덈떎. [E:\PROJECT\CoinFF\TradingBot\TradingBot\TradingBot_o5dlqudd_wpftmp.csproj]
E:\PROJECT\CoinFF\TradingBot\TradingBot\User.cs(13,23): warning CS8618: null???덉슜?섏? ?딅뒗 ?띿꽦 'BybitApiKey'?(?? ?앹꽦?먮? 醫낅즺????null???꾨땶 媛믪쓣 ?ы븿?댁빞 ?⑸땲?? 'required' ?쒖젙?먮? 異붽??섍굅???띿꽦??瑜? nullable濡??좎뼵?섎뒗 寃껋씠 醫뗭뒿?덈떎. [E:\PROJECT\CoinFF\TradingBot\TradingBot\TradingBot_o5dlqudd_wpftmp.csproj]
E:\PROJECT\CoinFF\TradingBot\TradingBot\User.cs(14,23): warning CS8618: null???덉슜?섏? ?딅뒗 ?띿꽦 'BybitApiSecret'?(?? ?앹꽦?먮? 醫낅즺????null???꾨땶 媛믪쓣 ?ы븿?댁빞 ?⑸땲?? 'required' ?쒖젙?먮? 異붽??섍굅???띿꽦??瑜? nullable濡??좎뼵?섎뒗 寃껋씠 醫뗭뒿?덈떎. [E:\PROJECT\CoinFF\TradingBot\TradingBot\TradingBot_o5dlqudd_wpftmp.csproj]
E:\PROJECT\CoinFF\TradingBot\TradingBot\Models\Phase5Models.cs(38,23): warning CS8618: null???덉슜?섏? ?딅뒗 ?띿꽦 'Symbol'?(?? ?앹꽦?먮? 醫낅즺????null???꾨땶 媛믪쓣 ?ы븿?댁빞 ?⑸땲?? 'required' ?쒖젙?먮? 異붽??섍굅???띿꽦??瑜? nullable濡??좎뼵?섎뒗 寃껋씠 醫뗭뒿?덈떎. [E:\PROJECT\CoinFF\TradingBot\TradingBot\TradingBot_o5dlqudd_wpftmp.csproj]
E:\PROJECT\CoinFF\TradingBot\TradingBot\Models\Phase5Models.cs(39,23): warning CS8618: null???덉슜?섏? ?딅뒗 ?띿꽦 'Side'?(?? ?앹꽦?먮? 醫낅즺????null???꾨땶 媛믪쓣 ?ы븿?댁빞 ?⑸땲?? 'required' ?쒖젙?먮? 異붽??섍굅???띿꽦??瑜? nullable濡??좎뼵?섎뒗 寃껋씠 醫뗭뒿?덈떎. [E:\PROJECT\CoinFF\TradingBot\TradingBot\TradingBot_o5dlqudd_wpftmp.csproj]
E:\PROJECT\CoinFF\TradingBot\TradingBot\Models\Phase5Models.cs(45,23): warning CS8618: null???덉슜?섏? ?딅뒗 ?띿꽦 'ExitReason'?(?? ?앹꽦?먮? 醫낅즺????null???꾨땶 媛믪쓣 ?ы븿?댁빞 ?⑸땲?? 'required' ?쒖젙?먮? 異붽??섍굅???띿꽦??瑜? nullable濡??좎뼵?섎뒗 寃껋씠 醫뗭뒿?덈떎. [E:\PROJECT\CoinFF\TradingBot\TradingBot\TradingBot_o5dlqudd_wpftmp.csproj]
E:\PROJECT\CoinFF\TradingBot\TradingBot\TelegramService.cs(35,30): warning CS8625: Null 由ы꽣?댁쓣 null???덉슜?섏? ?딅뒗 李몄“ ?뺤떇?쇰줈 蹂?섑븷 ???놁뒿?덈떎. [E:\PROJECT\CoinFF\TradingBot\TradingBot\TradingBot_o5dlqudd_wpftmp.csproj]
E:\PROJECT\CoinFF\TradingBot\TradingBot\SettingsWindow.xaml.cs(33,25): warning CS8602: null 媛??李몄“???????갭議곗엯?덈떎. [E:\PROJECT\CoinFF\TradingBot\TradingBot\TradingBot_o5dlqudd_wpftmp.csproj]
E:\PROJECT\CoinFF\TradingBot\TradingBot\SettingsWindow.xaml.cs(35,52): warning CS8602: null 媛??李몄“???????갭議곗엯?덈떎. [E:\PROJECT\CoinFF\TradingBot\TradingBot\TradingBot_o5dlqudd_wpftmp.csproj]
E:\PROJECT\CoinFF\TradingBot\TradingBot\SettingsWindow.xaml.cs(35,52): warning CS8602: null 媛??李몄“???????갭議곗엯?덈떎. [E:\PROJECT\CoinFF\TradingBot\TradingBot\TradingBot_o5dlqudd_wpftmp.csproj]
E:\PROJECT\CoinFF\TradingBot\TradingBot\SettingsWindow.xaml.cs(64,80): warning CS8602: null 媛??李몄“???????갭議곗엯?덈떎. [E:\PROJECT\CoinFF\TradingBot\TradingBot\TradingBot_o5dlqudd_wpftmp.csproj]
E:\PROJECT\CoinFF\TradingBot\TradingBot\SettingsWindow.xaml.cs(103,17): warning CS8602: null 媛??李몄“???????갭議곗엯?덈떎. [E:\PROJECT\CoinFF\TradingBot\TradingBot\TradingBot_o5dlqudd_wpftmp.csproj]
E:\PROJECT\CoinFF\TradingBot\TradingBot\SettingsWindow.xaml.cs(109,17): warning CS8602: null 媛??李몄“???????갭議곗엯?덈떎. [E:\PROJECT\CoinFF\TradingBot\TradingBot\TradingBot_o5dlqudd_wpftmp.csproj]
E:\PROJECT\CoinFF\TradingBot\TradingBot\SettingsWindow.xaml.cs(112,21): warning CS8602: null 媛??李몄“???????갭議곗엯?덈떎. [E:\PROJECT\CoinFF\TradingBot\TradingBot\TradingBot_o5dlqudd_wpftmp.csproj]
E:\PROJECT\CoinFF\TradingBot\TradingBot\SettingsWindow.xaml.cs(113,21): warning CS8602: null 媛??李몄“???????갭議곗엯?덈떎. [E:\PROJECT\CoinFF\TradingBot\TradingBot\TradingBot_o5dlqudd_wpftmp.csproj]
E:\PROJECT\CoinFF\TradingBot\TradingBot\SettingsWindow.xaml.cs(116,21): warning CS8602: null 媛??李몄“???????갭議곗엯?덈떎. [E:\PROJECT\CoinFF\TradingBot\TradingBot\TradingBot_o5dlqudd_wpftmp.csproj]
E:\PROJECT\CoinFF\TradingBot\TradingBot\SettingsWindow.xaml.cs(116,21): warning CS8602: null 媛??李몄“???????갭議곗엯?덈떎. [E:\PROJECT\CoinFF\TradingBot\TradingBot\TradingBot_o5dlqudd_wpftmp.csproj]
E:\PROJECT\CoinFF\TradingBot\TradingBot\SettingsWindow.xaml.cs(119,21): warning CS8602: null 媛??李몄“???????갭議곗엯?덈떎. [E:\PROJECT\CoinFF\TradingBot\TradingBot\TradingBot_o5dlqudd_wpftmp.csproj]
E:\PROJECT\CoinFF\TradingBot\TradingBot\SettingsWindow.xaml.cs(119,21): warning CS8602: null 媛??李몄“???????갭議곗엯?덈떎. [E:\PROJECT\CoinFF\TradingBot\TradingBot\TradingBot_o5dlqudd_wpftmp.csproj]
E:\PROJECT\CoinFF\TradingBot\TradingBot\SettingsWindow.xaml.cs(122,21): warning CS8602: null 媛??李몄“???????갭議곗엯?덈떎. [E:\PROJECT\CoinFF\TradingBot\TradingBot\TradingBot_o5dlqudd_wpftmp.csproj]
E:\PROJECT\CoinFF\TradingBot\TradingBot\SettingsWindow.xaml.cs(122,21): warning CS8602: null 媛??李몄“???????갭議곗엯?덈떎. [E:\PROJECT\CoinFF\TradingBot\TradingBot\TradingBot_o5dlqudd_wpftmp.csproj]
E:\PROJECT\CoinFF\TradingBot\TradingBot\SettingsWindow.xaml.cs(125,21): warning CS8602: null 媛??李몄“???????갭議곗엯?덈떎. [E:\PROJECT\CoinFF\TradingBot\TradingBot\TradingBot_o5dlqudd_wpftmp.csproj]
E:\PROJECT\CoinFF\TradingBot\TradingBot\SettingsWindow.xaml.cs(131,17): warning CS8602: null 媛??李몄“???????갭議곗엯?덈떎. [E:\PROJECT\CoinFF\TradingBot\TradingBot\TradingBot_o5dlqudd_wpftmp.csproj]
E:\PROJECT\CoinFF\TradingBot\TradingBot\SettingsWindow.xaml.cs(134,21): warning CS8602: null 媛??李몄“???????갭議곗엯?덈떎. [E:\PROJECT\CoinFF\TradingBot\TradingBot\TradingBot_o5dlqudd_wpftmp.csproj]
E:\PROJECT\CoinFF\TradingBot\TradingBot\SettingsWindow.xaml.cs(134,67): warning CS8602: null 媛??李몄“???????갭議곗엯?덈떎. [E:\PROJECT\CoinFF\TradingBot\TradingBot\TradingBot_o5dlqudd_wpftmp.csproj]
E:\PROJECT\CoinFF\TradingBot\TradingBot\SettingsWindow.xaml.cs(137,21): warning CS8602: null 媛??李몄“???????갭議곗엯?덈떎. [E:\PROJECT\CoinFF\TradingBot\TradingBot\TradingBot_o5dlqudd_wpftmp.csproj]
E:\PROJECT\CoinFF\TradingBot\TradingBot\SettingsWindow.xaml.cs(137,21): warning CS8602: null 媛??李몄“???????갭議곗엯?덈떎. [E:\PROJECT\CoinFF\TradingBot\TradingBot\TradingBot_o5dlqudd_wpftmp.csproj]
E:\PROJECT\CoinFF\TradingBot\TradingBot\SettingsWindow.xaml.cs(139,21): warning CS8602: null 媛??李몄“???????갭議곗엯?덈떎. [E:\PROJECT\CoinFF\TradingBot\TradingBot\TradingBot_o5dlqudd_wpftmp.csproj]
E:\PROJECT\CoinFF\TradingBot\TradingBot\SettingsWindow.xaml.cs(139,21): warning CS8602: null 媛??李몄“???????갭議곗엯?덈떎. [E:\PROJECT\CoinFF\TradingBot\TradingBot\TradingBot_o5dlqudd_wpftmp.csproj]
E:\PROJECT\CoinFF\TradingBot\TradingBot\SettingsWindow.xaml.cs(142,21): warning CS8602: null 媛??李몄“???????갭議곗엯?덈떎. [E:\PROJECT\CoinFF\TradingBot\TradingBot\TradingBot_o5dlqudd_wpftmp.csproj]
E:\PROJECT\CoinFF\TradingBot\TradingBot\SettingsWindow.xaml.cs(142,72): warning CS8602: null 媛??李몄“???????갭議곗엯?덈떎. [E:\PROJECT\CoinFF\TradingBot\TradingBot\TradingBot_o5dlqudd_wpftmp.csproj]
E:\PROJECT\CoinFF\TradingBot\TradingBot\SettingsWindow.xaml.cs(144,17): warning CS8602: null 媛??李몄“???????갭議곗엯?덈떎. [E:\PROJECT\CoinFF\TradingBot\TradingBot\TradingBot_o5dlqudd_wpftmp.csproj]
E:\PROJECT\CoinFF\TradingBot\TradingBot\SettingsWindow.xaml.cs(144,17): warning CS8602: null 媛??李몄“???????갭議곗엯?덈떎. [E:\PROJECT\CoinFF\TradingBot\TradingBot\TradingBot_o5dlqudd_wpftmp.csproj]
E:\PROJECT\CoinFF\TradingBot\TradingBot\SignUpWindow.xaml.cs(76,23): warning CS8602: null 媛??李몄“???????갭議곗엯?덈떎. [E:\PROJECT\CoinFF\TradingBot\TradingBot\TradingBot_o5dlqudd_wpftmp.csproj]
E:\PROJECT\CoinFF\TradingBot\TradingBot\SignUpWindow.xaml.cs(121,23): warning CS8602: null 媛??李몄“???????갭議곗엯?덈떎. [E:\PROJECT\CoinFF\TradingBot\TradingBot\TradingBot_o5dlqudd_wpftmp.csproj]
E:\PROJECT\CoinFF\TradingBot\TradingBot\TelegramService.cs(15,24): warning CS8618: null???덉슜?섏? ?딅뒗 ?꾨뱶 'BotToken'?(?? ?앹꽦?먮? 醫낅즺????null???꾨땶 媛믪쓣 ?ы븿?댁빞 ?⑸땲?? 'required' ?쒖젙?먮? 異붽??섍굅???꾨뱶??瑜? nullable濡??좎뼵?섎뒗 寃껋씠 醫뗭뒿?덈떎. [E:\PROJECT\CoinFF\TradingBot\TradingBot\TradingBot_o5dlqudd_wpftmp.csproj]
E:\PROJECT\CoinFF\TradingBot\TradingBot\TelegramService.cs(16,24): warning CS8618: null???덉슜?섏? ?딅뒗 ?꾨뱶 'ChatId'?(?? ?앹꽦?먮? 醫낅즺????null???꾨땶 媛믪쓣 ?ы븿?댁빞 ?⑸땲?? 'required' ?쒖젙?먮? 異붽??섍굅???꾨뱶??瑜? nullable濡??좎뼵?섎뒗 寃껋씠 醫뗭뒿?덈떎. [E:\PROJECT\CoinFF\TradingBot\TradingBot\TradingBot_o5dlqudd_wpftmp.csproj]
E:\PROJECT\CoinFF\TradingBot\TradingBot\TelegramService.cs(17,36): warning CS8618: null???덉슜?섏? ?딅뒗 ?꾨뱶 '_botClient'?(?? ?앹꽦?먮? 醫낅즺????null???꾨땶 媛믪쓣 ?ы븿?댁빞 ?⑸땲?? 'required' ?쒖젙?먮? 異붽??섍굅???꾨뱶??瑜? nullable濡??좎뼵?섎뒗 寃껋씠 醫뗭뒿?덈떎. [E:\PROJECT\CoinFF\TradingBot\TradingBot\TradingBot_o5dlqudd_wpftmp.csproj]
E:\PROJECT\CoinFF\TradingBot\TradingBot\TelegramService.cs(18,41): warning CS8618: null???덉슜?섏? ?딅뒗 ?꾨뱶 '_recvCts'?(?? ?앹꽦?먮? 醫낅즺????null???꾨땶 媛믪쓣 ?ы븿?댁빞 ?⑸땲?? 'required' ?쒖젙?먮? 異붽??섍굅???꾨뱶??瑜? nullable濡??좎뼵?섎뒗 寃껋씠 醫뗭뒿?덈떎. [E:\PROJECT\CoinFF\TradingBot\TradingBot\TradingBot_o5dlqudd_wpftmp.csproj]
E:\PROJECT\CoinFF\TradingBot\TradingBot\TelegramService.cs(19,29): warning CS8618: null???덉슜?섏? ?딅뒗 ?띿꽦 'OnRequestStatus'?(?? ?앹꽦?먮? 醫낅즺????null???꾨땶 媛믪쓣 ?ы븿?댁빞 ?⑸땲?? 'required' ?쒖젙?먮? 異붽??섍굅???띿꽦??瑜? nullable濡??좎뼵?섎뒗 寃껋씠 醫뗭뒿?덈떎. [E:\PROJECT\CoinFF\TradingBot\TradingBot\TradingBot_o5dlqudd_wpftmp.csproj]
E:\PROJECT\CoinFF\TradingBot\TradingBot\TelegramService.cs(20,23): warning CS8618: null???덉슜?섏? ?딅뒗 ?띿꽦 'OnRequestStop'?(?? ?앹꽦?먮? 醫낅즺????null???꾨땶 媛믪쓣 ?ы븿?댁빞 ?⑸땲?? 'required' ?쒖젙?먮? 異붽??섍굅???띿꽦??瑜? nullable濡??좎뼵?섎뒗 寃껋씠 醫뗭뒿?덈떎. [E:\PROJECT\CoinFF\TradingBot\TradingBot\TradingBot_o5dlqudd_wpftmp.csproj]
E:\PROJECT\CoinFF\TradingBot\TradingBot\TelegramService.cs(21,54): warning CS8618: null???덉슜?섏? ?딅뒗 ?꾨뱶 '_commands'?(?? ?앹꽦?먮? 醫낅즺????null???꾨땶 媛믪쓣 ?ы븿?댁빞 ?⑸땲?? 'required' ?쒖젙?먮? 異붽??섍굅???꾨뱶??瑜? nullable濡??좎뼵?섎뒗 寃껋씠 醫뗭뒿?덈떎. [E:\PROJECT\CoinFF\TradingBot\TradingBot\TradingBot_o5dlqudd_wpftmp.csproj]
E:\PROJECT\CoinFF\TradingBot\TradingBot\TelegramService.cs(12,40): warning CS8618: null???덉슜?섏? ?딅뒗 ?꾨뱶 '_instance'?(?? ?앹꽦?먮? 醫낅즺????null???꾨땶 媛믪쓣 ?ы븿?댁빞 ?⑸땲?? 'required' ?쒖젙?먮? 異붽??섍굅???꾨뱶??瑜? nullable濡??좎뼵?섎뒗 寃껋씠 醫뗭뒿?덈떎. [E:\PROJECT\CoinFF\TradingBot\TradingBot\TradingBot_o5dlqudd_wpftmp.csproj]
E:\PROJECT\CoinFF\TradingBot\TradingBot\SignUpWindow.xaml.cs(284,27): warning CS8602: null 媛??李몄“???????갭議곗엯?덈떎. [E:\PROJECT\CoinFF\TradingBot\TradingBot\TradingBot_o5dlqudd_wpftmp.csproj]
E:\PROJECT\CoinFF\TradingBot\TradingBot\MarketDataManager.cs(39,16): warning CS8618: null???덉슜?섏? ?딅뒗 ?꾨뱶 '_socketClient'?(?? ?앹꽦?먮? 醫낅즺????null???꾨땶 媛믪쓣 ?ы븿?댁빞 ?⑸땲?? 'required' ?쒖젙?먮? 異붽??섍굅???꾨뱶??瑜? nullable濡??좎뼵?섎뒗 寃껋씠 醫뗭뒿?덈떎. [E:\PROJECT\CoinFF\TradingBot\TradingBot\TradingBot_o5dlqudd_wpftmp.csproj]
E:\PROJECT\CoinFF\TradingBot\TradingBot\TimeSeriesDataLoader.cs(33,16): warning CS8618: null???덉슜?섏? ?딅뒗 ?꾨뱶 '_rawFeatures'?(?? ?앹꽦?먮? 醫낅즺????null???꾨땶 媛믪쓣 ?ы븿?댁빞 ?⑸땲?? 'required' ?쒖젙?먮? 異붽??섍굅???꾨뱶??瑜? nullable濡??좎뼵?섎뒗 寃껋씠 醫뗭뒿?덈떎. [E:\PROJECT\CoinFF\TradingBot\TradingBot\TradingBot_o5dlqudd_wpftmp.csproj]
E:\PROJECT\CoinFF\TradingBot\TradingBot\TimeSeriesDataLoader.cs(33,16): warning CS8618: null???덉슜?섏? ?딅뒗 ?꾨뱶 '_rawTargets'?(?? ?앹꽦?먮? 醫낅즺????null???꾨땶 媛믪쓣 ?ы븿?댁빞 ?⑸땲?? 'required' ?쒖젙?먮? 異붽??섍굅???꾨뱶??瑜? nullable濡??좎뼵?섎뒗 寃껋씠 醫뗭뒿?덈떎. [E:\PROJECT\CoinFF\TradingBot\TradingBot\TradingBot_o5dlqudd_wpftmp.csproj]
E:\PROJECT\CoinFF\TradingBot\TradingBot\TimeSeriesDataLoader.cs(33,16): warning CS8618: null???덉슜?섏? ?딅뒗 ?띿꽦 'Means'?(?? ?앹꽦?먮? 醫낅즺????null???꾨땶 媛믪쓣 ?ы븿?댁빞 ?⑸땲?? 'required' ?쒖젙?먮? 異붽??섍굅???띿꽦??瑜? nullable濡??좎뼵?섎뒗 寃껋씠 醫뗭뒿?덈떎. [E:\PROJECT\CoinFF\TradingBot\TradingBot\TradingBot_o5dlqudd_wpftmp.csproj]
E:\PROJECT\CoinFF\TradingBot\TradingBot\TimeSeriesDataLoader.cs(33,16): warning CS8618: null???덉슜?섏? ?딅뒗 ?띿꽦 'Stds'?(?? ?앹꽦?먮? 醫낅즺????null???꾨땶 媛믪쓣 ?ы븿?댁빞 ?⑸땲?? 'required' ?쒖젙?먮? 異붽??섍굅???띿꽦??瑜? nullable濡??좎뼵?섎뒗 寃껋씠 醫뗭뒿?덈떎. [E:\PROJECT\CoinFF\TradingBot\TradingBot\TradingBot_o5dlqudd_wpftmp.csproj]
E:\PROJECT\CoinFF\TradingBot\TradingBot\TimeSeriesDataLoader.cs(33,16): warning CS8618: null???덉슜?섏? ?딅뒗 ?꾨뱶 '_cachedBatches'?(?? ?앹꽦?먮? 醫낅즺????null???꾨땶 媛믪쓣 ?ы븿?댁빞 ?⑸땲?? 'required' ?쒖젙?먮? 異붽??섍굅???꾨뱶??瑜? nullable濡??좎뼵?섎뒗 寃껋씠 醫뗭뒿?덈떎. [E:\PROJECT\CoinFF\TradingBot\TradingBot\TradingBot_o5dlqudd_wpftmp.csproj]
E:\PROJECT\CoinFF\TradingBot\TransformerTrainer.cs(37,16): warning CS8618: null???덉슜?섏? ?딅뒗 ?꾨뱶 '_model'?(?? ?앹꽦?먮? 醫낅즺????null???꾨땶 媛믪쓣 ?ы븿?댁빞 ?⑸땲?? 'required' ?쒖젙?먮? 異붽??섍굅???꾨뱶??瑜? nullable濡??좎뼵?섎뒗 寃껋씠 醫뗭뒿?덈떎. [E:\PROJECT\CoinFF\TradingBot\TradingBot\TradingBot_o5dlqudd_wpftmp.csproj]
E:\PROJECT\CoinFF\TradingBot\TransformerTrainer.cs(37,16): warning CS8618: null???덉슜?섏? ?딅뒗 ?꾨뱶 '_dataLoader'?(?? ?앹꽦?먮? 醫낅즺????null???꾨땶 媛믪쓣 ?ы븿?댁빞 ?⑸땲?? 'required' ?쒖젙?먮? 異붽??섍굅???꾨뱶??瑜? nullable濡??좎뼵?섎뒗 寃껋씠 醫뗭뒿?덈떎. [E:\PROJECT\CoinFF\TradingBot\TradingBot\TradingBot_o5dlqudd_wpftmp.csproj]
E:\PROJECT\CoinFF\TradingBot\TransformerTrainer.cs(37,16): warning CS8618: null???덉슜?섏? ?딅뒗 ?꾨뱶 '_means'?(?? ?앹꽦?먮? 醫낅즺????null???꾨땶 媛믪쓣 ?ы븿?댁빞 ?⑸땲?? 'required' ?쒖젙?먮? 異붽??섍굅???꾨뱶??瑜? nullable濡??좎뼵?섎뒗 寃껋씠 醫뗭뒿?덈떎. [E:\PROJECT\CoinFF\TradingBot\TradingBot\TradingBot_o5dlqudd_wpftmp.csproj]
E:\PROJECT\CoinFF\TradingBot\TransformerTrainer.cs(37,16): warning CS8618: null???덉슜?섏? ?딅뒗 ?꾨뱶 '_stds'?(?? ?앹꽦?먮? 醫낅즺????null???꾨땶 媛믪쓣 ?ы븿?댁빞 ?⑸땲?? 'required' ?쒖젙?먮? 異붽??섍굅???꾨뱶??瑜? nullable濡??좎뼵?섎뒗 寃껋씠 醫뗭뒿?덈떎. [E:\PROJECT\CoinFF\TradingBot\TradingBot\TradingBot_o5dlqudd_wpftmp.csproj]
E:\PROJECT\CoinFF\TradingBot\TradingBot\Services\ArbitrageExecutionService.cs(50,27): warning CS1998: ??鍮꾨룞湲?硫붿꽌?쒖뿉??'await' ?곗궛?먭? ?놁쑝硫?硫붿꽌?쒓? ?숈떆???ㅽ뻾?⑸땲?? 'await' ?곗궛?먮? ?ъ슜?섏뿬 鍮꾨툝濡쒗궧 API ?몄텧???湲고븯嫄곕굹, 'await Task.Run(...)'???ъ슜?섏뿬 諛깃렇?쇱슫???ㅻ젅?쒖뿉??CPU 諛붿씤?⑸맂 ?묒뾽???섑뻾?섏꽭?? [E:\PROJECT\CoinFF\TradingBot\TradingBot\TradingBot_o5dlqudd_wpftmp.csproj]
E:\PROJECT\CoinFF\TradingBot\TradingBot\Services\FundTransferService.cs(46,27): warning CS1998: ??鍮꾨룞湲?硫붿꽌?쒖뿉??'await' ?곗궛?먭? ?놁쑝硫?硫붿꽌?쒓? ?숈떆???ㅽ뻾?⑸땲?? 'await' ?곗궛?먮? ?ъ슜?섏뿬 鍮꾨툝濡쒗궧 API ?몄텧???湲고븯嫄곕굹, 'await Task.Run(...)'???ъ슜?섏뿬 諛깃렇?쇱슫???ㅻ젅?쒖뿉??CPU 諛붿씤?⑸맂 ?묒뾽???섑뻾?섏꽭?? [E:\PROJECT\CoinFF\TradingBot\TradingBot\TradingBot_o5dlqudd_wpftmp.csproj]
E:\PROJECT\CoinFF\TradingBot\TradingBot\MainWindow.xaml.cs(691,28): warning CS1998: ??鍮꾨룞湲?硫붿꽌?쒖뿉??'await' ?곗궛?먭? ?놁쑝硫?硫붿꽌?쒓? ?숈떆???ㅽ뻾?⑸땲?? 'await' ?곗궛?먮? ?ъ슜?섏뿬 鍮꾨툝濡쒗궧 API ?몄텧???湲고븯嫄곕굹, 'await Task.Run(...)'???ъ슜?섏뿬 諛깃렇?쇱슫???ㅻ젅?쒖뿉??CPU 諛붿씤?⑸맂 ?묒뾽???섑뻾?섏꽭?? [E:\PROJECT\CoinFF\TradingBot\TradingBot\TradingBot_o5dlqudd_wpftmp.csproj]
E:\PROJECT\CoinFF\TradingBot\TradingBot\TimeSeriesDataLoader.cs(170,32): warning CS8602: null 媛??李몄“???????갭議곗엯?덈떎. [E:\PROJECT\CoinFF\TradingBot\TradingBot\TradingBot_o5dlqudd_wpftmp.csproj]
E:\PROJECT\CoinFF\TradingBot\TradingBot\Services\FundTransferService.cs(234,29): warning CS8625: Null 由ы꽣?댁쓣 null???덉슜?섏? ?딅뒗 李몄“ ?뺤떇?쇰줈 蹂?섑븷 ???놁뒿?덈떎. [E:\PROJECT\CoinFF\TradingBot\TradingBot\TradingBot_o5dlqudd_wpftmp.csproj]
E:\PROJECT\CoinFF\TradingBot\TradingBot\Services\FundTransferService.cs(307,17): warning CS0162: ?묎렐?????녿뒗 肄붾뱶媛 ?덉뒿?덈떎. [E:\PROJECT\CoinFF\TradingBot\TradingBot\TradingBot_o5dlqudd_wpftmp.csproj]
E:\PROJECT\CoinFF\TradingBot\TradingBot\Services\FundTransferService.cs(177,48): warning CS1998: ??鍮꾨룞湲?硫붿꽌?쒖뿉??'await' ?곗궛?먭? ?놁쑝硫?硫붿꽌?쒓? ?숈떆???ㅽ뻾?⑸땲?? 'await' ?곗궛?먮? ?ъ슜?섏뿬 鍮꾨툝濡쒗궧 API ?몄텧???湲고븯嫄곕굹, 'await Task.Run(...)'???ъ슜?섏뿬 諛깃렇?쇱슫???ㅻ젅?쒖뿉??CPU 諛붿씤?⑸맂 ?묒뾽???섑뻾?섏꽭?? [E:\PROJECT\CoinFF\TradingBot\TradingBot\TradingBot_o5dlqudd_wpftmp.csproj]
E:\PROJECT\CoinFF\TradingBot\TradingBot\Services\ArbitrageExecutionService.cs(240,29): warning CS8625: Null 由ы꽣?댁쓣 null???덉슜?섏? ?딅뒗 李몄“ ?뺤떇?쇰줈 蹂?섑븷 ???놁뒿?덈떎. [E:\PROJECT\CoinFF\TradingBot\TradingBot\TradingBot_o5dlqudd_wpftmp.csproj]
E:\PROJECT\CoinFF\TradingBot\TradingBot\Services\ArbitrageExecutionService.cs(321,25): warning CS8604: 'Task TelegramService.SendArbitrageExecutionResultAsync(string symbol, bool success, decimal actualProfit, string errorMessage = null)'??留ㅺ컻 蹂??'errorMessage'?????媛?ν븳 null 李몄“ ?몄닔?낅땲?? [E:\PROJECT\CoinFF\TradingBot\TradingBot\TradingBot_o5dlqudd_wpftmp.csproj]
E:\PROJECT\CoinFF\TradingBot\TransformerTrainer.cs(386,28): warning CS8618: null???덉슜?섏? ?딅뒗 ?띿꽦 'Means'?(?? ?앹꽦?먮? 醫낅즺????null???꾨땶 媛믪쓣 ?ы븿?댁빞 ?⑸땲?? 'required' ?쒖젙?먮? 異붽??섍굅???띿꽦??瑜? nullable濡??좎뼵?섎뒗 寃껋씠 醫뗭뒿?덈떎. [E:\PROJECT\CoinFF\TradingBot\TradingBot\TradingBot_o5dlqudd_wpftmp.csproj]
E:\PROJECT\CoinFF\TradingBot\TransformerTrainer.cs(387,28): warning CS8618: null???덉슜?섏? ?딅뒗 ?띿꽦 'Stds'?(?? ?앹꽦?먮? 醫낅즺????null???꾨땶 媛믪쓣 ?ы븿?댁빞 ?⑸땲?? 'required' ?쒖젙?먮? 異붽??섍굅???띿꽦??瑜? nullable濡??좎뼵?섎뒗 寃껋씠 醫뗭뒿?덈떎. [E:\PROJECT\CoinFF\TradingBot\TradingBot\TradingBot_o5dlqudd_wpftmp.csproj]
E:\PROJECT\CoinFF\TradingBot\TradingBot\OnChainAnalysisService.cs(29,48): warning CS0067: 'OnChainAnalysisService.OnWhaleAlert' ?대깽?멸? ?ъ슜?섏? ?딆븯?듬땲?? [E:\PROJECT\CoinFF\TradingBot\TradingBot\TradingBot_o5dlqudd_wpftmp.csproj]
E:\PROJECT\CoinFF\TradingBot\TradingBot\TradingEngine.cs(102,44): warning CS0067: 'TradingEngine.OnTelegramStatusUpdate' ?대깽?멸? ?ъ슜?섏? ?딆븯?듬땲?? [E:\PROJECT\CoinFF\TradingBot\TradingBot\TradingBot_o5dlqudd_wpftmp.csproj]
E:\PROJECT\CoinFF\TradingBot\TradingBot\MainViewModel.cs(138,22): warning CS0414: 'MainViewModel._isAiMonitorVisible' ?꾨뱶媛 ?좊떦?섏뿀吏留??ъ슜?섏? ?딆븯?듬땲?? [E:\PROJECT\CoinFF\TradingBot\TradingBot\TradingBot_o5dlqudd_wpftmp.csproj]
E:\PROJECT\CoinFF\TradingBot\TradingBot\MainViewModel.cs(851,31): warning CA2021: ?뺤떇 'TradingBot.Shared.Models.CandleData'?(?? ?뺤떇 'TradingBot.Models.CandleData'怨??) ?명솚?섏? ?딆쑝硫?罹먯뒪???쒕룄?먯꽌 ?고??꾩뿉 InvalidCastException??諛쒖깮?⑸땲?? (https://learn.microsoft.com/dotnet/fundamentals/code-analysis/quality-rules/ca2021) [E:\PROJECT\CoinFF\TradingBot\TradingBot\TradingBot_o5dlqudd_wpftmp.csproj]
  CoinFF.Mobile -> E:\PROJECT\CoinFF\TradingBot\TradingBot\Mobile\bin\Debug\net9.0-windows10.0.19041.0\win10-x64\CoinFF.Mobile.dll
E:\PROJECT\CoinFF\TradingBot\TradingBot\TimeSeriesDataLoader.cs(33,146): warning CS8625: Null 由ы꽣?댁쓣 null???덉슜?섏? ?딅뒗 李몄“ ?뺤떇?쇰줈 蹂?섑븷 ???놁뒿?덈떎. [E:\PROJECT\CoinFF\TradingBot\TradingBot\TradingBot.csproj]
E:\PROJECT\CoinFF\TradingBot\TradingBot\TelegramService.cs(206,134): warning CS8625: Null 由ы꽣?댁쓣 null???덉슜?섏? ?딅뒗 李몄“ ?뺤떇?쇰줈 蹂?섑븷 ???놁뒿?덈떎. [E:\PROJECT\CoinFF\TradingBot\TradingBot\TradingBot.csproj]
E:\PROJECT\CoinFF\TradingBot\TradingBot\TelegramService.cs(223,79): warning CS8625: Null 由ы꽣?댁쓣 null???덉슜?섏? ?딅뒗 李몄“ ?뺤떇?쇰줈 蹂?섑븷 ???놁뒿?덈떎. [E:\PROJECT\CoinFF\TradingBot\TradingBot\TradingBot.csproj]
E:\PROJECT\CoinFF\TradingBot\TradingBot\TelegramService.cs(244,69): warning CS8625: Null 由ы꽣?댁쓣 null???덉슜?섏? ?딅뒗 李몄“ ?뺤떇?쇰줈 蹂?섑븷 ???놁뒿?덈떎. [E:\PROJECT\CoinFF\TradingBot\TradingBot\TradingBot.csproj]
E:\PROJECT\CoinFF\TradingBot\TradingBot\MLService.cs(14,12): warning CS8618: null???덉슜?섏? ?딅뒗 ?꾨뱶 '_model'?(?? ?앹꽦?먮? 醫낅즺????null???꾨땶 媛믪쓣 ?ы븿?댁빞 ?⑸땲?? 'required' ?쒖젙?먮? 異붽??섍굅???꾨뱶??瑜? nullable濡??좎뼵?섎뒗 寃껋씠 醫뗭뒿?덈떎. [E:\PROJECT\CoinFF\TradingBot\TradingBot\TradingBot.csproj]
E:\PROJECT\CoinFF\TradingBot\TradingBot\MLService.cs(14,12): warning CS8618: null???덉슜?섏? ?딅뒗 ?꾨뱶 '_predictionEngine'?(?? ?앹꽦?먮? 醫낅즺????null???꾨땶 媛믪쓣 ?ы븿?댁빞 ?⑸땲?? 'required' ?쒖젙?먮? 異붽??섍굅???꾨뱶??瑜? nullable濡??좎뼵?섎뒗 寃껋씠 醫뗭뒿?덈떎. [E:\PROJECT\CoinFF\TradingBot\TradingBot\TradingBot.csproj]
E:\PROJECT\CoinFF\TradingBot\TradingBot\MLService.cs(49,47): warning CS8603: 媛?ν븳 null 李몄“ 諛섑솚?낅땲?? [E:\PROJECT\CoinFF\TradingBot\TradingBot\TradingBot.csproj]
E:\PROJECT\CoinFF\TradingBot\TradingBot\App.xaml.cs(192,17): warning CS0162: ?묎렐?????녿뒗 肄붾뱶媛 ?덉뒿?덈떎. [E:\PROJECT\CoinFF\TradingBot\TradingBot\TradingBot.csproj]
E:\PROJECT\CoinFF\TradingBot\TradingBot\TradingEngine.cs(228,17): warning CS4014: ???몄텧???湲곕릺吏 ?딆쑝誘濡??몄텧???꾨즺?섍린 ?꾩뿉 ?꾩옱 硫붿꽌?쒓? 怨꾩냽 ?ㅽ뻾?⑸땲?? ?몄텧 寃곌낵??'await' ?곗궛?먮? ?곸슜??蹂댁꽭?? [E:\PROJECT\CoinFF\TradingBot\TradingBot\TradingBot.csproj]
E:\PROJECT\CoinFF\TradingBot\TradingBot\TradingEngine.cs(346,17): warning CS4014: ???몄텧???湲곕릺吏 ?딆쑝誘濡??몄텧???꾨즺?섍린 ?꾩뿉 ?꾩옱 硫붿꽌?쒓? 怨꾩냽 ?ㅽ뻾?⑸땲?? ?몄텧 寃곌낵??'await' ?곗궛?먮? ?곸슜??蹂댁꽭?? [E:\PROJECT\CoinFF\TradingBot\TradingBot\TradingBot.csproj]
E:\PROJECT\CoinFF\TradingBot\TradingBot\TradingEngine.cs(424,46): warning CS8604: 'PositionInfo Dictionary<string, PositionInfo>.this[string key]'??留ㅺ컻 蹂??'key'?????媛?ν븳 null 李몄“ ?몄닔?낅땲?? [E:\PROJECT\CoinFF\TradingBot\TradingBot\TradingBot.csproj]
E:\PROJECT\CoinFF\TradingBot\TradingBot\Services\WebServerService.cs(91,53): warning CS8602: null 媛??李몄“???????갭議곗엯?덈떎. [E:\PROJECT\CoinFF\TradingBot\TradingBot\TradingBot.csproj]
E:\PROJECT\CoinFF\TradingBot\TradingBot\Services\WebServerService.cs(96,58): warning CS8602: null 媛??李몄“???????갭議곗엯?덈떎. [E:\PROJECT\CoinFF\TradingBot\TradingBot\TradingBot.csproj]
E:\PROJECT\CoinFF\TradingBot\TradingBot\Services\WebServerService.cs(101,57): warning CS8602: null 媛??李몄“???????갭議곗엯?덈떎. [E:\PROJECT\CoinFF\TradingBot\TradingBot\TradingBot.csproj]
E:\PROJECT\CoinFF\TradingBot\TradingBot\Services\WebServerService.cs(105,57): warning CS8602: null 媛??李몄“???????갭議곗엯?덈떎. [E:\PROJECT\CoinFF\TradingBot\TradingBot\TradingBot.csproj]
E:\PROJECT\CoinFF\TradingBot\TradingBot\Services\WebServerService.cs(112,57): warning CS8602: null 媛??李몄“???????갭議곗엯?덈떎. [E:\PROJECT\CoinFF\TradingBot\TradingBot\TradingBot.csproj]
E:\PROJECT\CoinFF\TradingBot\TradingBot\Services\WebServerService.cs(116,58): warning CS8602: null 媛??李몄“???????갭議곗엯?덈떎. [E:\PROJECT\CoinFF\TradingBot\TradingBot\TradingBot.csproj]
E:\PROJECT\CoinFF\TradingBot\TradingBot\DatabaseService.cs(84,32): warning CS8600: null 由ы꽣???먮뒗 媛?ν븳 null 媛믪쓣 null???덉슜?섏? ?딅뒗 ?뺤떇?쇰줈 蹂?섑븯??以묒엯?덈떎. [E:\PROJECT\CoinFF\TradingBot\TradingBot\TradingBot.csproj]
E:\PROJECT\CoinFF\TradingBot\TradingBot\DatabaseService.cs(85,73): warning CS8604: 'DirectoryInfo Directory.CreateDirectory(string path)'??留ㅺ컻 蹂??'path'?????媛?ν븳 null 李몄“ ?몄닔?낅땲?? [E:\PROJECT\CoinFF\TradingBot\TradingBot\TradingBot.csproj]
E:\PROJECT\CoinFF\TradingBot\TradingBot\DatabaseService.cs(145,32): warning CS8602: null 媛??李몄“???????갭議곗엯?덈떎. [E:\PROJECT\CoinFF\TradingBot\TradingBot\TradingBot.csproj]
E:\PROJECT\CoinFF\TradingBot\TradingBot\DatabaseService.cs(145,32): warning CS8602: null 媛??李몄“???????갭議곗엯?덈떎. [E:\PROJECT\CoinFF\TradingBot\TradingBot\TradingBot.csproj]
E:\PROJECT\CoinFF\TradingBot\TradingBot\DatabaseService.cs(303,28): warning CS8603: 媛?ν븳 null 李몄“ 諛섑솚?낅땲?? [E:\PROJECT\CoinFF\TradingBot\TradingBot\TradingBot.csproj]
E:\PROJECT\CoinFF\TradingBot\TradingBot\DatabaseService.cs(309,20): warning CS8603: 媛?ν븳 null 李몄“ 諛섑솚?낅땲?? [E:\PROJECT\CoinFF\TradingBot\TradingBot\TradingBot.csproj]
E:\PROJECT\CoinFF\TradingBot\TradingBot\DatabaseService.cs(332,20): warning CS8603: 媛?ν븳 null 李몄“ 諛섑솚?낅땲?? [E:\PROJECT\CoinFF\TradingBot\TradingBot\TradingBot.csproj]
E:\PROJECT\CoinFF\TradingBot\TradingBot\BybitExchangeService.cs(496,33): warning CS1998: ??鍮꾨룞湲?硫붿꽌?쒖뿉??'await' ?곗궛?먭? ?놁쑝硫?硫붿꽌?쒓? ?숈떆???ㅽ뻾?⑸땲?? 'await' ?곗궛?먮? ?ъ슜?섏뿬 鍮꾨툝濡쒗궧 API ?몄텧???湲고븯嫄곕굹, 'await Task.Run(...)'???ъ슜?섏뿬 諛깃렇?쇱슫???ㅻ젅?쒖뿉??CPU 諛붿씤?⑸맂 ?묒뾽???섑뻾?섏꽭?? [E:\PROJECT\CoinFF\TradingBot\TradingBot\TradingBot.csproj]
E:\PROJECT\CoinFF\TradingBot\TradingBot\Services\PortfolioRebalancingService.cs(46,27): warning CS1998: ??鍮꾨룞湲?硫붿꽌?쒖뿉??'await' ?곗궛?먭? ?놁쑝硫?硫붿꽌?쒓? ?숈떆???ㅽ뻾?⑸땲?? 'await' ?곗궛?먮? ?ъ슜?섏뿬 鍮꾨툝濡쒗궧 API ?몄텧???湲고븯嫄곕굹, 'await Task.Run(...)'???ъ슜?섏뿬 諛깃렇?쇱슫???ㅻ젅?쒖뿉??CPU 諛붿씤?⑸맂 ?묒뾽???섑뻾?섏꽭?? [E:\PROJECT\CoinFF\TradingBot\TradingBot\TradingBot.csproj]
E:\PROJECT\CoinFF\TradingBot\TradingBot\MainViewModel.cs(187,16): warning CS8618: null???덉슜?섏? ?딅뒗 ?꾨뱶 '_selectedSymbol'?(?? ?앹꽦?먮? 醫낅즺????null???꾨땶 媛믪쓣 ?ы븿?댁빞 ?⑸땲?? 'required' ?쒖젙?먮? 異붽??섍굅???꾨뱶??瑜? nullable濡??좎뼵?섎뒗 寃껋씠 醫뗭뒿?덈떎. [E:\PROJECT\CoinFF\TradingBot\TradingBot\TradingBot.csproj]
E:\PROJECT\CoinFF\TradingBot\TradingBot\BacktestViewModel.cs(49,25): warning CS8602: null 媛??李몄“???????갭議곗엯?덈떎. [E:\PROJECT\CoinFF\TradingBot\TradingBot\TradingBot.csproj]
E:\PROJECT\CoinFF\TradingBot\TradingBot\BacktestViewModel.cs(22,16): warning CS8618: null???덉슜?섏? ?딅뒗 ?띿꽦 'ChartSeries'?(?? ?앹꽦?먮? 醫낅즺????null???꾨땶 媛믪쓣 ?ы븿?댁빞 ?⑸땲?? 'required' ?쒖젙?먮? 異붽??섍굅???띿꽦??瑜? nullable濡??좎뼵?섎뒗 寃껋씠 醫뗭뒿?덈떎. [E:\PROJECT\CoinFF\TradingBot\TradingBot\TradingBot.csproj]
E:\PROJECT\CoinFF\TradingBot\TradingBot\BacktestViewModel.cs(22,16): warning CS8618: null???덉슜?섏? ?딅뒗 ?띿꽦 'Labels'?(?? ?앹꽦?먮? 醫낅즺????null???꾨땶 媛믪쓣 ?ы븿?댁빞 ?⑸땲?? 'required' ?쒖젙?먮? 異붽??섍굅???띿꽦??瑜? nullable濡??좎뼵?섎뒗 寃껋씠 醫뗭뒿?덈떎. [E:\PROJECT\CoinFF\TradingBot\TradingBot\TradingBot.csproj]
E:\PROJECT\CoinFF\TradingBot\TransformerTrainer.cs(37,16): warning CS8618: null???덉슜?섏? ?딅뒗 ?꾨뱶 '_model'?(?? ?앹꽦?먮? 醫낅즺????null???꾨땶 媛믪쓣 ?ы븿?댁빞 ?⑸땲?? 'required' ?쒖젙?먮? 異붽??섍굅???꾨뱶??瑜? nullable濡??좎뼵?섎뒗 寃껋씠 醫뗭뒿?덈떎. [E:\PROJECT\CoinFF\TradingBot\TradingBot\TradingBot.csproj]
E:\PROJECT\CoinFF\TradingBot\TransformerTrainer.cs(37,16): warning CS8618: null???덉슜?섏? ?딅뒗 ?꾨뱶 '_dataLoader'?(?? ?앹꽦?먮? 醫낅즺????null???꾨땶 媛믪쓣 ?ы븿?댁빞 ?⑸땲?? 'required' ?쒖젙?먮? 異붽??섍굅???꾨뱶??瑜? nullable濡??좎뼵?섎뒗 寃껋씠 醫뗭뒿?덈떎. [E:\PROJECT\CoinFF\TradingBot\TradingBot\TradingBot.csproj]
E:\PROJECT\CoinFF\TradingBot\TransformerTrainer.cs(37,16): warning CS8618: null???덉슜?섏? ?딅뒗 ?꾨뱶 '_means'?(?? ?앹꽦?먮? 醫낅즺????null???꾨땶 媛믪쓣 ?ы븿?댁빞 ?⑸땲?? 'required' ?쒖젙?먮? 異붽??섍굅???꾨뱶??瑜? nullable濡??좎뼵?섎뒗 寃껋씠 醫뗭뒿?덈떎. [E:\PROJECT\CoinFF\TradingBot\TradingBot\TradingBot.csproj]
E:\PROJECT\CoinFF\TradingBot\TransformerTrainer.cs(37,16): warning CS8618: null???덉슜?섏? ?딅뒗 ?꾨뱶 '_stds'?(?? ?앹꽦?먮? 醫낅즺????null???꾨땶 媛믪쓣 ?ы븿?댁빞 ?⑸땲?? 'required' ?쒖젙?먮? 異붽??섍굅???꾨뱶??瑜? nullable濡??좎뼵?섎뒗 寃껋씠 醫뗭뒿?덈떎. [E:\PROJECT\CoinFF\TradingBot\TradingBot\TradingBot.csproj]
E:\PROJECT\CoinFF\TradingBot\TradingBot\Services\NotificationService.cs(102,27): warning CS1998: ??鍮꾨룞湲?硫붿꽌?쒖뿉??'await' ?곗궛?먭? ?놁쑝硫?硫붿꽌?쒓? ?숈떆???ㅽ뻾?⑸땲?? 'await' ?곗궛?먮? ?ъ슜?섏뿬 鍮꾨툝濡쒗궧 API ?몄텧???湲고븯嫄곕굹, 'await Task.Run(...)'???ъ슜?섏뿬 諛깃렇?쇱슫???ㅻ젅?쒖뿉??CPU 諛붿씤?⑸맂 ?묒뾽???섑뻾?섏꽭?? [E:\PROJECT\CoinFF\TradingBot\TradingBot\TradingBot.csproj]
E:\PROJECT\CoinFF\TradingBot\TransformerTrainer.cs(386,28): warning CS8618: null???덉슜?섏? ?딅뒗 ?띿꽦 'Means'?(?? ?앹꽦?먮? 醫낅즺????null???꾨땶 媛믪쓣 ?ы븿?댁빞 ?⑸땲?? 'required' ?쒖젙?먮? 異붽??섍굅???띿꽦??瑜? nullable濡??좎뼵?섎뒗 寃껋씠 醫뗭뒿?덈떎. [E:\PROJECT\CoinFF\TradingBot\TradingBot\TradingBot.csproj]
E:\PROJECT\CoinFF\TradingBot\TransformerTrainer.cs(387,28): warning CS8618: null???덉슜?섏? ?딅뒗 ?띿꽦 'Stds'?(?? ?앹꽦?먮? 醫낅즺????null???꾨땶 媛믪쓣 ?ы븿?댁빞 ?⑸땲?? 'required' ?쒖젙?먮? 異붽??섍굅???띿꽦??瑜? nullable濡??좎뼵?섎뒗 寃껋씠 醫뗭뒿?덈떎. [E:\PROJECT\CoinFF\TradingBot\TradingBot\TradingBot.csproj]
E:\PROJECT\CoinFF\TradingBot\TradingBot\TimeSeriesDataLoader.cs(33,16): warning CS8618: null???덉슜?섏? ?딅뒗 ?꾨뱶 '_rawFeatures'?(?? ?앹꽦?먮? 醫낅즺????null???꾨땶 媛믪쓣 ?ы븿?댁빞 ?⑸땲?? 'required' ?쒖젙?먮? 異붽??섍굅???꾨뱶??瑜? nullable濡??좎뼵?섎뒗 寃껋씠 醫뗭뒿?덈떎. [E:\PROJECT\CoinFF\TradingBot\TradingBot\TradingBot.csproj]
E:\PROJECT\CoinFF\TradingBot\TradingBot\TimeSeriesDataLoader.cs(33,16): warning CS8618: null???덉슜?섏? ?딅뒗 ?꾨뱶 '_rawTargets'?(?? ?앹꽦?먮? 醫낅즺????null???꾨땶 媛믪쓣 ?ы븿?댁빞 ?⑸땲?? 'required' ?쒖젙?먮? 異붽??섍굅???꾨뱶??瑜? nullable濡??좎뼵?섎뒗 寃껋씠 醫뗭뒿?덈떎. [E:\PROJECT\CoinFF\TradingBot\TradingBot\TradingBot.csproj]
E:\PROJECT\CoinFF\TradingBot\TradingBot\TimeSeriesDataLoader.cs(33,16): warning CS8618: null???덉슜?섏? ?딅뒗 ?띿꽦 'Means'?(?? ?앹꽦?먮? 醫낅즺????null???꾨땶 媛믪쓣 ?ы븿?댁빞 ?⑸땲?? 'required' ?쒖젙?먮? 異붽??섍굅???띿꽦??瑜? nullable濡??좎뼵?섎뒗 寃껋씠 醫뗭뒿?덈떎. [E:\PROJECT\CoinFF\TradingBot\TradingBot\TradingBot.csproj]
E:\PROJECT\CoinFF\TradingBot\TradingBot\TimeSeriesDataLoader.cs(33,16): warning CS8618: null???덉슜?섏? ?딅뒗 ?띿꽦 'Stds'?(?? ?앹꽦?먮? 醫낅즺????null???꾨땶 媛믪쓣 ?ы븿?댁빞 ?⑸땲?? 'required' ?쒖젙?먮? 異붽??섍굅???띿꽦??瑜? nullable濡??좎뼵?섎뒗 寃껋씠 醫뗭뒿?덈떎. [E:\PROJECT\CoinFF\TradingBot\TradingBot\TradingBot.csproj]
E:\PROJECT\CoinFF\TradingBot\TradingBot\TimeSeriesDataLoader.cs(33,16): warning CS8618: null???덉슜?섏? ?딅뒗 ?꾨뱶 '_cachedBatches'?(?? ?앹꽦?먮? 醫낅즺????null???꾨땶 媛믪쓣 ?ы븿?댁빞 ?⑸땲?? 'required' ?쒖젙?먮? 異붽??섍굅???꾨뱶??瑜? nullable濡??좎뼵?섎뒗 寃껋씠 醫뗭뒿?덈떎. [E:\PROJECT\CoinFF\TradingBot\TradingBot\TradingBot.csproj]
E:\PROJECT\CoinFF\TradingBot\TradingBot\Services\FundTransferService.cs(46,27): warning CS1998: ??鍮꾨룞湲?硫붿꽌?쒖뿉??'await' ?곗궛?먭? ?놁쑝硫?硫붿꽌?쒓? ?숈떆???ㅽ뻾?⑸땲?? 'await' ?곗궛?먮? ?ъ슜?섏뿬 鍮꾨툝濡쒗궧 API ?몄텧???湲고븯嫄곕굹, 'await Task.Run(...)'???ъ슜?섏뿬 諛깃렇?쇱슫???ㅻ젅?쒖뿉??CPU 諛붿씤?⑸맂 ?묒뾽???섑뻾?섏꽭?? [E:\PROJECT\CoinFF\TradingBot\TradingBot\TradingBot.csproj]
E:\PROJECT\CoinFF\TradingBot\TradingBot\MainViewModel.cs(705,21): warning CS8604: 'Task<WebCallResult<IBinanceKline[]>> IBinanceRestClientUsdFuturesApiExchangeData.GetKlinesAsync(string symbol, KlineInterval interval, DateTime? startTime = null, DateTime? endTime = null, int? limit = null, CancellationToken ct = default(CancellationToken))'??留ㅺ컻 蹂??'symbol'?????媛?ν븳 null 李몄“ ?몄닔?낅땲?? [E:\PROJECT\CoinFF\TradingBot\TradingBot\TradingBot.csproj]
E:\PROJECT\CoinFF\TradingBot\TradingBot\TradeStatisticsWindow.xaml.cs(32,16): warning CS8618: null???덉슜?섏? ?딅뒗 ?띿꽦 'WinRateSeries'?(?? ?앹꽦?먮? 醫낅즺????null???꾨땶 媛믪쓣 ?ы븿?댁빞 ?⑸땲?? 'required' ?쒖젙?먮? 異붽??섍굅???띿꽦??瑜? nullable濡??좎뼵?섎뒗 寃껋씠 醫뗭뒿?덈떎. [E:\PROJECT\CoinFF\TradingBot\TradingBot\TradingBot.csproj]
E:\PROJECT\CoinFF\TradingBot\TradingBot\TradeStatisticsWindow.xaml.cs(32,16): warning CS8618: null???덉슜?섏? ?딅뒗 ?띿꽦 'CumulativeProfitSeries'?(?? ?앹꽦?먮? 醫낅즺????null???꾨땶 媛믪쓣 ?ы븿?댁빞 ?⑸땲?? 'required' ?쒖젙?먮? 異붽??섍굅???띿꽦??瑜? nullable濡??좎뼵?섎뒗 寃껋씠 醫뗭뒿?덈떎. [E:\PROJECT\CoinFF\TradingBot\TradingBot\TradingBot.csproj]
E:\PROJECT\CoinFF\TradingBot\TradingBot\TradeStatisticsWindow.xaml.cs(32,16): warning CS8618: null???덉슜?섏? ?딅뒗 ?띿꽦 'HourlyProfitSeries'?(?? ?앹꽦?먮? 醫낅즺????null???꾨땶 媛믪쓣 ?ы븿?댁빞 ?⑸땲?? 'required' ?쒖젙?먮? 異붽??섍굅???띿꽦??瑜? nullable濡??좎뼵?섎뒗 寃껋씠 醫뗭뒿?덈떎. [E:\PROJECT\CoinFF\TradingBot\TradingBot\TradingBot.csproj]
E:\PROJECT\CoinFF\TradingBot\TradingBot\TradeStatisticsWindow.xaml.cs(32,16): warning CS8618: null???덉슜?섏? ?딅뒗 ?띿꽦 'HourlyLabels'?(?? ?앹꽦?먮? 醫낅즺????null???꾨땶 媛믪쓣 ?ы븿?댁빞 ?⑸땲?? 'required' ?쒖젙?먮? 異붽??섍굅???띿꽦??瑜? nullable濡??좎뼵?섎뒗 寃껋씠 醫뗭뒿?덈떎. [E:\PROJECT\CoinFF\TradingBot\TradingBot\TradingBot.csproj]
E:\PROJECT\CoinFF\TradingBot\TradingBot\TradeStatisticsWindow.xaml.cs(32,16): warning CS8618: null???덉슜?섏? ?딅뒗 ?띿꽦 'TradeLabels'?(?? ?앹꽦?먮? 醫낅즺????null???꾨땶 媛믪쓣 ?ы븿?댁빞 ?⑸땲?? 'required' ?쒖젙?먮? 異붽??섍굅???띿꽦??瑜? nullable濡??좎뼵?섎뒗 寃껋씠 醫뗭뒿?덈떎. [E:\PROJECT\CoinFF\TradingBot\TradingBot\TradingBot.csproj]
E:\PROJECT\CoinFF\TradingBot\TradingBot\TradeStatisticsWindow.xaml.cs(32,16): warning CS8618: null???덉슜?섏? ?딅뒗 ?꾨뱶 '_summaryText'?(?? ?앹꽦?먮? 醫낅즺????null???꾨땶 媛믪쓣 ?ы븿?댁빞 ?⑸땲?? 'required' ?쒖젙?먮? 異붽??섍굅???꾨뱶??瑜? nullable濡??좎뼵?섎뒗 寃껋씠 醫뗭뒿?덈떎. [E:\PROJECT\CoinFF\TradingBot\TradingBot\TradingBot.csproj]
E:\PROJECT\CoinFF\TradingBot\TradingBot\LoginWindow.xaml.cs(16,16): warning CS8618: null???덉슜?섏? ?딅뒗 ?꾨뱶 '_dbService'?(?? ?앹꽦?먮? 醫낅즺????null???꾨땶 媛믪쓣 ?ы븿?댁빞 ?⑸땲?? 'required' ?쒖젙?먮? 異붽??섍굅???꾨뱶??瑜? nullable濡??좎뼵?섎뒗 寃껋씠 醫뗭뒿?덈떎. [E:\PROJECT\CoinFF\TradingBot\TradingBot\TradingBot.csproj]
E:\PROJECT\CoinFF\TradingBot\TradingBot\TelegramService.cs(35,30): warning CS8625: Null 由ы꽣?댁쓣 null???덉슜?섏? ?딅뒗 李몄“ ?뺤떇?쇰줈 蹂?섑븷 ???놁뒿?덈떎. [E:\PROJECT\CoinFF\TradingBot\TradingBot\TradingBot.csproj]
E:\PROJECT\CoinFF\TradingBot\TradingBot\TimeSeriesDataLoader.cs(170,32): warning CS8602: null 媛??李몄“???????갭議곗엯?덈떎. [E:\PROJECT\CoinFF\TradingBot\TradingBot\TradingBot.csproj]
E:\PROJECT\CoinFF\TradingBot\TradingBot\MarketDataManager.cs(39,16): warning CS8618: null???덉슜?섏? ?딅뒗 ?꾨뱶 '_socketClient'?(?? ?앹꽦?먮? 醫낅즺????null???꾨땶 媛믪쓣 ?ы븿?댁빞 ?⑸땲?? 'required' ?쒖젙?먮? 異붽??섍굅???꾨뱶??瑜? nullable濡??좎뼵?섎뒗 寃껋씠 醫뗭뒿?덈떎. [E:\PROJECT\CoinFF\TradingBot\TradingBot\TradingBot.csproj]
E:\PROJECT\CoinFF\TradingBot\TradingBot\User.cs(6,23): warning CS8618: null???덉슜?섏? ?딅뒗 ?띿꽦 'Username'?(?? ?앹꽦?먮? 醫낅즺????null???꾨땶 媛믪쓣 ?ы븿?댁빞 ?⑸땲?? 'required' ?쒖젙?먮? 異붽??섍굅???띿꽦??瑜? nullable濡??좎뼵?섎뒗 寃껋씠 醫뗭뒿?덈떎. [E:\PROJECT\CoinFF\TradingBot\TradingBot\TradingBot.csproj]
E:\PROJECT\CoinFF\TradingBot\TradingBot\User.cs(7,23): warning CS8618: null???덉슜?섏? ?딅뒗 ?띿꽦 'Email'?(?? ?앹꽦?먮? 醫낅즺????null???꾨땶 媛믪쓣 ?ы븿?댁빞 ?⑸땲?? 'required' ?쒖젙?먮? 異붽??섍굅???띿꽦??瑜? nullable濡??좎뼵?섎뒗 寃껋씠 醫뗭뒿?덈떎. [E:\PROJECT\CoinFF\TradingBot\TradingBot\TradingBot.csproj]
E:\PROJECT\CoinFF\TradingBot\TradingBot\User.cs(8,23): warning CS8618: null???덉슜?섏? ?딅뒗 ?띿꽦 'PasswordHash'?(?? ?앹꽦?먮? 醫낅즺????null???꾨땶 媛믪쓣 ?ы븿?댁빞 ?⑸땲?? 'required' ?쒖젙?먮? 異붽??섍굅???띿꽦??瑜? nullable濡??좎뼵?섎뒗 寃껋씠 醫뗭뒿?덈떎. [E:\PROJECT\CoinFF\TradingBot\TradingBot\TradingBot.csproj]
E:\PROJECT\CoinFF\TradingBot\TradingBot\User.cs(9,23): warning CS8618: null???덉슜?섏? ?딅뒗 ?띿꽦 'BinanceApiKey'?(?? ?앹꽦?먮? 醫낅즺????null???꾨땶 媛믪쓣 ?ы븿?댁빞 ?⑸땲?? 'required' ?쒖젙?먮? 異붽??섍굅???띿꽦??瑜? nullable濡??좎뼵?섎뒗 寃껋씠 醫뗭뒿?덈떎. [E:\PROJECT\CoinFF\TradingBot\TradingBot\TradingBot.csproj]
E:\PROJECT\CoinFF\TradingBot\TradingBot\User.cs(10,23): warning CS8618: null???덉슜?섏? ?딅뒗 ?띿꽦 'BinanceApiSecret'?(?? ?앹꽦?먮? 醫낅즺????null???꾨땶 媛믪쓣 ?ы븿?댁빞 ?⑸땲?? 'required' ?쒖젙?먮? 異붽??섍굅???띿꽦??瑜? nullable濡??좎뼵?섎뒗 寃껋씠 醫뗭뒿?덈떎. [E:\PROJECT\CoinFF\TradingBot\TradingBot\TradingBot.csproj]
E:\PROJECT\CoinFF\TradingBot\TradingBot\User.cs(11,23): warning CS8618: null???덉슜?섏? ?딅뒗 ?띿꽦 'TelegramBotToken'?(?? ?앹꽦?먮? 醫낅즺????null???꾨땶 媛믪쓣 ?ы븿?댁빞 ?⑸땲?? 'required' ?쒖젙?먮? 異붽??섍굅???띿꽦??瑜? nullable濡??좎뼵?섎뒗 寃껋씠 醫뗭뒿?덈떎. [E:\PROJECT\CoinFF\TradingBot\TradingBot\TradingBot.csproj]
E:\PROJECT\CoinFF\TradingBot\TradingBot\User.cs(12,23): warning CS8618: null???덉슜?섏? ?딅뒗 ?띿꽦 'TelegramChatId'?(?? ?앹꽦?먮? 醫낅즺????null???꾨땶 媛믪쓣 ?ы븿?댁빞 ?⑸땲?? 'required' ?쒖젙?먮? 異붽??섍굅???띿꽦??瑜? nullable濡??좎뼵?섎뒗 寃껋씠 醫뗭뒿?덈떎. [E:\PROJECT\CoinFF\TradingBot\TradingBot\TradingBot.csproj]
E:\PROJECT\CoinFF\TradingBot\TradingBot\User.cs(13,23): warning CS8618: null???덉슜?섏? ?딅뒗 ?띿꽦 'BybitApiKey'?(?? ?앹꽦?먮? 醫낅즺????null???꾨땶 媛믪쓣 ?ы븿?댁빞 ?⑸땲?? 'required' ?쒖젙?먮? 異붽??섍굅???띿꽦??瑜? nullable濡??좎뼵?섎뒗 寃껋씠 醫뗭뒿?덈떎. [E:\PROJECT\CoinFF\TradingBot\TradingBot\TradingBot.csproj]
E:\PROJECT\CoinFF\TradingBot\TradingBot\User.cs(14,23): warning CS8618: null???덉슜?섏? ?딅뒗 ?띿꽦 'BybitApiSecret'?(?? ?앹꽦?먮? 醫낅즺????null???꾨땶 媛믪쓣 ?ы븿?댁빞 ?⑸땲?? 'required' ?쒖젙?먮? 異붽??섍굅???띿꽦??瑜? nullable濡??좎뼵?섎뒗 寃껋씠 醫뗭뒿?덈떎. [E:\PROJECT\CoinFF\TradingBot\TradingBot\TradingBot.csproj]
E:\PROJECT\CoinFF\TradingBot\TradingBot\Models\Phase5Models.cs(38,23): warning CS8618: null???덉슜?섏? ?딅뒗 ?띿꽦 'Symbol'?(?? ?앹꽦?먮? 醫낅즺????null???꾨땶 媛믪쓣 ?ы븿?댁빞 ?⑸땲?? 'required' ?쒖젙?먮? 異붽??섍굅???띿꽦??瑜? nullable濡??좎뼵?섎뒗 寃껋씠 醫뗭뒿?덈떎. [E:\PROJECT\CoinFF\TradingBot\TradingBot\TradingBot.csproj]
E:\PROJECT\CoinFF\TradingBot\TradingBot\Models\Phase5Models.cs(39,23): warning CS8618: null???덉슜?섏? ?딅뒗 ?띿꽦 'Side'?(?? ?앹꽦?먮? 醫낅즺????null???꾨땶 媛믪쓣 ?ы븿?댁빞 ?⑸땲?? 'required' ?쒖젙?먮? 異붽??섍굅???띿꽦??瑜? nullable濡??좎뼵?섎뒗 寃껋씠 醫뗭뒿?덈떎. [E:\PROJECT\CoinFF\TradingBot\TradingBot\TradingBot.csproj]
E:\PROJECT\CoinFF\TradingBot\TradingBot\Models\Phase5Models.cs(45,23): warning CS8618: null???덉슜?섏? ?딅뒗 ?띿꽦 'ExitReason'?(?? ?앹꽦?먮? 醫낅즺????null???꾨땶 媛믪쓣 ?ы븿?댁빞 ?⑸땲?? 'required' ?쒖젙?먮? 異붽??섍굅???띿꽦??瑜? nullable濡??좎뼵?섎뒗 寃껋씠 醫뗭뒿?덈떎. [E:\PROJECT\CoinFF\TradingBot\TradingBot\TradingBot.csproj]
E:\PROJECT\CoinFF\TradingBot\TradingBot\SettingsWindow.xaml.cs(33,25): warning CS8602: null 媛??李몄“???????갭議곗엯?덈떎. [E:\PROJECT\CoinFF\TradingBot\TradingBot\TradingBot.csproj]
E:\PROJECT\CoinFF\TradingBot\TradingBot\SettingsWindow.xaml.cs(35,52): warning CS8602: null 媛??李몄“???????갭議곗엯?덈떎. [E:\PROJECT\CoinFF\TradingBot\TradingBot\TradingBot.csproj]
E:\PROJECT\CoinFF\TradingBot\TradingBot\SettingsWindow.xaml.cs(35,52): warning CS8602: null 媛??李몄“???????갭議곗엯?덈떎. [E:\PROJECT\CoinFF\TradingBot\TradingBot\TradingBot.csproj]
E:\PROJECT\CoinFF\TradingBot\TradingBot\SettingsWindow.xaml.cs(64,80): warning CS8602: null 媛??李몄“???????갭議곗엯?덈떎. [E:\PROJECT\CoinFF\TradingBot\TradingBot\TradingBot.csproj]
E:\PROJECT\CoinFF\TradingBot\TradingBot\Services\FundTransferService.cs(234,29): warning CS8625: Null 由ы꽣?댁쓣 null???덉슜?섏? ?딅뒗 李몄“ ?뺤떇?쇰줈 蹂?섑븷 ???놁뒿?덈떎. [E:\PROJECT\CoinFF\TradingBot\TradingBot\TradingBot.csproj]
E:\PROJECT\CoinFF\TradingBot\TradingBot\Services\FundTransferService.cs(307,17): warning CS0162: ?묎렐?????녿뒗 肄붾뱶媛 ?덉뒿?덈떎. [E:\PROJECT\CoinFF\TradingBot\TradingBot\TradingBot.csproj]
E:\PROJECT\CoinFF\TradingBot\TradingBot\Services\FundTransferService.cs(177,48): warning CS1998: ??鍮꾨룞湲?硫붿꽌?쒖뿉??'await' ?곗궛?먭? ?놁쑝硫?硫붿꽌?쒓? ?숈떆???ㅽ뻾?⑸땲?? 'await' ?곗궛?먮? ?ъ슜?섏뿬 鍮꾨툝濡쒗궧 API ?몄텧???湲고븯嫄곕굹, 'await Task.Run(...)'???ъ슜?섏뿬 諛깃렇?쇱슫???ㅻ젅?쒖뿉??CPU 諛붿씤?⑸맂 ?묒뾽???섑뻾?섏꽭?? [E:\PROJECT\CoinFF\TradingBot\TradingBot\TradingBot.csproj]
E:\PROJECT\CoinFF\TradingBot\TradingBot\SettingsWindow.xaml.cs(103,17): warning CS8602: null 媛??李몄“???????갭議곗엯?덈떎. [E:\PROJECT\CoinFF\TradingBot\TradingBot\TradingBot.csproj]
E:\PROJECT\CoinFF\TradingBot\TradingBot\SettingsWindow.xaml.cs(109,17): warning CS8602: null 媛??李몄“???????갭議곗엯?덈떎. [E:\PROJECT\CoinFF\TradingBot\TradingBot\TradingBot.csproj]
E:\PROJECT\CoinFF\TradingBot\TradingBot\SettingsWindow.xaml.cs(112,21): warning CS8602: null 媛??李몄“???????갭議곗엯?덈떎. [E:\PROJECT\CoinFF\TradingBot\TradingBot\TradingBot.csproj]
E:\PROJECT\CoinFF\TradingBot\TradingBot\SettingsWindow.xaml.cs(113,21): warning CS8602: null 媛??李몄“???????갭議곗엯?덈떎. [E:\PROJECT\CoinFF\TradingBot\TradingBot\TradingBot.csproj]
E:\PROJECT\CoinFF\TradingBot\TradingBot\SettingsWindow.xaml.cs(116,21): warning CS8602: null 媛??李몄“???????갭議곗엯?덈떎. [E:\PROJECT\CoinFF\TradingBot\TradingBot\TradingBot.csproj]
E:\PROJECT\CoinFF\TradingBot\TradingBot\SettingsWindow.xaml.cs(116,21): warning CS8602: null 媛??李몄“???????갭議곗엯?덈떎. [E:\PROJECT\CoinFF\TradingBot\TradingBot\TradingBot.csproj]
E:\PROJECT\CoinFF\TradingBot\TradingBot\SettingsWindow.xaml.cs(119,21): warning CS8602: null 媛??李몄“???????갭議곗엯?덈떎. [E:\PROJECT\CoinFF\TradingBot\TradingBot\TradingBot.csproj]
E:\PROJECT\CoinFF\TradingBot\TradingBot\SettingsWindow.xaml.cs(119,21): warning CS8602: null 媛??李몄“???????갭議곗엯?덈떎. [E:\PROJECT\CoinFF\TradingBot\TradingBot\TradingBot.csproj]
E:\PROJECT\CoinFF\TradingBot\TradingBot\SettingsWindow.xaml.cs(122,21): warning CS8602: null 媛??李몄“???????갭議곗엯?덈떎. [E:\PROJECT\CoinFF\TradingBot\TradingBot\TradingBot.csproj]
E:\PROJECT\CoinFF\TradingBot\TradingBot\SettingsWindow.xaml.cs(122,21): warning CS8602: null 媛??李몄“???????갭議곗엯?덈떎. [E:\PROJECT\CoinFF\TradingBot\TradingBot\TradingBot.csproj]
E:\PROJECT\CoinFF\TradingBot\TradingBot\SettingsWindow.xaml.cs(125,21): warning CS8602: null 媛??李몄“???????갭議곗엯?덈떎. [E:\PROJECT\CoinFF\TradingBot\TradingBot\TradingBot.csproj]
E:\PROJECT\CoinFF\TradingBot\TradingBot\SettingsWindow.xaml.cs(131,17): warning CS8602: null 媛??李몄“???????갭議곗엯?덈떎. [E:\PROJECT\CoinFF\TradingBot\TradingBot\TradingBot.csproj]
E:\PROJECT\CoinFF\TradingBot\TradingBot\SettingsWindow.xaml.cs(134,21): warning CS8602: null 媛??李몄“???????갭議곗엯?덈떎. [E:\PROJECT\CoinFF\TradingBot\TradingBot\TradingBot.csproj]
E:\PROJECT\CoinFF\TradingBot\TradingBot\SettingsWindow.xaml.cs(134,67): warning CS8602: null 媛??李몄“???????갭議곗엯?덈떎. [E:\PROJECT\CoinFF\TradingBot\TradingBot\TradingBot.csproj]
E:\PROJECT\CoinFF\TradingBot\TradingBot\SettingsWindow.xaml.cs(137,21): warning CS8602: null 媛??李몄“???????갭議곗엯?덈떎. [E:\PROJECT\CoinFF\TradingBot\TradingBot\TradingBot.csproj]
E:\PROJECT\CoinFF\TradingBot\TradingBot\SettingsWindow.xaml.cs(137,21): warning CS8602: null 媛??李몄“???????갭議곗엯?덈떎. [E:\PROJECT\CoinFF\TradingBot\TradingBot\TradingBot.csproj]
E:\PROJECT\CoinFF\TradingBot\TradingBot\SettingsWindow.xaml.cs(139,21): warning CS8602: null 媛??李몄“???????갭議곗엯?덈떎. [E:\PROJECT\CoinFF\TradingBot\TradingBot\TradingBot.csproj]
E:\PROJECT\CoinFF\TradingBot\TradingBot\SettingsWindow.xaml.cs(139,21): warning CS8602: null 媛??李몄“???????갭議곗엯?덈떎. [E:\PROJECT\CoinFF\TradingBot\TradingBot\TradingBot.csproj]
E:\PROJECT\CoinFF\TradingBot\TradingBot\SettingsWindow.xaml.cs(142,21): warning CS8602: null 媛??李몄“???????갭議곗엯?덈떎. [E:\PROJECT\CoinFF\TradingBot\TradingBot\TradingBot.csproj]
E:\PROJECT\CoinFF\TradingBot\TradingBot\SettingsWindow.xaml.cs(142,72): warning CS8602: null 媛??李몄“???????갭議곗엯?덈떎. [E:\PROJECT\CoinFF\TradingBot\TradingBot\TradingBot.csproj]
E:\PROJECT\CoinFF\TradingBot\TradingBot\SettingsWindow.xaml.cs(144,17): warning CS8602: null 媛??李몄“???????갭議곗엯?덈떎. [E:\PROJECT\CoinFF\TradingBot\TradingBot\TradingBot.csproj]
E:\PROJECT\CoinFF\TradingBot\TradingBot\SettingsWindow.xaml.cs(144,17): warning CS8602: null 媛??李몄“???????갭議곗엯?덈떎. [E:\PROJECT\CoinFF\TradingBot\TradingBot\TradingBot.csproj]
E:\PROJECT\CoinFF\TradingBot\TradingBot\Services\ArbitrageExecutionService.cs(50,27): warning CS1998: ??鍮꾨룞湲?硫붿꽌?쒖뿉??'await' ?곗궛?먭? ?놁쑝硫?硫붿꽌?쒓? ?숈떆???ㅽ뻾?⑸땲?? 'await' ?곗궛?먮? ?ъ슜?섏뿬 鍮꾨툝濡쒗궧 API ?몄텧???湲고븯嫄곕굹, 'await Task.Run(...)'???ъ슜?섏뿬 諛깃렇?쇱슫???ㅻ젅?쒖뿉??CPU 諛붿씤?⑸맂 ?묒뾽???섑뻾?섏꽭?? [E:\PROJECT\CoinFF\TradingBot\TradingBot\TradingBot.csproj]
E:\PROJECT\CoinFF\TradingBot\TradingBot\SignUpWindow.xaml.cs(76,23): warning CS8602: null 媛??李몄“???????갭議곗엯?덈떎. [E:\PROJECT\CoinFF\TradingBot\TradingBot\TradingBot.csproj]
E:\PROJECT\CoinFF\TradingBot\TradingBot\SignUpWindow.xaml.cs(121,23): warning CS8602: null 媛??李몄“???????갭議곗엯?덈떎. [E:\PROJECT\CoinFF\TradingBot\TradingBot\TradingBot.csproj]
E:\PROJECT\CoinFF\TradingBot\TradingBot\SignUpWindow.xaml.cs(284,27): warning CS8602: null 媛??李몄“???????갭議곗엯?덈떎. [E:\PROJECT\CoinFF\TradingBot\TradingBot\TradingBot.csproj]
E:\PROJECT\CoinFF\TradingBot\TradingBot\TelegramService.cs(15,24): warning CS8618: null???덉슜?섏? ?딅뒗 ?꾨뱶 'BotToken'?(?? ?앹꽦?먮? 醫낅즺????null???꾨땶 媛믪쓣 ?ы븿?댁빞 ?⑸땲?? 'required' ?쒖젙?먮? 異붽??섍굅???꾨뱶??瑜? nullable濡??좎뼵?섎뒗 寃껋씠 醫뗭뒿?덈떎. [E:\PROJECT\CoinFF\TradingBot\TradingBot\TradingBot.csproj]
E:\PROJECT\CoinFF\TradingBot\TradingBot\TelegramService.cs(16,24): warning CS8618: null???덉슜?섏? ?딅뒗 ?꾨뱶 'ChatId'?(?? ?앹꽦?먮? 醫낅즺????null???꾨땶 媛믪쓣 ?ы븿?댁빞 ?⑸땲?? 'required' ?쒖젙?먮? 異붽??섍굅???꾨뱶??瑜? nullable濡??좎뼵?섎뒗 寃껋씠 醫뗭뒿?덈떎. [E:\PROJECT\CoinFF\TradingBot\TradingBot\TradingBot.csproj]
E:\PROJECT\CoinFF\TradingBot\TradingBot\TelegramService.cs(17,36): warning CS8618: null???덉슜?섏? ?딅뒗 ?꾨뱶 '_botClient'?(?? ?앹꽦?먮? 醫낅즺????null???꾨땶 媛믪쓣 ?ы븿?댁빞 ?⑸땲?? 'required' ?쒖젙?먮? 異붽??섍굅???꾨뱶??瑜? nullable濡??좎뼵?섎뒗 寃껋씠 醫뗭뒿?덈떎. [E:\PROJECT\CoinFF\TradingBot\TradingBot\TradingBot.csproj]
E:\PROJECT\CoinFF\TradingBot\TradingBot\TelegramService.cs(18,41): warning CS8618: null???덉슜?섏? ?딅뒗 ?꾨뱶 '_recvCts'?(?? ?앹꽦?먮? 醫낅즺????null???꾨땶 媛믪쓣 ?ы븿?댁빞 ?⑸땲?? 'required' ?쒖젙?먮? 異붽??섍굅???꾨뱶??瑜? nullable濡??좎뼵?섎뒗 寃껋씠 醫뗭뒿?덈떎. [E:\PROJECT\CoinFF\TradingBot\TradingBot\TradingBot.csproj]
E:\PROJECT\CoinFF\TradingBot\TradingBot\TelegramService.cs(19,29): warning CS8618: null???덉슜?섏? ?딅뒗 ?띿꽦 'OnRequestStatus'?(?? ?앹꽦?먮? 醫낅즺????null???꾨땶 媛믪쓣 ?ы븿?댁빞 ?⑸땲?? 'required' ?쒖젙?먮? 異붽??섍굅???띿꽦??瑜? nullable濡??좎뼵?섎뒗 寃껋씠 醫뗭뒿?덈떎. [E:\PROJECT\CoinFF\TradingBot\TradingBot\TradingBot.csproj]
E:\PROJECT\CoinFF\TradingBot\TradingBot\TelegramService.cs(20,23): warning CS8618: null???덉슜?섏? ?딅뒗 ?띿꽦 'OnRequestStop'?(?? ?앹꽦?먮? 醫낅즺????null???꾨땶 媛믪쓣 ?ы븿?댁빞 ?⑸땲?? 'required' ?쒖젙?먮? 異붽??섍굅???띿꽦??瑜? nullable濡??좎뼵?섎뒗 寃껋씠 醫뗭뒿?덈떎. [E:\PROJECT\CoinFF\TradingBot\TradingBot\TradingBot.csproj]
E:\PROJECT\CoinFF\TradingBot\TradingBot\TelegramService.cs(21,54): warning CS8618: null???덉슜?섏? ?딅뒗 ?꾨뱶 '_commands'?(?? ?앹꽦?먮? 醫낅즺????null???꾨땶 媛믪쓣 ?ы븿?댁빞 ?⑸땲?? 'required' ?쒖젙?먮? 異붽??섍굅???꾨뱶??瑜? nullable濡??좎뼵?섎뒗 寃껋씠 醫뗭뒿?덈떎. [E:\PROJECT\CoinFF\TradingBot\TradingBot\TradingBot.csproj]
E:\PROJECT\CoinFF\TradingBot\TradingBot\TelegramService.cs(12,40): warning CS8618: null???덉슜?섏? ?딅뒗 ?꾨뱶 '_instance'?(?? ?앹꽦?먮? 醫낅즺????null???꾨땶 媛믪쓣 ?ы븿?댁빞 ?⑸땲?? 'required' ?쒖젙?먮? 異붽??섍굅???꾨뱶??瑜? nullable濡??좎뼵?섎뒗 寃껋씠 醫뗭뒿?덈떎. [E:\PROJECT\CoinFF\TradingBot\TradingBot\TradingBot.csproj]
E:\PROJECT\CoinFF\TradingBot\TradingBot\Services\ArbitrageExecutionService.cs(240,29): warning CS8625: Null 由ы꽣?댁쓣 null???덉슜?섏? ?딅뒗 李몄“ ?뺤떇?쇰줈 蹂?섑븷 ???놁뒿?덈떎. [E:\PROJECT\CoinFF\TradingBot\TradingBot\TradingBot.csproj]
E:\PROJECT\CoinFF\TradingBot\TradingBot\Services\ArbitrageExecutionService.cs(321,25): warning CS8604: 'Task TelegramService.SendArbitrageExecutionResultAsync(string symbol, bool success, decimal actualProfit, string errorMessage = null)'??留ㅺ컻 蹂??'errorMessage'?????媛?ν븳 null 李몄“ ?몄닔?낅땲?? [E:\PROJECT\CoinFF\TradingBot\TradingBot\TradingBot.csproj]
E:\PROJECT\CoinFF\TradingBot\TradingBot\MainWindow.xaml.cs(691,28): warning CS1998: ??鍮꾨룞湲?硫붿꽌?쒖뿉??'await' ?곗궛?먭? ?놁쑝硫?硫붿꽌?쒓? ?숈떆???ㅽ뻾?⑸땲?? 'await' ?곗궛?먮? ?ъ슜?섏뿬 鍮꾨툝濡쒗궧 API ?몄텧???湲고븯嫄곕굹, 'await Task.Run(...)'???ъ슜?섏뿬 諛깃렇?쇱슫???ㅻ젅?쒖뿉??CPU 諛붿씤?⑸맂 ?묒뾽???섑뻾?섏꽭?? [E:\PROJECT\CoinFF\TradingBot\TradingBot\TradingBot.csproj]
E:\PROJECT\CoinFF\TradingBot\TradingBot\TradingEngine.cs(102,44): warning CS0067: 'TradingEngine.OnTelegramStatusUpdate' ?대깽?멸? ?ъ슜?섏? ?딆븯?듬땲?? [E:\PROJECT\CoinFF\TradingBot\TradingBot\TradingBot.csproj]
E:\PROJECT\CoinFF\TradingBot\TradingBot\OnChainAnalysisService.cs(29,48): warning CS0067: 'OnChainAnalysisService.OnWhaleAlert' ?대깽?멸? ?ъ슜?섏? ?딆븯?듬땲?? [E:\PROJECT\CoinFF\TradingBot\TradingBot\TradingBot.csproj]
E:\PROJECT\CoinFF\TradingBot\TradingBot\MainViewModel.cs(138,22): warning CS0414: 'MainViewModel._isAiMonitorVisible' ?꾨뱶媛 ?좊떦?섏뿀吏留??ъ슜?섏? ?딆븯?듬땲?? [E:\PROJECT\CoinFF\TradingBot\TradingBot\TradingBot.csproj]
E:\PROJECT\CoinFF\TradingBot\TradingBot\MainViewModel.cs(851,31): warning CA2021: ?뺤떇 'TradingBot.Shared.Models.CandleData'?(?? ?뺤떇 'TradingBot.Models.CandleData'怨??) ?명솚?섏? ?딆쑝硫?罹먯뒪???쒕룄?먯꽌 ?고??꾩뿉 InvalidCastException??諛쒖깮?⑸땲?? (https://learn.microsoft.com/dotnet/fundamentals/code-analysis/quality-rules/ca2021) [E:\PROJECT\CoinFF\TradingBot\TradingBot\TradingBot.csproj]
C:\Program Files\dotnet\sdk\9.0.308\Sdks\Microsoft.NET.Sdk\targets\Microsoft.NET.Sdk.targets(323,5): error NETSDK1004: ?먯궛 ?뚯씪 'E:\PROJECT\CoinFF\TradingBot\TradingBot\obj\project.assets.json'??瑜? 李얠쓣 ???놁뒿?덈떎. NuGet ?⑦궎吏 蹂듭썝???ㅽ뻾?섏뿬 ???뚯씪???앹꽦?섏꽭?? [E:\PROJECT\CoinFF\TradingBot\TradingBot\TradingBot.csproj]
  TradingBot.Web -> E:\PROJECT\CoinFF\TradingBot\TradingBot.Web\bin\Debug\net9.0\TradingBot.Web.dll

鍮뚮뱶?섏? 紐삵뻽?듬땲??

E:\PROJECT\CoinFF\TradingBot\TradingBot.Tests\TradingBot.Tests.csproj : warning NU1603: TradingBot?(?? Hardcodet.NotifyIcon.Wpf (>= 1.2.0)??醫낆냽?섏?留?Hardcodet.NotifyIcon.Wpf 1.2.0??瑜? 李얠쓣 ???놁뒿?덈떎. ???Hardcodet.NotifyIcon.Wpf 2.0.0??媛) ?뺤씤?섏뿀?듬땲?? [E:\PROJECT\CoinFF\TradingBot\TradingBot.sln]
E:\PROJECT\CoinFF\TradingBot\TradingBot\TradingBot.csproj : warning NU1603: TradingBot depends on Hardcodet.NotifyIcon.Wpf (>= 1.2.0) but Hardcodet.NotifyIcon.Wpf 1.2.0 was not found. Hardcodet.NotifyIcon.Wpf 2.0.0 was resolved instead. [E:\PROJECT\CoinFF\TradingBot\TradingBot.sln]
E:\PROJECT\CoinFF\TradingBot\TradingBot.Tests\TradingBot.Tests.csproj : warning NU1603: TradingBot?(?? TorchSharp (>= 0.103.3)??醫낆냽?섏?留?TorchSharp 0.103.3??瑜? 李얠쓣 ???놁뒿?덈떎. ???TorchSharp 0.104.0??媛) ?뺤씤?섏뿀?듬땲?? [E:\PROJECT\CoinFF\TradingBot\TradingBot.sln]
E:\PROJECT\CoinFF\TradingBot\TradingBot\TradingBot.csproj : warning NU1603: TradingBot depends on TorchSharp (>= 0.103.3) but TorchSharp 0.103.3 was not found. TorchSharp 0.104.0 was resolved instead. [E:\PROJECT\CoinFF\TradingBot\TradingBot.sln]
E:\PROJECT\CoinFF\TradingBot\TradingBot\TradingBot.csproj : warning NU1603: TradingBot depends on TorchSharp-cpu (>= 0.103.3) but TorchSharp-cpu 0.103.3 was not found. TorchSharp-cpu 0.104.0 was resolved instead. [E:\PROJECT\CoinFF\TradingBot\TradingBot.sln]
E:\PROJECT\CoinFF\TradingBot\TradingBot\TradingBot.csproj : warning NU1701: Package 'LiveCharts 0.9.7' was restored using '.NETFramework,Version=v4.6.1, .NETFramework,Version=v4.6.2, .NETFramework,Version=v4.7, .NETFramework,Version=v4.7.1, .NETFramework,Version=v4.7.2, .NETFramework,Version=v4.8, .NETFramework,Version=v4.8.1' instead of the project target framework 'net9.0-windows7.0'. This package may not be fully compatible with your project. [E:\PROJECT\CoinFF\TradingBot\TradingBot.sln]
E:\PROJECT\CoinFF\TradingBot\TradingBot.Tests\TradingBot.Tests.csproj : warning NU1603: TradingBot?(?? TorchSharp-cpu (>= 0.103.3)??醫낆냽?섏?留?TorchSharp-cpu 0.103.3??瑜? 李얠쓣 ???놁뒿?덈떎. ???TorchSharp-cpu 0.104.0??媛) ?뺤씤?섏뿀?듬땲?? [E:\PROJECT\CoinFF\TradingBot\TradingBot.sln]
E:\PROJECT\CoinFF\TradingBot\TradingBot\TradingBot.csproj : warning NU1701: Package 'LiveCharts.Wpf 0.9.7' was restored using '.NETFramework,Version=v4.6.1, .NETFramework,Version=v4.6.2, .NETFramework,Version=v4.7, .NETFramework,Version=v4.7.1, .NETFramework,Version=v4.7.2, .NETFramework,Version=v4.8, .NETFramework,Version=v4.8.1' instead of the project target framework 'net9.0-windows7.0'. This package may not be fully compatible with your project. [E:\PROJECT\CoinFF\TradingBot\TradingBot.sln]
E:\PROJECT\CoinFF\TradingBot\TradingBot\TradingBot.csproj : warning NU1701: Package 'ReactiveUI.WPF 23.1.1' was restored using '.NETFramework,Version=v4.6.1, .NETFramework,Version=v4.6.2, .NETFramework,Version=v4.7, .NETFramework,Version=v4.7.1, .NETFramework,Version=v4.7.2, .NETFramework,Version=v4.8, .NETFramework,Version=v4.8.1' instead of the project target framework 'net9.0-windows7.0'. This package may not be fully compatible with your project. [E:\PROJECT\CoinFF\TradingBot\TradingBot.sln]
E:\PROJECT\CoinFF\TradingBot\TradingBot.Tests\TradingBot.Tests.csproj : warning NU1701: ?꾨줈?앺듃 ????꾨젅?꾩썙??'net9.0-windows7.0' ???'.NETFramework,Version=v4.6.1, .NETFramework,Version=v4.6.2, .NETFramework,Version=v4.7, .NETFramework,Version=v4.7.1, .NETFramework,Version=v4.7.2, .NETFramework,Version=v4.8, .NETFramework,Version=v4.8.1'??瑜? ?ъ슜?섏뿬 ?⑦궎吏 'LiveCharts 0.9.7'??瑜? 蹂듭썝?덉뒿?덈떎. ???⑦궎吏???꾨줈?앺듃? ?꾨꼍?섍쾶 ?명솚?섏? ?딆쓣 ???덉뒿?덈떎. [E:\PROJECT\CoinFF\TradingBot\TradingBot.sln]
E:\PROJECT\CoinFF\TradingBot\TradingBot.Tests\TradingBot.Tests.csproj : warning NU1701: ?꾨줈?앺듃 ????꾨젅?꾩썙??'net9.0-windows7.0' ???'.NETFramework,Version=v4.6.1, .NETFramework,Version=v4.6.2, .NETFramework,Version=v4.7, .NETFramework,Version=v4.7.1, .NETFramework,Version=v4.7.2, .NETFramework,Version=v4.8, .NETFramework,Version=v4.8.1'??瑜? ?ъ슜?섏뿬 ?⑦궎吏 'LiveCharts.Wpf 0.9.7'??瑜? 蹂듭썝?덉뒿?덈떎. ???⑦궎吏???꾨줈?앺듃? ?꾨꼍?섍쾶 ?명솚?섏? ?딆쓣 ???덉뒿?덈떎. [E:\PROJECT\CoinFF\TradingBot\TradingBot.sln]
E:\PROJECT\CoinFF\TradingBot\TradingBot.Tests\TradingBot.Tests.csproj : warning NU1701: ?꾨줈?앺듃 ????꾨젅?꾩썙??'net9.0-windows7.0' ???'.NETFramework,Version=v4.6.1, .NETFramework,Version=v4.6.2, .NETFramework,Version=v4.7, .NETFramework,Version=v4.7.1, .NETFramework,Version=v4.7.2, .NETFramework,Version=v4.8, .NETFramework,Version=v4.8.1'??瑜? ?ъ슜?섏뿬 ?⑦궎吏 'ReactiveUI.WPF 23.1.1'??瑜? 蹂듭썝?덉뒿?덈떎. ???⑦궎吏???꾨줈?앺듃? ?꾨꼍?섍쾶 ?명솚?섏? ?딆쓣 ???덉뒿?덈떎. [E:\PROJECT\CoinFF\TradingBot\TradingBot.sln]
E:\PROJECT\CoinFF\TradingBot\TradingBot.Tests\TradingBot.Tests.csproj : warning NU1603: TradingBot?(?? Hardcodet.NotifyIcon.Wpf (>= 1.2.0)??醫낆냽?섏?留?Hardcodet.NotifyIcon.Wpf 1.2.0??瑜? 李얠쓣 ???놁뒿?덈떎. ???Hardcodet.NotifyIcon.Wpf 2.0.0??媛) ?뺤씤?섏뿀?듬땲??
E:\PROJECT\CoinFF\TradingBot\TradingBot.Tests\TradingBot.Tests.csproj : warning NU1603: TradingBot?(?? TorchSharp (>= 0.103.3)??醫낆냽?섏?留?TorchSharp 0.103.3??瑜? 李얠쓣 ???놁뒿?덈떎. ???TorchSharp 0.104.0??媛) ?뺤씤?섏뿀?듬땲??
E:\PROJECT\CoinFF\TradingBot\TradingBot.Tests\TradingBot.Tests.csproj : warning NU1603: TradingBot?(?? TorchSharp-cpu (>= 0.103.3)??醫낆냽?섏?留?TorchSharp-cpu 0.103.3??瑜? 李얠쓣 ???놁뒿?덈떎. ???TorchSharp-cpu 0.104.0??媛) ?뺤씤?섏뿀?듬땲??
E:\PROJECT\CoinFF\TradingBot\TradingBot.Tests\TradingBot.Tests.csproj : warning NU1701: ?꾨줈?앺듃 ????꾨젅?꾩썙??'net9.0-windows7.0' ???'.NETFramework,Version=v4.6.1, .NETFramework,Version=v4.6.2, .NETFramework,Version=v4.7, .NETFramework,Version=v4.7.1, .NETFramework,Version=v4.7.2, .NETFramework,Version=v4.8, .NETFramework,Version=v4.8.1'??瑜? ?ъ슜?섏뿬 ?⑦궎吏 'LiveCharts 0.9.7'??瑜? 蹂듭썝?덉뒿?덈떎. ???⑦궎吏???꾨줈?앺듃? ?꾨꼍?섍쾶 ?명솚?섏? ?딆쓣 ???덉뒿?덈떎.
E:\PROJECT\CoinFF\TradingBot\TradingBot.Tests\TradingBot.Tests.csproj : warning NU1701: ?꾨줈?앺듃 ????꾨젅?꾩썙??'net9.0-windows7.0' ???'.NETFramework,Version=v4.6.1, .NETFramework,Version=v4.6.2, .NETFramework,Version=v4.7, .NETFramework,Version=v4.7.1, .NETFramework,Version=v4.7.2, .NETFramework,Version=v4.8, .NETFramework,Version=v4.8.1'??瑜? ?ъ슜?섏뿬 ?⑦궎吏 'LiveCharts.Wpf 0.9.7'??瑜? 蹂듭썝?덉뒿?덈떎. ???⑦궎吏???꾨줈?앺듃? ?꾨꼍?섍쾶 ?명솚?섏? ?딆쓣 ???덉뒿?덈떎.
E:\PROJECT\CoinFF\TradingBot\TradingBot.Tests\TradingBot.Tests.csproj : warning NU1701: ?꾨줈?앺듃 ????꾨젅?꾩썙??'net9.0-windows7.0' ???'.NETFramework,Version=v4.6.1, .NETFramework,Version=v4.6.2, .NETFramework,Version=v4.7, .NETFramework,Version=v4.7.1, .NETFramework,Version=v4.7.2, .NETFramework,Version=v4.8, .NETFramework,Version=v4.8.1'??瑜? ?ъ슜?섏뿬 ?⑦궎吏 'ReactiveUI.WPF 23.1.1'??瑜? 蹂듭썝?덉뒿?덈떎. ???⑦궎吏???꾨줈?앺듃? ?꾨꼍?섍쾶 ?명솚?섏? ?딆쓣 ???덉뒿?덈떎.
E:\PROJECT\CoinFF\TradingBot\TradingBot\TradingBot.csproj : warning NU1603: TradingBot depends on Hardcodet.NotifyIcon.Wpf (>= 1.2.0) but Hardcodet.NotifyIcon.Wpf 1.2.0 was not found. Hardcodet.NotifyIcon.Wpf 2.0.0 was resolved instead.
E:\PROJECT\CoinFF\TradingBot\TradingBot\TradingBot.csproj : warning NU1603: TradingBot depends on TorchSharp (>= 0.103.3) but TorchSharp 0.103.3 was not found. TorchSharp 0.104.0 was resolved instead.
E:\PROJECT\CoinFF\TradingBot\TradingBot\TradingBot.csproj : warning NU1603: TradingBot depends on TorchSharp-cpu (>= 0.103.3) but TorchSharp-cpu 0.103.3 was not found. TorchSharp-cpu 0.104.0 was resolved instead.
E:\PROJECT\CoinFF\TradingBot\TradingBot\TradingBot.csproj : warning NU1701: Package 'LiveCharts 0.9.7' was restored using '.NETFramework,Version=v4.6.1, .NETFramework,Version=v4.6.2, .NETFramework,Version=v4.7, .NETFramework,Version=v4.7.1, .NETFramework,Version=v4.7.2, .NETFramework,Version=v4.8, .NETFramework,Version=v4.8.1' instead of the project target framework 'net9.0-windows7.0'. This package may not be fully compatible with your project.
E:\PROJECT\CoinFF\TradingBot\TradingBot\TradingBot.csproj : warning NU1701: Package 'LiveCharts.Wpf 0.9.7' was restored using '.NETFramework,Version=v4.6.1, .NETFramework,Version=v4.6.2, .NETFramework,Version=v4.7, .NETFramework,Version=v4.7.1, .NETFramework,Version=v4.7.2, .NETFramework,Version=v4.8, .NETFramework,Version=v4.8.1' instead of the project target framework 'net9.0-windows7.0'. This package may not be fully compatible with your project.
E:\PROJECT\CoinFF\TradingBot\TradingBot\TradingBot.csproj : warning NU1701: Package 'ReactiveUI.WPF 23.1.1' was restored using '.NETFramework,Version=v4.6.1, .NETFramework,Version=v4.6.2, .NETFramework,Version=v4.7, .NETFramework,Version=v4.7.1, .NETFramework,Version=v4.7.2, .NETFramework,Version=v4.8, .NETFramework,Version=v4.8.1' instead of the project target framework 'net9.0-windows7.0'. This package may not be fully compatible with your project.
E:\PROJECT\CoinFF\TradingBot\TradingBot\TradingBot_o5dlqudd_wpftmp.csproj : warning NU1603: TradingBot depends on Hardcodet.NotifyIcon.Wpf (>= 1.2.0) but Hardcodet.NotifyIcon.Wpf 1.2.0 was not found. Hardcodet.NotifyIcon.Wpf 2.0.0 was resolved instead.
E:\PROJECT\CoinFF\TradingBot\TradingBot\TradingBot_o5dlqudd_wpftmp.csproj : warning NU1603: TradingBot depends on TorchSharp (>= 0.103.3) but TorchSharp 0.103.3 was not found. TorchSharp 0.104.0 was resolved instead.
E:\PROJECT\CoinFF\TradingBot\TradingBot\TradingBot_o5dlqudd_wpftmp.csproj : warning NU1603: TradingBot depends on TorchSharp-cpu (>= 0.103.3) but TorchSharp-cpu 0.103.3 was not found. TorchSharp-cpu 0.104.0 was resolved instead.
E:\PROJECT\CoinFF\TradingBot\TradingBot\TradingBot_o5dlqudd_wpftmp.csproj : warning NU1701: Package 'LiveCharts 0.9.7' was restored using '.NETFramework,Version=v4.6.1, .NETFramework,Version=v4.6.2, .NETFramework,Version=v4.7, .NETFramework,Version=v4.7.1, .NETFramework,Version=v4.7.2, .NETFramework,Version=v4.8, .NETFramework,Version=v4.8.1' instead of the project target framework 'net9.0-windows7.0'. This package may not be fully compatible with your project.
E:\PROJECT\CoinFF\TradingBot\TradingBot\TradingBot_o5dlqudd_wpftmp.csproj : warning NU1701: Package 'LiveCharts.Wpf 0.9.7' was restored using '.NETFramework,Version=v4.6.1, .NETFramework,Version=v4.6.2, .NETFramework,Version=v4.7, .NETFramework,Version=v4.7.1, .NETFramework,Version=v4.7.2, .NETFramework,Version=v4.8, .NETFramework,Version=v4.8.1' instead of the project target framework 'net9.0-windows7.0'. This package may not be fully compatible with your project.
E:\PROJECT\CoinFF\TradingBot\TradingBot\TradingBot_o5dlqudd_wpftmp.csproj : warning NU1701: Package 'ReactiveUI.WPF 23.1.1' was restored using '.NETFramework,Version=v4.6.1, .NETFramework,Version=v4.6.2, .NETFramework,Version=v4.7, .NETFramework,Version=v4.7.1, .NETFramework,Version=v4.7.2, .NETFramework,Version=v4.8, .NETFramework,Version=v4.8.1' instead of the project target framework 'net9.0-windows7.0'. This package may not be fully compatible with your project.
E:\PROJECT\CoinFF\TradingBot\TradingBot.Web\Components\UI\TradingViewChart.razor(21,28): warning CS1998: ??鍮꾨룞湲?硫붿꽌?쒖뿉??'await' ?곗궛?먭? ?놁쑝硫?硫붿꽌?쒓? ?숈떆???ㅽ뻾?⑸땲?? 'await' ?곗궛?먮? ?ъ슜?섏뿬 鍮꾨툝濡쒗궧 API ?몄텧???湲고븯嫄곕굹, 'await Task.Run(...)'???ъ슜?섏뿬 諛깃렇?쇱슫???ㅻ젅?쒖뿉??CPU 諛붿씤?⑸맂 ?묒뾽???섑뻾?섏꽭?? [E:\PROJECT\CoinFF\TradingBot\TradingBot.Web\TradingBot.Web.csproj]
E:\PROJECT\CoinFF\TradingBot\TradingBot.Web\Components\UI\TradingViewChart.razor(8,33): warning CS0169: 'TradingViewChart.chartModule' ?꾨뱶媛 ?ъ슜?섏? ?딆븯?듬땲?? [E:\PROJECT\CoinFF\TradingBot\TradingBot.Web\TradingBot.Web.csproj]
E:\PROJECT\CoinFF\TradingBot\TradingBot\TimeSeriesDataLoader.cs(33,146): warning CS8625: Null 由ы꽣?댁쓣 null???덉슜?섏? ?딅뒗 李몄“ ?뺤떇?쇰줈 蹂?섑븷 ???놁뒿?덈떎. [E:\PROJECT\CoinFF\TradingBot\TradingBot\TradingBot_o5dlqudd_wpftmp.csproj]
E:\PROJECT\CoinFF\TradingBot\TradingBot\TelegramService.cs(206,134): warning CS8625: Null 由ы꽣?댁쓣 null???덉슜?섏? ?딅뒗 李몄“ ?뺤떇?쇰줈 蹂?섑븷 ???놁뒿?덈떎. [E:\PROJECT\CoinFF\TradingBot\TradingBot\TradingBot_o5dlqudd_wpftmp.csproj]
E:\PROJECT\CoinFF\TradingBot\TradingBot\TelegramService.cs(223,79): warning CS8625: Null 由ы꽣?댁쓣 null???덉슜?섏? ?딅뒗 李몄“ ?뺤떇?쇰줈 蹂?섑븷 ???놁뒿?덈떎. [E:\PROJECT\CoinFF\TradingBot\TradingBot\TradingBot_o5dlqudd_wpftmp.csproj]
E:\PROJECT\CoinFF\TradingBot\TradingBot\TelegramService.cs(244,69): warning CS8625: Null 由ы꽣?댁쓣 null???덉슜?섏? ?딅뒗 李몄“ ?뺤떇?쇰줈 蹂?섑븷 ???놁뒿?덈떎. [E:\PROJECT\CoinFF\TradingBot\TradingBot\TradingBot_o5dlqudd_wpftmp.csproj]
E:\PROJECT\CoinFF\TradingBot\TradingBot\MLService.cs(14,12): warning CS8618: null???덉슜?섏? ?딅뒗 ?꾨뱶 '_model'?(?? ?앹꽦?먮? 醫낅즺????null???꾨땶 媛믪쓣 ?ы븿?댁빞 ?⑸땲?? 'required' ?쒖젙?먮? 異붽??섍굅???꾨뱶??瑜? nullable濡??좎뼵?섎뒗 寃껋씠 醫뗭뒿?덈떎. [E:\PROJECT\CoinFF\TradingBot\TradingBot\TradingBot_o5dlqudd_wpftmp.csproj]
E:\PROJECT\CoinFF\TradingBot\TradingBot\MLService.cs(14,12): warning CS8618: null???덉슜?섏? ?딅뒗 ?꾨뱶 '_predictionEngine'?(?? ?앹꽦?먮? 醫낅즺????null???꾨땶 媛믪쓣 ?ы븿?댁빞 ?⑸땲?? 'required' ?쒖젙?먮? 異붽??섍굅???꾨뱶??瑜? nullable濡??좎뼵?섎뒗 寃껋씠 醫뗭뒿?덈떎. [E:\PROJECT\CoinFF\TradingBot\TradingBot\TradingBot_o5dlqudd_wpftmp.csproj]
E:\PROJECT\CoinFF\TradingBot\TradingBot\MLService.cs(49,47): warning CS8603: 媛?ν븳 null 李몄“ 諛섑솚?낅땲?? [E:\PROJECT\CoinFF\TradingBot\TradingBot\TradingBot_o5dlqudd_wpftmp.csproj]
E:\PROJECT\CoinFF\TradingBot\TradingBot\TradingEngine.cs(228,17): warning CS4014: ???몄텧???湲곕릺吏 ?딆쑝誘濡??몄텧???꾨즺?섍린 ?꾩뿉 ?꾩옱 硫붿꽌?쒓? 怨꾩냽 ?ㅽ뻾?⑸땲?? ?몄텧 寃곌낵??'await' ?곗궛?먮? ?곸슜??蹂댁꽭?? [E:\PROJECT\CoinFF\TradingBot\TradingBot\TradingBot_o5dlqudd_wpftmp.csproj]
E:\PROJECT\CoinFF\TradingBot\TradingBot\TradingEngine.cs(346,17): warning CS4014: ???몄텧???湲곕릺吏 ?딆쑝誘濡??몄텧???꾨즺?섍린 ?꾩뿉 ?꾩옱 硫붿꽌?쒓? 怨꾩냽 ?ㅽ뻾?⑸땲?? ?몄텧 寃곌낵??'await' ?곗궛?먮? ?곸슜??蹂댁꽭?? [E:\PROJECT\CoinFF\TradingBot\TradingBot\TradingBot_o5dlqudd_wpftmp.csproj]
E:\PROJECT\CoinFF\TradingBot\TradingBot\Services\WebServerService.cs(91,53): warning CS8602: null 媛??李몄“???????갭議곗엯?덈떎. [E:\PROJECT\CoinFF\TradingBot\TradingBot\TradingBot_o5dlqudd_wpftmp.csproj]
E:\PROJECT\CoinFF\TradingBot\TradingBot\Services\WebServerService.cs(96,58): warning CS8602: null 媛??李몄“???????갭議곗엯?덈떎. [E:\PROJECT\CoinFF\TradingBot\TradingBot\TradingBot_o5dlqudd_wpftmp.csproj]
E:\PROJECT\CoinFF\TradingBot\TradingBot\Services\WebServerService.cs(101,57): warning CS8602: null 媛??李몄“???????갭議곗엯?덈떎. [E:\PROJECT\CoinFF\TradingBot\TradingBot\TradingBot_o5dlqudd_wpftmp.csproj]
E:\PROJECT\CoinFF\TradingBot\TradingBot\Services\WebServerService.cs(105,57): warning CS8602: null 媛??李몄“???????갭議곗엯?덈떎. [E:\PROJECT\CoinFF\TradingBot\TradingBot\TradingBot_o5dlqudd_wpftmp.csproj]
E:\PROJECT\CoinFF\TradingBot\TradingBot\Services\WebServerService.cs(112,57): warning CS8602: null 媛??李몄“???????갭議곗엯?덈떎. [E:\PROJECT\CoinFF\TradingBot\TradingBot\TradingBot_o5dlqudd_wpftmp.csproj]
E:\PROJECT\CoinFF\TradingBot\TradingBot\Services\WebServerService.cs(116,58): warning CS8602: null 媛??李몄“???????갭議곗엯?덈떎. [E:\PROJECT\CoinFF\TradingBot\TradingBot\TradingBot_o5dlqudd_wpftmp.csproj]
E:\PROJECT\CoinFF\TradingBot\TradingBot\App.xaml.cs(192,17): warning CS0162: ?묎렐?????녿뒗 肄붾뱶媛 ?덉뒿?덈떎. [E:\PROJECT\CoinFF\TradingBot\TradingBot\TradingBot_o5dlqudd_wpftmp.csproj]
E:\PROJECT\CoinFF\TradingBot\TradingBot\TradingEngine.cs(424,46): warning CS8604: 'PositionInfo Dictionary<string, PositionInfo>.this[string key]'??留ㅺ컻 蹂??'key'?????媛?ν븳 null 李몄“ ?몄닔?낅땲?? [E:\PROJECT\CoinFF\TradingBot\TradingBot\TradingBot_o5dlqudd_wpftmp.csproj]
E:\PROJECT\CoinFF\TradingBot\TradingBot\Services\PortfolioRebalancingService.cs(46,27): warning CS1998: ??鍮꾨룞湲?硫붿꽌?쒖뿉??'await' ?곗궛?먭? ?놁쑝硫?硫붿꽌?쒓? ?숈떆???ㅽ뻾?⑸땲?? 'await' ?곗궛?먮? ?ъ슜?섏뿬 鍮꾨툝濡쒗궧 API ?몄텧???湲고븯嫄곕굹, 'await Task.Run(...)'???ъ슜?섏뿬 諛깃렇?쇱슫???ㅻ젅?쒖뿉??CPU 諛붿씤?⑸맂 ?묒뾽???섑뻾?섏꽭?? [E:\PROJECT\CoinFF\TradingBot\TradingBot\TradingBot_o5dlqudd_wpftmp.csproj]
E:\PROJECT\CoinFF\TradingBot\TradingBot\Services\NotificationService.cs(102,27): warning CS1998: ??鍮꾨룞湲?硫붿꽌?쒖뿉??'await' ?곗궛?먭? ?놁쑝硫?硫붿꽌?쒓? ?숈떆???ㅽ뻾?⑸땲?? 'await' ?곗궛?먮? ?ъ슜?섏뿬 鍮꾨툝濡쒗궧 API ?몄텧???湲고븯嫄곕굹, 'await Task.Run(...)'???ъ슜?섏뿬 諛깃렇?쇱슫???ㅻ젅?쒖뿉??CPU 諛붿씤?⑸맂 ?묒뾽???섑뻾?섏꽭?? [E:\PROJECT\CoinFF\TradingBot\TradingBot\TradingBot_o5dlqudd_wpftmp.csproj]
E:\PROJECT\CoinFF\TradingBot\TradingBot\BacktestViewModel.cs(49,25): warning CS8602: null 媛??李몄“???????갭議곗엯?덈떎. [E:\PROJECT\CoinFF\TradingBot\TradingBot\TradingBot_o5dlqudd_wpftmp.csproj]
E:\PROJECT\CoinFF\TradingBot\TradingBot\BacktestViewModel.cs(22,16): warning CS8618: null???덉슜?섏? ?딅뒗 ?띿꽦 'ChartSeries'?(?? ?앹꽦?먮? 醫낅즺????null???꾨땶 媛믪쓣 ?ы븿?댁빞 ?⑸땲?? 'required' ?쒖젙?먮? 異붽??섍굅???띿꽦??瑜? nullable濡??좎뼵?섎뒗 寃껋씠 醫뗭뒿?덈떎. [E:\PROJECT\CoinFF\TradingBot\TradingBot\TradingBot_o5dlqudd_wpftmp.csproj]
E:\PROJECT\CoinFF\TradingBot\TradingBot\BacktestViewModel.cs(22,16): warning CS8618: null???덉슜?섏? ?딅뒗 ?띿꽦 'Labels'?(?? ?앹꽦?먮? 醫낅즺????null???꾨땶 媛믪쓣 ?ы븿?댁빞 ?⑸땲?? 'required' ?쒖젙?먮? 異붽??섍굅???띿꽦??瑜? nullable濡??좎뼵?섎뒗 寃껋씠 醫뗭뒿?덈떎. [E:\PROJECT\CoinFF\TradingBot\TradingBot\TradingBot_o5dlqudd_wpftmp.csproj]
E:\PROJECT\CoinFF\TradingBot\TradingBot\MainViewModel.cs(187,16): warning CS8618: null???덉슜?섏? ?딅뒗 ?꾨뱶 '_selectedSymbol'?(?? ?앹꽦?먮? 醫낅즺????null???꾨땶 媛믪쓣 ?ы븿?댁빞 ?⑸땲?? 'required' ?쒖젙?먮? 異붽??섍굅???꾨뱶??瑜? nullable濡??좎뼵?섎뒗 寃껋씠 醫뗭뒿?덈떎. [E:\PROJECT\CoinFF\TradingBot\TradingBot\TradingBot_o5dlqudd_wpftmp.csproj]
E:\PROJECT\CoinFF\TradingBot\TradingBot\TradeStatisticsWindow.xaml.cs(32,16): warning CS8618: null???덉슜?섏? ?딅뒗 ?띿꽦 'WinRateSeries'?(?? ?앹꽦?먮? 醫낅즺????null???꾨땶 媛믪쓣 ?ы븿?댁빞 ?⑸땲?? 'required' ?쒖젙?먮? 異붽??섍굅???띿꽦??瑜? nullable濡??좎뼵?섎뒗 寃껋씠 醫뗭뒿?덈떎. [E:\PROJECT\CoinFF\TradingBot\TradingBot\TradingBot_o5dlqudd_wpftmp.csproj]
E:\PROJECT\CoinFF\TradingBot\TradingBot\TradeStatisticsWindow.xaml.cs(32,16): warning CS8618: null???덉슜?섏? ?딅뒗 ?띿꽦 'CumulativeProfitSeries'?(?? ?앹꽦?먮? 醫낅즺????null???꾨땶 媛믪쓣 ?ы븿?댁빞 ?⑸땲?? 'required' ?쒖젙?먮? 異붽??섍굅???띿꽦??瑜? nullable濡??좎뼵?섎뒗 寃껋씠 醫뗭뒿?덈떎. [E:\PROJECT\CoinFF\TradingBot\TradingBot\TradingBot_o5dlqudd_wpftmp.csproj]
E:\PROJECT\CoinFF\TradingBot\TradingBot\TradeStatisticsWindow.xaml.cs(32,16): warning CS8618: null???덉슜?섏? ?딅뒗 ?띿꽦 'HourlyProfitSeries'?(?? ?앹꽦?먮? 醫낅즺????null???꾨땶 媛믪쓣 ?ы븿?댁빞 ?⑸땲?? 'required' ?쒖젙?먮? 異붽??섍굅???띿꽦??瑜? nullable濡??좎뼵?섎뒗 寃껋씠 醫뗭뒿?덈떎. [E:\PROJECT\CoinFF\TradingBot\TradingBot\TradingBot_o5dlqudd_wpftmp.csproj]
E:\PROJECT\CoinFF\TradingBot\TradingBot\TradeStatisticsWindow.xaml.cs(32,16): warning CS8618: null???덉슜?섏? ?딅뒗 ?띿꽦 'HourlyLabels'?(?? ?앹꽦?먮? 醫낅즺????null???꾨땶 媛믪쓣 ?ы븿?댁빞 ?⑸땲?? 'required' ?쒖젙?먮? 異붽??섍굅???띿꽦??瑜? nullable濡??좎뼵?섎뒗 寃껋씠 醫뗭뒿?덈떎. [E:\PROJECT\CoinFF\TradingBot\TradingBot\TradingBot_o5dlqudd_wpftmp.csproj]
E:\PROJECT\CoinFF\TradingBot\TradingBot\TradeStatisticsWindow.xaml.cs(32,16): warning CS8618: null???덉슜?섏? ?딅뒗 ?띿꽦 'TradeLabels'?(?? ?앹꽦?먮? 醫낅즺????null???꾨땶 媛믪쓣 ?ы븿?댁빞 ?⑸땲?? 'required' ?쒖젙?먮? 異붽??섍굅???띿꽦??瑜? nullable濡??좎뼵?섎뒗 寃껋씠 醫뗭뒿?덈떎. [E:\PROJECT\CoinFF\TradingBot\TradingBot\TradingBot_o5dlqudd_wpftmp.csproj]
E:\PROJECT\CoinFF\TradingBot\TradingBot\TradeStatisticsWindow.xaml.cs(32,16): warning CS8618: null???덉슜?섏? ?딅뒗 ?꾨뱶 '_summaryText'?(?? ?앹꽦?먮? 醫낅즺????null???꾨땶 媛믪쓣 ?ы븿?댁빞 ?⑸땲?? 'required' ?쒖젙?먮? 異붽??섍굅???꾨뱶??瑜? nullable濡??좎뼵?섎뒗 寃껋씠 醫뗭뒿?덈떎. [E:\PROJECT\CoinFF\TradingBot\TradingBot\TradingBot_o5dlqudd_wpftmp.csproj]
E:\PROJECT\CoinFF\TradingBot\TradingBot\BybitExchangeService.cs(496,33): warning CS1998: ??鍮꾨룞湲?硫붿꽌?쒖뿉??'await' ?곗궛?먭? ?놁쑝硫?硫붿꽌?쒓? ?숈떆???ㅽ뻾?⑸땲?? 'await' ?곗궛?먮? ?ъ슜?섏뿬 鍮꾨툝濡쒗궧 API ?몄텧???湲고븯嫄곕굹, 'await Task.Run(...)'???ъ슜?섏뿬 諛깃렇?쇱슫???ㅻ젅?쒖뿉??CPU 諛붿씤?⑸맂 ?묒뾽???섑뻾?섏꽭?? [E:\PROJECT\CoinFF\TradingBot\TradingBot\TradingBot_o5dlqudd_wpftmp.csproj]
E:\PROJECT\CoinFF\TradingBot\TradingBot\MainViewModel.cs(705,21): warning CS8604: 'Task<WebCallResult<IBinanceKline[]>> IBinanceRestClientUsdFuturesApiExchangeData.GetKlinesAsync(string symbol, KlineInterval interval, DateTime? startTime = null, DateTime? endTime = null, int? limit = null, CancellationToken ct = default(CancellationToken))'??留ㅺ컻 蹂??'symbol'?????媛?ν븳 null 李몄“ ?몄닔?낅땲?? [E:\PROJECT\CoinFF\TradingBot\TradingBot\TradingBot_o5dlqudd_wpftmp.csproj]
E:\PROJECT\CoinFF\TradingBot\TradingBot\DatabaseService.cs(84,32): warning CS8600: null 由ы꽣???먮뒗 媛?ν븳 null 媛믪쓣 null???덉슜?섏? ?딅뒗 ?뺤떇?쇰줈 蹂?섑븯??以묒엯?덈떎. [E:\PROJECT\CoinFF\TradingBot\TradingBot\TradingBot_o5dlqudd_wpftmp.csproj]
E:\PROJECT\CoinFF\TradingBot\TradingBot\DatabaseService.cs(85,73): warning CS8604: 'DirectoryInfo Directory.CreateDirectory(string path)'??留ㅺ컻 蹂??'path'?????媛?ν븳 null 李몄“ ?몄닔?낅땲?? [E:\PROJECT\CoinFF\TradingBot\TradingBot\TradingBot_o5dlqudd_wpftmp.csproj]
E:\PROJECT\CoinFF\TradingBot\TradingBot\DatabaseService.cs(145,32): warning CS8602: null 媛??李몄“???????갭議곗엯?덈떎. [E:\PROJECT\CoinFF\TradingBot\TradingBot\TradingBot_o5dlqudd_wpftmp.csproj]
E:\PROJECT\CoinFF\TradingBot\TradingBot\DatabaseService.cs(145,32): warning CS8602: null 媛??李몄“???????갭議곗엯?덈떎. [E:\PROJECT\CoinFF\TradingBot\TradingBot\TradingBot_o5dlqudd_wpftmp.csproj]
E:\PROJECT\CoinFF\TradingBot\TradingBot\DatabaseService.cs(303,28): warning CS8603: 媛?ν븳 null 李몄“ 諛섑솚?낅땲?? [E:\PROJECT\CoinFF\TradingBot\TradingBot\TradingBot_o5dlqudd_wpftmp.csproj]
E:\PROJECT\CoinFF\TradingBot\TradingBot\DatabaseService.cs(309,20): warning CS8603: 媛?ν븳 null 李몄“ 諛섑솚?낅땲?? [E:\PROJECT\CoinFF\TradingBot\TradingBot\TradingBot_o5dlqudd_wpftmp.csproj]
E:\PROJECT\CoinFF\TradingBot\TradingBot\LoginWindow.xaml.cs(16,16): warning CS8618: null???덉슜?섏? ?딅뒗 ?꾨뱶 '_dbService'?(?? ?앹꽦?먮? 醫낅즺????null???꾨땶 媛믪쓣 ?ы븿?댁빞 ?⑸땲?? 'required' ?쒖젙?먮? 異붽??섍굅???꾨뱶??瑜? nullable濡??좎뼵?섎뒗 寃껋씠 醫뗭뒿?덈떎. [E:\PROJECT\CoinFF\TradingBot\TradingBot\TradingBot_o5dlqudd_wpftmp.csproj]
E:\PROJECT\CoinFF\TradingBot\TradingBot\DatabaseService.cs(332,20): warning CS8603: 媛?ν븳 null 李몄“ 諛섑솚?낅땲?? [E:\PROJECT\CoinFF\TradingBot\TradingBot\TradingBot_o5dlqudd_wpftmp.csproj]
E:\PROJECT\CoinFF\TradingBot\TradingBot\User.cs(6,23): warning CS8618: null???덉슜?섏? ?딅뒗 ?띿꽦 'Username'?(?? ?앹꽦?먮? 醫낅즺????null???꾨땶 媛믪쓣 ?ы븿?댁빞 ?⑸땲?? 'required' ?쒖젙?먮? 異붽??섍굅???띿꽦??瑜? nullable濡??좎뼵?섎뒗 寃껋씠 醫뗭뒿?덈떎. [E:\PROJECT\CoinFF\TradingBot\TradingBot\TradingBot_o5dlqudd_wpftmp.csproj]
E:\PROJECT\CoinFF\TradingBot\TradingBot\User.cs(7,23): warning CS8618: null???덉슜?섏? ?딅뒗 ?띿꽦 'Email'?(?? ?앹꽦?먮? 醫낅즺????null???꾨땶 媛믪쓣 ?ы븿?댁빞 ?⑸땲?? 'required' ?쒖젙?먮? 異붽??섍굅???띿꽦??瑜? nullable濡??좎뼵?섎뒗 寃껋씠 醫뗭뒿?덈떎. [E:\PROJECT\CoinFF\TradingBot\TradingBot\TradingBot_o5dlqudd_wpftmp.csproj]
E:\PROJECT\CoinFF\TradingBot\TradingBot\User.cs(8,23): warning CS8618: null???덉슜?섏? ?딅뒗 ?띿꽦 'PasswordHash'?(?? ?앹꽦?먮? 醫낅즺????null???꾨땶 媛믪쓣 ?ы븿?댁빞 ?⑸땲?? 'required' ?쒖젙?먮? 異붽??섍굅???띿꽦??瑜? nullable濡??좎뼵?섎뒗 寃껋씠 醫뗭뒿?덈떎. [E:\PROJECT\CoinFF\TradingBot\TradingBot\TradingBot_o5dlqudd_wpftmp.csproj]
E:\PROJECT\CoinFF\TradingBot\TradingBot\User.cs(9,23): warning CS8618: null???덉슜?섏? ?딅뒗 ?띿꽦 'BinanceApiKey'?(?? ?앹꽦?먮? 醫낅즺????null???꾨땶 媛믪쓣 ?ы븿?댁빞 ?⑸땲?? 'required' ?쒖젙?먮? 異붽??섍굅???띿꽦??瑜? nullable濡??좎뼵?섎뒗 寃껋씠 醫뗭뒿?덈떎. [E:\PROJECT\CoinFF\TradingBot\TradingBot\TradingBot_o5dlqudd_wpftmp.csproj]
E:\PROJECT\CoinFF\TradingBot\TradingBot\User.cs(10,23): warning CS8618: null???덉슜?섏? ?딅뒗 ?띿꽦 'BinanceApiSecret'?(?? ?앹꽦?먮? 醫낅즺????null???꾨땶 媛믪쓣 ?ы븿?댁빞 ?⑸땲?? 'required' ?쒖젙?먮? 異붽??섍굅???띿꽦??瑜? nullable濡??좎뼵?섎뒗 寃껋씠 醫뗭뒿?덈떎. [E:\PROJECT\CoinFF\TradingBot\TradingBot\TradingBot_o5dlqudd_wpftmp.csproj]
E:\PROJECT\CoinFF\TradingBot\TradingBot\User.cs(11,23): warning CS8618: null???덉슜?섏? ?딅뒗 ?띿꽦 'TelegramBotToken'?(?? ?앹꽦?먮? 醫낅즺????null???꾨땶 媛믪쓣 ?ы븿?댁빞 ?⑸땲?? 'required' ?쒖젙?먮? 異붽??섍굅???띿꽦??瑜? nullable濡??좎뼵?섎뒗 寃껋씠 醫뗭뒿?덈떎. [E:\PROJECT\CoinFF\TradingBot\TradingBot\TradingBot_o5dlqudd_wpftmp.csproj]
E:\PROJECT\CoinFF\TradingBot\TradingBot\User.cs(12,23): warning CS8618: null???덉슜?섏? ?딅뒗 ?띿꽦 'TelegramChatId'?(?? ?앹꽦?먮? 醫낅즺????null???꾨땶 媛믪쓣 ?ы븿?댁빞 ?⑸땲?? 'required' ?쒖젙?먮? 異붽??섍굅???띿꽦??瑜? nullable濡??좎뼵?섎뒗 寃껋씠 醫뗭뒿?덈떎. [E:\PROJECT\CoinFF\TradingBot\TradingBot\TradingBot_o5dlqudd_wpftmp.csproj]
E:\PROJECT\CoinFF\TradingBot\TradingBot\User.cs(13,23): warning CS8618: null???덉슜?섏? ?딅뒗 ?띿꽦 'BybitApiKey'?(?? ?앹꽦?먮? 醫낅즺????null???꾨땶 媛믪쓣 ?ы븿?댁빞 ?⑸땲?? 'required' ?쒖젙?먮? 異붽??섍굅???띿꽦??瑜? nullable濡??좎뼵?섎뒗 寃껋씠 醫뗭뒿?덈떎. [E:\PROJECT\CoinFF\TradingBot\TradingBot\TradingBot_o5dlqudd_wpftmp.csproj]
E:\PROJECT\CoinFF\TradingBot\TradingBot\User.cs(14,23): warning CS8618: null???덉슜?섏? ?딅뒗 ?띿꽦 'BybitApiSecret'?(?? ?앹꽦?먮? 醫낅즺????null???꾨땶 媛믪쓣 ?ы븿?댁빞 ?⑸땲?? 'required' ?쒖젙?먮? 異붽??섍굅???띿꽦??瑜? nullable濡??좎뼵?섎뒗 寃껋씠 醫뗭뒿?덈떎. [E:\PROJECT\CoinFF\TradingBot\TradingBot\TradingBot_o5dlqudd_wpftmp.csproj]
E:\PROJECT\CoinFF\TradingBot\TradingBot\Models\Phase5Models.cs(38,23): warning CS8618: null???덉슜?섏? ?딅뒗 ?띿꽦 'Symbol'?(?? ?앹꽦?먮? 醫낅즺????null???꾨땶 媛믪쓣 ?ы븿?댁빞 ?⑸땲?? 'required' ?쒖젙?먮? 異붽??섍굅???띿꽦??瑜? nullable濡??좎뼵?섎뒗 寃껋씠 醫뗭뒿?덈떎. [E:\PROJECT\CoinFF\TradingBot\TradingBot\TradingBot_o5dlqudd_wpftmp.csproj]
E:\PROJECT\CoinFF\TradingBot\TradingBot\Models\Phase5Models.cs(39,23): warning CS8618: null???덉슜?섏? ?딅뒗 ?띿꽦 'Side'?(?? ?앹꽦?먮? 醫낅즺????null???꾨땶 媛믪쓣 ?ы븿?댁빞 ?⑸땲?? 'required' ?쒖젙?먮? 異붽??섍굅???띿꽦??瑜? nullable濡??좎뼵?섎뒗 寃껋씠 醫뗭뒿?덈떎. [E:\PROJECT\CoinFF\TradingBot\TradingBot\TradingBot_o5dlqudd_wpftmp.csproj]
E:\PROJECT\CoinFF\TradingBot\TradingBot\Models\Phase5Models.cs(45,23): warning CS8618: null???덉슜?섏? ?딅뒗 ?띿꽦 'ExitReason'?(?? ?앹꽦?먮? 醫낅즺????null???꾨땶 媛믪쓣 ?ы븿?댁빞 ?⑸땲?? 'required' ?쒖젙?먮? 異붽??섍굅???띿꽦??瑜? nullable濡??좎뼵?섎뒗 寃껋씠 醫뗭뒿?덈떎. [E:\PROJECT\CoinFF\TradingBot\TradingBot\TradingBot_o5dlqudd_wpftmp.csproj]
E:\PROJECT\CoinFF\TradingBot\TradingBot\TelegramService.cs(35,30): warning CS8625: Null 由ы꽣?댁쓣 null???덉슜?섏? ?딅뒗 李몄“ ?뺤떇?쇰줈 蹂?섑븷 ???놁뒿?덈떎. [E:\PROJECT\CoinFF\TradingBot\TradingBot\TradingBot_o5dlqudd_wpftmp.csproj]
E:\PROJECT\CoinFF\TradingBot\TradingBot\SettingsWindow.xaml.cs(33,25): warning CS8602: null 媛??李몄“???????갭議곗엯?덈떎. [E:\PROJECT\CoinFF\TradingBot\TradingBot\TradingBot_o5dlqudd_wpftmp.csproj]
E:\PROJECT\CoinFF\TradingBot\TradingBot\SettingsWindow.xaml.cs(35,52): warning CS8602: null 媛??李몄“???????갭議곗엯?덈떎. [E:\PROJECT\CoinFF\TradingBot\TradingBot\TradingBot_o5dlqudd_wpftmp.csproj]
E:\PROJECT\CoinFF\TradingBot\TradingBot\SettingsWindow.xaml.cs(35,52): warning CS8602: null 媛??李몄“???????갭議곗엯?덈떎. [E:\PROJECT\CoinFF\TradingBot\TradingBot\TradingBot_o5dlqudd_wpftmp.csproj]
E:\PROJECT\CoinFF\TradingBot\TradingBot\SettingsWindow.xaml.cs(64,80): warning CS8602: null 媛??李몄“???????갭議곗엯?덈떎. [E:\PROJECT\CoinFF\TradingBot\TradingBot\TradingBot_o5dlqudd_wpftmp.csproj]
E:\PROJECT\CoinFF\TradingBot\TradingBot\SettingsWindow.xaml.cs(103,17): warning CS8602: null 媛??李몄“???????갭議곗엯?덈떎. [E:\PROJECT\CoinFF\TradingBot\TradingBot\TradingBot_o5dlqudd_wpftmp.csproj]
E:\PROJECT\CoinFF\TradingBot\TradingBot\SettingsWindow.xaml.cs(109,17): warning CS8602: null 媛??李몄“???????갭議곗엯?덈떎. [E:\PROJECT\CoinFF\TradingBot\TradingBot\TradingBot_o5dlqudd_wpftmp.csproj]
E:\PROJECT\CoinFF\TradingBot\TradingBot\SettingsWindow.xaml.cs(112,21): warning CS8602: null 媛??李몄“???????갭議곗엯?덈떎. [E:\PROJECT\CoinFF\TradingBot\TradingBot\TradingBot_o5dlqudd_wpftmp.csproj]
E:\PROJECT\CoinFF\TradingBot\TradingBot\SettingsWindow.xaml.cs(113,21): warning CS8602: null 媛??李몄“???????갭議곗엯?덈떎. [E:\PROJECT\CoinFF\TradingBot\TradingBot\TradingBot_o5dlqudd_wpftmp.csproj]
E:\PROJECT\CoinFF\TradingBot\TradingBot\SettingsWindow.xaml.cs(116,21): warning CS8602: null 媛??李몄“???????갭議곗엯?덈떎. [E:\PROJECT\CoinFF\TradingBot\TradingBot\TradingBot_o5dlqudd_wpftmp.csproj]
E:\PROJECT\CoinFF\TradingBot\TradingBot\SettingsWindow.xaml.cs(116,21): warning CS8602: null 媛??李몄“???????갭議곗엯?덈떎. [E:\PROJECT\CoinFF\TradingBot\TradingBot\TradingBot_o5dlqudd_wpftmp.csproj]
E:\PROJECT\CoinFF\TradingBot\TradingBot\SettingsWindow.xaml.cs(119,21): warning CS8602: null 媛??李몄“???????갭議곗엯?덈떎. [E:\PROJECT\CoinFF\TradingBot\TradingBot\TradingBot_o5dlqudd_wpftmp.csproj]
E:\PROJECT\CoinFF\TradingBot\TradingBot\SettingsWindow.xaml.cs(119,21): warning CS8602: null 媛??李몄“???????갭議곗엯?덈떎. [E:\PROJECT\CoinFF\TradingBot\TradingBot\TradingBot_o5dlqudd_wpftmp.csproj]
E:\PROJECT\CoinFF\TradingBot\TradingBot\SettingsWindow.xaml.cs(122,21): warning CS8602: null 媛??李몄“???????갭議곗엯?덈떎. [E:\PROJECT\CoinFF\TradingBot\TradingBot\TradingBot_o5dlqudd_wpftmp.csproj]
E:\PROJECT\CoinFF\TradingBot\TradingBot\SettingsWindow.xaml.cs(122,21): warning CS8602: null 媛??李몄“???????갭議곗엯?덈떎. [E:\PROJECT\CoinFF\TradingBot\TradingBot\TradingBot_o5dlqudd_wpftmp.csproj]
E:\PROJECT\CoinFF\TradingBot\TradingBot\SettingsWindow.xaml.cs(125,21): warning CS8602: null 媛??李몄“???????갭議곗엯?덈떎. [E:\PROJECT\CoinFF\TradingBot\TradingBot\TradingBot_o5dlqudd_wpftmp.csproj]
E:\PROJECT\CoinFF\TradingBot\TradingBot\SettingsWindow.xaml.cs(131,17): warning CS8602: null 媛??李몄“???????갭議곗엯?덈떎. [E:\PROJECT\CoinFF\TradingBot\TradingBot\TradingBot_o5dlqudd_wpftmp.csproj]
E:\PROJECT\CoinFF\TradingBot\TradingBot\SettingsWindow.xaml.cs(134,21): warning CS8602: null 媛??李몄“???????갭議곗엯?덈떎. [E:\PROJECT\CoinFF\TradingBot\TradingBot\TradingBot_o5dlqudd_wpftmp.csproj]
E:\PROJECT\CoinFF\TradingBot\TradingBot\SettingsWindow.xaml.cs(134,67): warning CS8602: null 媛??李몄“???????갭議곗엯?덈떎. [E:\PROJECT\CoinFF\TradingBot\TradingBot\TradingBot_o5dlqudd_wpftmp.csproj]
E:\PROJECT\CoinFF\TradingBot\TradingBot\SettingsWindow.xaml.cs(137,21): warning CS8602: null 媛??李몄“???????갭議곗엯?덈떎. [E:\PROJECT\CoinFF\TradingBot\TradingBot\TradingBot_o5dlqudd_wpftmp.csproj]
E:\PROJECT\CoinFF\TradingBot\TradingBot\SettingsWindow.xaml.cs(137,21): warning CS8602: null 媛??李몄“???????갭議곗엯?덈떎. [E:\PROJECT\CoinFF\TradingBot\TradingBot\TradingBot_o5dlqudd_wpftmp.csproj]
E:\PROJECT\CoinFF\TradingBot\TradingBot\SettingsWindow.xaml.cs(139,21): warning CS8602: null 媛??李몄“???????갭議곗엯?덈떎. [E:\PROJECT\CoinFF\TradingBot\TradingBot\TradingBot_o5dlqudd_wpftmp.csproj]
E:\PROJECT\CoinFF\TradingBot\TradingBot\SettingsWindow.xaml.cs(139,21): warning CS8602: null 媛??李몄“???????갭議곗엯?덈떎. [E:\PROJECT\CoinFF\TradingBot\TradingBot\TradingBot_o5dlqudd_wpftmp.csproj]
E:\PROJECT\CoinFF\TradingBot\TradingBot\SettingsWindow.xaml.cs(142,21): warning CS8602: null 媛??李몄“???????갭議곗엯?덈떎. [E:\PROJECT\CoinFF\TradingBot\TradingBot\TradingBot_o5dlqudd_wpftmp.csproj]
E:\PROJECT\CoinFF\TradingBot\TradingBot\SettingsWindow.xaml.cs(142,72): warning CS8602: null 媛??李몄“???????갭議곗엯?덈떎. [E:\PROJECT\CoinFF\TradingBot\TradingBot\TradingBot_o5dlqudd_wpftmp.csproj]
E:\PROJECT\CoinFF\TradingBot\TradingBot\SettingsWindow.xaml.cs(144,17): warning CS8602: null 媛??李몄“???????갭議곗엯?덈떎. [E:\PROJECT\CoinFF\TradingBot\TradingBot\TradingBot_o5dlqudd_wpftmp.csproj]
E:\PROJECT\CoinFF\TradingBot\TradingBot\SettingsWindow.xaml.cs(144,17): warning CS8602: null 媛??李몄“???????갭議곗엯?덈떎. [E:\PROJECT\CoinFF\TradingBot\TradingBot\TradingBot_o5dlqudd_wpftmp.csproj]
E:\PROJECT\CoinFF\TradingBot\TradingBot\SignUpWindow.xaml.cs(76,23): warning CS8602: null 媛??李몄“???????갭議곗엯?덈떎. [E:\PROJECT\CoinFF\TradingBot\TradingBot\TradingBot_o5dlqudd_wpftmp.csproj]
E:\PROJECT\CoinFF\TradingBot\TradingBot\SignUpWindow.xaml.cs(121,23): warning CS8602: null 媛??李몄“???????갭議곗엯?덈떎. [E:\PROJECT\CoinFF\TradingBot\TradingBot\TradingBot_o5dlqudd_wpftmp.csproj]
E:\PROJECT\CoinFF\TradingBot\TradingBot\TelegramService.cs(15,24): warning CS8618: null???덉슜?섏? ?딅뒗 ?꾨뱶 'BotToken'?(?? ?앹꽦?먮? 醫낅즺????null???꾨땶 媛믪쓣 ?ы븿?댁빞 ?⑸땲?? 'required' ?쒖젙?먮? 異붽??섍굅???꾨뱶??瑜? nullable濡??좎뼵?섎뒗 寃껋씠 醫뗭뒿?덈떎. [E:\PROJECT\CoinFF\TradingBot\TradingBot\TradingBot_o5dlqudd_wpftmp.csproj]
E:\PROJECT\CoinFF\TradingBot\TradingBot\TelegramService.cs(16,24): warning CS8618: null???덉슜?섏? ?딅뒗 ?꾨뱶 'ChatId'?(?? ?앹꽦?먮? 醫낅즺????null???꾨땶 媛믪쓣 ?ы븿?댁빞 ?⑸땲?? 'required' ?쒖젙?먮? 異붽??섍굅???꾨뱶??瑜? nullable濡??좎뼵?섎뒗 寃껋씠 醫뗭뒿?덈떎. [E:\PROJECT\CoinFF\TradingBot\TradingBot\TradingBot_o5dlqudd_wpftmp.csproj]
E:\PROJECT\CoinFF\TradingBot\TradingBot\TelegramService.cs(17,36): warning CS8618: null???덉슜?섏? ?딅뒗 ?꾨뱶 '_botClient'?(?? ?앹꽦?먮? 醫낅즺????null???꾨땶 媛믪쓣 ?ы븿?댁빞 ?⑸땲?? 'required' ?쒖젙?먮? 異붽??섍굅???꾨뱶??瑜? nullable濡??좎뼵?섎뒗 寃껋씠 醫뗭뒿?덈떎. [E:\PROJECT\CoinFF\TradingBot\TradingBot\TradingBot_o5dlqudd_wpftmp.csproj]
E:\PROJECT\CoinFF\TradingBot\TradingBot\TelegramService.cs(18,41): warning CS8618: null???덉슜?섏? ?딅뒗 ?꾨뱶 '_recvCts'?(?? ?앹꽦?먮? 醫낅즺????null???꾨땶 媛믪쓣 ?ы븿?댁빞 ?⑸땲?? 'required' ?쒖젙?먮? 異붽??섍굅???꾨뱶??瑜? nullable濡??좎뼵?섎뒗 寃껋씠 醫뗭뒿?덈떎. [E:\PROJECT\CoinFF\TradingBot\TradingBot\TradingBot_o5dlqudd_wpftmp.csproj]
E:\PROJECT\CoinFF\TradingBot\TradingBot\TelegramService.cs(19,29): warning CS8618: null???덉슜?섏? ?딅뒗 ?띿꽦 'OnRequestStatus'?(?? ?앹꽦?먮? 醫낅즺????null???꾨땶 媛믪쓣 ?ы븿?댁빞 ?⑸땲?? 'required' ?쒖젙?먮? 異붽??섍굅???띿꽦??瑜? nullable濡??좎뼵?섎뒗 寃껋씠 醫뗭뒿?덈떎. [E:\PROJECT\CoinFF\TradingBot\TradingBot\TradingBot_o5dlqudd_wpftmp.csproj]
E:\PROJECT\CoinFF\TradingBot\TradingBot\TelegramService.cs(20,23): warning CS8618: null???덉슜?섏? ?딅뒗 ?띿꽦 'OnRequestStop'?(?? ?앹꽦?먮? 醫낅즺????null???꾨땶 媛믪쓣 ?ы븿?댁빞 ?⑸땲?? 'required' ?쒖젙?먮? 異붽??섍굅???띿꽦??瑜? nullable濡??좎뼵?섎뒗 寃껋씠 醫뗭뒿?덈떎. [E:\PROJECT\CoinFF\TradingBot\TradingBot\TradingBot_o5dlqudd_wpftmp.csproj]
E:\PROJECT\CoinFF\TradingBot\TradingBot\TelegramService.cs(21,54): warning CS8618: null???덉슜?섏? ?딅뒗 ?꾨뱶 '_commands'?(?? ?앹꽦?먮? 醫낅즺????null???꾨땶 媛믪쓣 ?ы븿?댁빞 ?⑸땲?? 'required' ?쒖젙?먮? 異붽??섍굅???꾨뱶??瑜? nullable濡??좎뼵?섎뒗 寃껋씠 醫뗭뒿?덈떎. [E:\PROJECT\CoinFF\TradingBot\TradingBot\TradingBot_o5dlqudd_wpftmp.csproj]
E:\PROJECT\CoinFF\TradingBot\TradingBot\TelegramService.cs(12,40): warning CS8618: null???덉슜?섏? ?딅뒗 ?꾨뱶 '_instance'?(?? ?앹꽦?먮? 醫낅즺????null???꾨땶 媛믪쓣 ?ы븿?댁빞 ?⑸땲?? 'required' ?쒖젙?먮? 異붽??섍굅???꾨뱶??瑜? nullable濡??좎뼵?섎뒗 寃껋씠 醫뗭뒿?덈떎. [E:\PROJECT\CoinFF\TradingBot\TradingBot\TradingBot_o5dlqudd_wpftmp.csproj]
E:\PROJECT\CoinFF\TradingBot\TradingBot\SignUpWindow.xaml.cs(284,27): warning CS8602: null 媛??李몄“???????갭議곗엯?덈떎. [E:\PROJECT\CoinFF\TradingBot\TradingBot\TradingBot_o5dlqudd_wpftmp.csproj]
E:\PROJECT\CoinFF\TradingBot\TradingBot\MarketDataManager.cs(39,16): warning CS8618: null???덉슜?섏? ?딅뒗 ?꾨뱶 '_socketClient'?(?? ?앹꽦?먮? 醫낅즺????null???꾨땶 媛믪쓣 ?ы븿?댁빞 ?⑸땲?? 'required' ?쒖젙?먮? 異붽??섍굅???꾨뱶??瑜? nullable濡??좎뼵?섎뒗 寃껋씠 醫뗭뒿?덈떎. [E:\PROJECT\CoinFF\TradingBot\TradingBot\TradingBot_o5dlqudd_wpftmp.csproj]
E:\PROJECT\CoinFF\TradingBot\TradingBot\TimeSeriesDataLoader.cs(33,16): warning CS8618: null???덉슜?섏? ?딅뒗 ?꾨뱶 '_rawFeatures'?(?? ?앹꽦?먮? 醫낅즺????null???꾨땶 媛믪쓣 ?ы븿?댁빞 ?⑸땲?? 'required' ?쒖젙?먮? 異붽??섍굅???꾨뱶??瑜? nullable濡??좎뼵?섎뒗 寃껋씠 醫뗭뒿?덈떎. [E:\PROJECT\CoinFF\TradingBot\TradingBot\TradingBot_o5dlqudd_wpftmp.csproj]
E:\PROJECT\CoinFF\TradingBot\TradingBot\TimeSeriesDataLoader.cs(33,16): warning CS8618: null???덉슜?섏? ?딅뒗 ?꾨뱶 '_rawTargets'?(?? ?앹꽦?먮? 醫낅즺????null???꾨땶 媛믪쓣 ?ы븿?댁빞 ?⑸땲?? 'required' ?쒖젙?먮? 異붽??섍굅???꾨뱶??瑜? nullable濡??좎뼵?섎뒗 寃껋씠 醫뗭뒿?덈떎. [E:\PROJECT\CoinFF\TradingBot\TradingBot\TradingBot_o5dlqudd_wpftmp.csproj]
E:\PROJECT\CoinFF\TradingBot\TradingBot\TimeSeriesDataLoader.cs(33,16): warning CS8618: null???덉슜?섏? ?딅뒗 ?띿꽦 'Means'?(?? ?앹꽦?먮? 醫낅즺????null???꾨땶 媛믪쓣 ?ы븿?댁빞 ?⑸땲?? 'required' ?쒖젙?먮? 異붽??섍굅???띿꽦??瑜? nullable濡??좎뼵?섎뒗 寃껋씠 醫뗭뒿?덈떎. [E:\PROJECT\CoinFF\TradingBot\TradingBot\TradingBot_o5dlqudd_wpftmp.csproj]
E:\PROJECT\CoinFF\TradingBot\TradingBot\TimeSeriesDataLoader.cs(33,16): warning CS8618: null???덉슜?섏? ?딅뒗 ?띿꽦 'Stds'?(?? ?앹꽦?먮? 醫낅즺????null???꾨땶 媛믪쓣 ?ы븿?댁빞 ?⑸땲?? 'required' ?쒖젙?먮? 異붽??섍굅???띿꽦??瑜? nullable濡??좎뼵?섎뒗 寃껋씠 醫뗭뒿?덈떎. [E:\PROJECT\CoinFF\TradingBot\TradingBot\TradingBot_o5dlqudd_wpftmp.csproj]
E:\PROJECT\CoinFF\TradingBot\TradingBot\TimeSeriesDataLoader.cs(33,16): warning CS8618: null???덉슜?섏? ?딅뒗 ?꾨뱶 '_cachedBatches'?(?? ?앹꽦?먮? 醫낅즺????null???꾨땶 媛믪쓣 ?ы븿?댁빞 ?⑸땲?? 'required' ?쒖젙?먮? 異붽??섍굅???꾨뱶??瑜? nullable濡??좎뼵?섎뒗 寃껋씠 醫뗭뒿?덈떎. [E:\PROJECT\CoinFF\TradingBot\TradingBot\TradingBot_o5dlqudd_wpftmp.csproj]
E:\PROJECT\CoinFF\TradingBot\TransformerTrainer.cs(37,16): warning CS8618: null???덉슜?섏? ?딅뒗 ?꾨뱶 '_model'?(?? ?앹꽦?먮? 醫낅즺????null???꾨땶 媛믪쓣 ?ы븿?댁빞 ?⑸땲?? 'required' ?쒖젙?먮? 異붽??섍굅???꾨뱶??瑜? nullable濡??좎뼵?섎뒗 寃껋씠 醫뗭뒿?덈떎. [E:\PROJECT\CoinFF\TradingBot\TradingBot\TradingBot_o5dlqudd_wpftmp.csproj]
E:\PROJECT\CoinFF\TradingBot\TransformerTrainer.cs(37,16): warning CS8618: null???덉슜?섏? ?딅뒗 ?꾨뱶 '_dataLoader'?(?? ?앹꽦?먮? 醫낅즺????null???꾨땶 媛믪쓣 ?ы븿?댁빞 ?⑸땲?? 'required' ?쒖젙?먮? 異붽??섍굅???꾨뱶??瑜? nullable濡??좎뼵?섎뒗 寃껋씠 醫뗭뒿?덈떎. [E:\PROJECT\CoinFF\TradingBot\TradingBot\TradingBot_o5dlqudd_wpftmp.csproj]
E:\PROJECT\CoinFF\TradingBot\TransformerTrainer.cs(37,16): warning CS8618: null???덉슜?섏? ?딅뒗 ?꾨뱶 '_means'?(?? ?앹꽦?먮? 醫낅즺????null???꾨땶 媛믪쓣 ?ы븿?댁빞 ?⑸땲?? 'required' ?쒖젙?먮? 異붽??섍굅???꾨뱶??瑜? nullable濡??좎뼵?섎뒗 寃껋씠 醫뗭뒿?덈떎. [E:\PROJECT\CoinFF\TradingBot\TradingBot\TradingBot_o5dlqudd_wpftmp.csproj]
E:\PROJECT\CoinFF\TradingBot\TransformerTrainer.cs(37,16): warning CS8618: null???덉슜?섏? ?딅뒗 ?꾨뱶 '_stds'?(?? ?앹꽦?먮? 醫낅즺????null???꾨땶 媛믪쓣 ?ы븿?댁빞 ?⑸땲?? 'required' ?쒖젙?먮? 異붽??섍굅???꾨뱶??瑜? nullable濡??좎뼵?섎뒗 寃껋씠 醫뗭뒿?덈떎. [E:\PROJECT\CoinFF\TradingBot\TradingBot\TradingBot_o5dlqudd_wpftmp.csproj]
E:\PROJECT\CoinFF\TradingBot\TradingBot\Services\ArbitrageExecutionService.cs(50,27): warning CS1998: ??鍮꾨룞湲?硫붿꽌?쒖뿉??'await' ?곗궛?먭? ?놁쑝硫?硫붿꽌?쒓? ?숈떆???ㅽ뻾?⑸땲?? 'await' ?곗궛?먮? ?ъ슜?섏뿬 鍮꾨툝濡쒗궧 API ?몄텧???湲고븯嫄곕굹, 'await Task.Run(...)'???ъ슜?섏뿬 諛깃렇?쇱슫???ㅻ젅?쒖뿉??CPU 諛붿씤?⑸맂 ?묒뾽???섑뻾?섏꽭?? [E:\PROJECT\CoinFF\TradingBot\TradingBot\TradingBot_o5dlqudd_wpftmp.csproj]
E:\PROJECT\CoinFF\TradingBot\TradingBot\Services\FundTransferService.cs(46,27): warning CS1998: ??鍮꾨룞湲?硫붿꽌?쒖뿉??'await' ?곗궛?먭? ?놁쑝硫?硫붿꽌?쒓? ?숈떆???ㅽ뻾?⑸땲?? 'await' ?곗궛?먮? ?ъ슜?섏뿬 鍮꾨툝濡쒗궧 API ?몄텧???湲고븯嫄곕굹, 'await Task.Run(...)'???ъ슜?섏뿬 諛깃렇?쇱슫???ㅻ젅?쒖뿉??CPU 諛붿씤?⑸맂 ?묒뾽???섑뻾?섏꽭?? [E:\PROJECT\CoinFF\TradingBot\TradingBot\TradingBot_o5dlqudd_wpftmp.csproj]
E:\PROJECT\CoinFF\TradingBot\TradingBot\MainWindow.xaml.cs(691,28): warning CS1998: ??鍮꾨룞湲?硫붿꽌?쒖뿉??'await' ?곗궛?먭? ?놁쑝硫?硫붿꽌?쒓? ?숈떆???ㅽ뻾?⑸땲?? 'await' ?곗궛?먮? ?ъ슜?섏뿬 鍮꾨툝濡쒗궧 API ?몄텧???湲고븯嫄곕굹, 'await Task.Run(...)'???ъ슜?섏뿬 諛깃렇?쇱슫???ㅻ젅?쒖뿉??CPU 諛붿씤?⑸맂 ?묒뾽???섑뻾?섏꽭?? [E:\PROJECT\CoinFF\TradingBot\TradingBot\TradingBot_o5dlqudd_wpftmp.csproj]
E:\PROJECT\CoinFF\TradingBot\TradingBot\TimeSeriesDataLoader.cs(170,32): warning CS8602: null 媛??李몄“???????갭議곗엯?덈떎. [E:\PROJECT\CoinFF\TradingBot\TradingBot\TradingBot_o5dlqudd_wpftmp.csproj]
E:\PROJECT\CoinFF\TradingBot\TradingBot\Services\FundTransferService.cs(234,29): warning CS8625: Null 由ы꽣?댁쓣 null???덉슜?섏? ?딅뒗 李몄“ ?뺤떇?쇰줈 蹂?섑븷 ???놁뒿?덈떎. [E:\PROJECT\CoinFF\TradingBot\TradingBot\TradingBot_o5dlqudd_wpftmp.csproj]
E:\PROJECT\CoinFF\TradingBot\TradingBot\Services\FundTransferService.cs(307,17): warning CS0162: ?묎렐?????녿뒗 肄붾뱶媛 ?덉뒿?덈떎. [E:\PROJECT\CoinFF\TradingBot\TradingBot\TradingBot_o5dlqudd_wpftmp.csproj]
E:\PROJECT\CoinFF\TradingBot\TradingBot\Services\FundTransferService.cs(177,48): warning CS1998: ??鍮꾨룞湲?硫붿꽌?쒖뿉??'await' ?곗궛?먭? ?놁쑝硫?硫붿꽌?쒓? ?숈떆???ㅽ뻾?⑸땲?? 'await' ?곗궛?먮? ?ъ슜?섏뿬 鍮꾨툝濡쒗궧 API ?몄텧???湲고븯嫄곕굹, 'await Task.Run(...)'???ъ슜?섏뿬 諛깃렇?쇱슫???ㅻ젅?쒖뿉??CPU 諛붿씤?⑸맂 ?묒뾽???섑뻾?섏꽭?? [E:\PROJECT\CoinFF\TradingBot\TradingBot\TradingBot_o5dlqudd_wpftmp.csproj]
E:\PROJECT\CoinFF\TradingBot\TradingBot\Services\ArbitrageExecutionService.cs(240,29): warning CS8625: Null 由ы꽣?댁쓣 null???덉슜?섏? ?딅뒗 李몄“ ?뺤떇?쇰줈 蹂?섑븷 ???놁뒿?덈떎. [E:\PROJECT\CoinFF\TradingBot\TradingBot\TradingBot_o5dlqudd_wpftmp.csproj]
E:\PROJECT\CoinFF\TradingBot\TradingBot\Services\ArbitrageExecutionService.cs(321,25): warning CS8604: 'Task TelegramService.SendArbitrageExecutionResultAsync(string symbol, bool success, decimal actualProfit, string errorMessage = null)'??留ㅺ컻 蹂??'errorMessage'?????媛?ν븳 null 李몄“ ?몄닔?낅땲?? [E:\PROJECT\CoinFF\TradingBot\TradingBot\TradingBot_o5dlqudd_wpftmp.csproj]
E:\PROJECT\CoinFF\TradingBot\TransformerTrainer.cs(386,28): warning CS8618: null???덉슜?섏? ?딅뒗 ?띿꽦 'Means'?(?? ?앹꽦?먮? 醫낅즺????null???꾨땶 媛믪쓣 ?ы븿?댁빞 ?⑸땲?? 'required' ?쒖젙?먮? 異붽??섍굅???띿꽦??瑜? nullable濡??좎뼵?섎뒗 寃껋씠 醫뗭뒿?덈떎. [E:\PROJECT\CoinFF\TradingBot\TradingBot\TradingBot_o5dlqudd_wpftmp.csproj]
E:\PROJECT\CoinFF\TradingBot\TransformerTrainer.cs(387,28): warning CS8618: null???덉슜?섏? ?딅뒗 ?띿꽦 'Stds'?(?? ?앹꽦?먮? 醫낅즺????null???꾨땶 媛믪쓣 ?ы븿?댁빞 ?⑸땲?? 'required' ?쒖젙?먮? 異붽??섍굅???띿꽦??瑜? nullable濡??좎뼵?섎뒗 寃껋씠 醫뗭뒿?덈떎. [E:\PROJECT\CoinFF\TradingBot\TradingBot\TradingBot_o5dlqudd_wpftmp.csproj]
E:\PROJECT\CoinFF\TradingBot\TradingBot\OnChainAnalysisService.cs(29,48): warning CS0067: 'OnChainAnalysisService.OnWhaleAlert' ?대깽?멸? ?ъ슜?섏? ?딆븯?듬땲?? [E:\PROJECT\CoinFF\TradingBot\TradingBot\TradingBot_o5dlqudd_wpftmp.csproj]
E:\PROJECT\CoinFF\TradingBot\TradingBot\TradingEngine.cs(102,44): warning CS0067: 'TradingEngine.OnTelegramStatusUpdate' ?대깽?멸? ?ъ슜?섏? ?딆븯?듬땲?? [E:\PROJECT\CoinFF\TradingBot\TradingBot\TradingBot_o5dlqudd_wpftmp.csproj]
E:\PROJECT\CoinFF\TradingBot\TradingBot\MainViewModel.cs(138,22): warning CS0414: 'MainViewModel._isAiMonitorVisible' ?꾨뱶媛 ?좊떦?섏뿀吏留??ъ슜?섏? ?딆븯?듬땲?? [E:\PROJECT\CoinFF\TradingBot\TradingBot\TradingBot_o5dlqudd_wpftmp.csproj]
E:\PROJECT\CoinFF\TradingBot\TradingBot\MainViewModel.cs(851,31): warning CA2021: ?뺤떇 'TradingBot.Shared.Models.CandleData'?(?? ?뺤떇 'TradingBot.Models.CandleData'怨??) ?명솚?섏? ?딆쑝硫?罹먯뒪???쒕룄?먯꽌 ?고??꾩뿉 InvalidCastException??諛쒖깮?⑸땲?? (https://learn.microsoft.com/dotnet/fundamentals/code-analysis/quality-rules/ca2021) [E:\PROJECT\CoinFF\TradingBot\TradingBot\TradingBot_o5dlqudd_wpftmp.csproj]
E:\PROJECT\CoinFF\TradingBot\TradingBot\TimeSeriesDataLoader.cs(33,146): warning CS8625: Null 由ы꽣?댁쓣 null???덉슜?섏? ?딅뒗 李몄“ ?뺤떇?쇰줈 蹂?섑븷 ???놁뒿?덈떎. [E:\PROJECT\CoinFF\TradingBot\TradingBot\TradingBot.csproj]
E:\PROJECT\CoinFF\TradingBot\TradingBot\TelegramService.cs(206,134): warning CS8625: Null 由ы꽣?댁쓣 null???덉슜?섏? ?딅뒗 李몄“ ?뺤떇?쇰줈 蹂?섑븷 ???놁뒿?덈떎. [E:\PROJECT\CoinFF\TradingBot\TradingBot\TradingBot.csproj]
E:\PROJECT\CoinFF\TradingBot\TradingBot\TelegramService.cs(223,79): warning CS8625: Null 由ы꽣?댁쓣 null???덉슜?섏? ?딅뒗 李몄“ ?뺤떇?쇰줈 蹂?섑븷 ???놁뒿?덈떎. [E:\PROJECT\CoinFF\TradingBot\TradingBot\TradingBot.csproj]
E:\PROJECT\CoinFF\TradingBot\TradingBot\TelegramService.cs(244,69): warning CS8625: Null 由ы꽣?댁쓣 null???덉슜?섏? ?딅뒗 李몄“ ?뺤떇?쇰줈 蹂?섑븷 ???놁뒿?덈떎. [E:\PROJECT\CoinFF\TradingBot\TradingBot\TradingBot.csproj]
E:\PROJECT\CoinFF\TradingBot\TradingBot\MLService.cs(14,12): warning CS8618: null???덉슜?섏? ?딅뒗 ?꾨뱶 '_model'?(?? ?앹꽦?먮? 醫낅즺????null???꾨땶 媛믪쓣 ?ы븿?댁빞 ?⑸땲?? 'required' ?쒖젙?먮? 異붽??섍굅???꾨뱶??瑜? nullable濡??좎뼵?섎뒗 寃껋씠 醫뗭뒿?덈떎. [E:\PROJECT\CoinFF\TradingBot\TradingBot\TradingBot.csproj]
E:\PROJECT\CoinFF\TradingBot\TradingBot\MLService.cs(14,12): warning CS8618: null???덉슜?섏? ?딅뒗 ?꾨뱶 '_predictionEngine'?(?? ?앹꽦?먮? 醫낅즺????null???꾨땶 媛믪쓣 ?ы븿?댁빞 ?⑸땲?? 'required' ?쒖젙?먮? 異붽??섍굅???꾨뱶??瑜? nullable濡??좎뼵?섎뒗 寃껋씠 醫뗭뒿?덈떎. [E:\PROJECT\CoinFF\TradingBot\TradingBot\TradingBot.csproj]
E:\PROJECT\CoinFF\TradingBot\TradingBot\MLService.cs(49,47): warning CS8603: 媛?ν븳 null 李몄“ 諛섑솚?낅땲?? [E:\PROJECT\CoinFF\TradingBot\TradingBot\TradingBot.csproj]
E:\PROJECT\CoinFF\TradingBot\TradingBot\App.xaml.cs(192,17): warning CS0162: ?묎렐?????녿뒗 肄붾뱶媛 ?덉뒿?덈떎. [E:\PROJECT\CoinFF\TradingBot\TradingBot\TradingBot.csproj]
E:\PROJECT\CoinFF\TradingBot\TradingBot\TradingEngine.cs(228,17): warning CS4014: ???몄텧???湲곕릺吏 ?딆쑝誘濡??몄텧???꾨즺?섍린 ?꾩뿉 ?꾩옱 硫붿꽌?쒓? 怨꾩냽 ?ㅽ뻾?⑸땲?? ?몄텧 寃곌낵??'await' ?곗궛?먮? ?곸슜??蹂댁꽭?? [E:\PROJECT\CoinFF\TradingBot\TradingBot\TradingBot.csproj]
E:\PROJECT\CoinFF\TradingBot\TradingBot\TradingEngine.cs(346,17): warning CS4014: ???몄텧???湲곕릺吏 ?딆쑝誘濡??몄텧???꾨즺?섍린 ?꾩뿉 ?꾩옱 硫붿꽌?쒓? 怨꾩냽 ?ㅽ뻾?⑸땲?? ?몄텧 寃곌낵??'await' ?곗궛?먮? ?곸슜??蹂댁꽭?? [E:\PROJECT\CoinFF\TradingBot\TradingBot\TradingBot.csproj]
E:\PROJECT\CoinFF\TradingBot\TradingBot\TradingEngine.cs(424,46): warning CS8604: 'PositionInfo Dictionary<string, PositionInfo>.this[string key]'??留ㅺ컻 蹂??'key'?????媛?ν븳 null 李몄“ ?몄닔?낅땲?? [E:\PROJECT\CoinFF\TradingBot\TradingBot\TradingBot.csproj]
E:\PROJECT\CoinFF\TradingBot\TradingBot\Services\WebServerService.cs(91,53): warning CS8602: null 媛??李몄“???????갭議곗엯?덈떎. [E:\PROJECT\CoinFF\TradingBot\TradingBot\TradingBot.csproj]
E:\PROJECT\CoinFF\TradingBot\TradingBot\Services\WebServerService.cs(96,58): warning CS8602: null 媛??李몄“???????갭議곗엯?덈떎. [E:\PROJECT\CoinFF\TradingBot\TradingBot\TradingBot.csproj]
E:\PROJECT\CoinFF\TradingBot\TradingBot\Services\WebServerService.cs(101,57): warning CS8602: null 媛??李몄“???????갭議곗엯?덈떎. [E:\PROJECT\CoinFF\TradingBot\TradingBot\TradingBot.csproj]
E:\PROJECT\CoinFF\TradingBot\TradingBot\Services\WebServerService.cs(105,57): warning CS8602: null 媛??李몄“???????갭議곗엯?덈떎. [E:\PROJECT\CoinFF\TradingBot\TradingBot\TradingBot.csproj]
E:\PROJECT\CoinFF\TradingBot\TradingBot\Services\WebServerService.cs(112,57): warning CS8602: null 媛??李몄“???????갭議곗엯?덈떎. [E:\PROJECT\CoinFF\TradingBot\TradingBot\TradingBot.csproj]
E:\PROJECT\CoinFF\TradingBot\TradingBot\Services\WebServerService.cs(116,58): warning CS8602: null 媛??李몄“???????갭議곗엯?덈떎. [E:\PROJECT\CoinFF\TradingBot\TradingBot\TradingBot.csproj]
E:\PROJECT\CoinFF\TradingBot\TradingBot\DatabaseService.cs(84,32): warning CS8600: null 由ы꽣???먮뒗 媛?ν븳 null 媛믪쓣 null???덉슜?섏? ?딅뒗 ?뺤떇?쇰줈 蹂?섑븯??以묒엯?덈떎. [E:\PROJECT\CoinFF\TradingBot\TradingBot\TradingBot.csproj]
E:\PROJECT\CoinFF\TradingBot\TradingBot\DatabaseService.cs(85,73): warning CS8604: 'DirectoryInfo Directory.CreateDirectory(string path)'??留ㅺ컻 蹂??'path'?????媛?ν븳 null 李몄“ ?몄닔?낅땲?? [E:\PROJECT\CoinFF\TradingBot\TradingBot\TradingBot.csproj]
E:\PROJECT\CoinFF\TradingBot\TradingBot\DatabaseService.cs(145,32): warning CS8602: null 媛??李몄“???????갭議곗엯?덈떎. [E:\PROJECT\CoinFF\TradingBot\TradingBot\TradingBot.csproj]
E:\PROJECT\CoinFF\TradingBot\TradingBot\DatabaseService.cs(145,32): warning CS8602: null 媛??李몄“???????갭議곗엯?덈떎. [E:\PROJECT\CoinFF\TradingBot\TradingBot\TradingBot.csproj]
E:\PROJECT\CoinFF\TradingBot\TradingBot\DatabaseService.cs(303,28): warning CS8603: 媛?ν븳 null 李몄“ 諛섑솚?낅땲?? [E:\PROJECT\CoinFF\TradingBot\TradingBot\TradingBot.csproj]
E:\PROJECT\CoinFF\TradingBot\TradingBot\DatabaseService.cs(309,20): warning CS8603: 媛?ν븳 null 李몄“ 諛섑솚?낅땲?? [E:\PROJECT\CoinFF\TradingBot\TradingBot\TradingBot.csproj]
E:\PROJECT\CoinFF\TradingBot\TradingBot\DatabaseService.cs(332,20): warning CS8603: 媛?ν븳 null 李몄“ 諛섑솚?낅땲?? [E:\PROJECT\CoinFF\TradingBot\TradingBot\TradingBot.csproj]
E:\PROJECT\CoinFF\TradingBot\TradingBot\BybitExchangeService.cs(496,33): warning CS1998: ??鍮꾨룞湲?硫붿꽌?쒖뿉??'await' ?곗궛?먭? ?놁쑝硫?硫붿꽌?쒓? ?숈떆???ㅽ뻾?⑸땲?? 'await' ?곗궛?먮? ?ъ슜?섏뿬 鍮꾨툝濡쒗궧 API ?몄텧???湲고븯嫄곕굹, 'await Task.Run(...)'???ъ슜?섏뿬 諛깃렇?쇱슫???ㅻ젅?쒖뿉??CPU 諛붿씤?⑸맂 ?묒뾽???섑뻾?섏꽭?? [E:\PROJECT\CoinFF\TradingBot\TradingBot\TradingBot.csproj]
E:\PROJECT\CoinFF\TradingBot\TradingBot\Services\PortfolioRebalancingService.cs(46,27): warning CS1998: ??鍮꾨룞湲?硫붿꽌?쒖뿉??'await' ?곗궛?먭? ?놁쑝硫?硫붿꽌?쒓? ?숈떆???ㅽ뻾?⑸땲?? 'await' ?곗궛?먮? ?ъ슜?섏뿬 鍮꾨툝濡쒗궧 API ?몄텧???湲고븯嫄곕굹, 'await Task.Run(...)'???ъ슜?섏뿬 諛깃렇?쇱슫???ㅻ젅?쒖뿉??CPU 諛붿씤?⑸맂 ?묒뾽???섑뻾?섏꽭?? [E:\PROJECT\CoinFF\TradingBot\TradingBot\TradingBot.csproj]
E:\PROJECT\CoinFF\TradingBot\TradingBot\MainViewModel.cs(187,16): warning CS8618: null???덉슜?섏? ?딅뒗 ?꾨뱶 '_selectedSymbol'?(?? ?앹꽦?먮? 醫낅즺????null???꾨땶 媛믪쓣 ?ы븿?댁빞 ?⑸땲?? 'required' ?쒖젙?먮? 異붽??섍굅???꾨뱶??瑜? nullable濡??좎뼵?섎뒗 寃껋씠 醫뗭뒿?덈떎. [E:\PROJECT\CoinFF\TradingBot\TradingBot\TradingBot.csproj]
E:\PROJECT\CoinFF\TradingBot\TradingBot\BacktestViewModel.cs(49,25): warning CS8602: null 媛??李몄“???????갭議곗엯?덈떎. [E:\PROJECT\CoinFF\TradingBot\TradingBot\TradingBot.csproj]
E:\PROJECT\CoinFF\TradingBot\TradingBot\BacktestViewModel.cs(22,16): warning CS8618: null???덉슜?섏? ?딅뒗 ?띿꽦 'ChartSeries'?(?? ?앹꽦?먮? 醫낅즺????null???꾨땶 媛믪쓣 ?ы븿?댁빞 ?⑸땲?? 'required' ?쒖젙?먮? 異붽??섍굅???띿꽦??瑜? nullable濡??좎뼵?섎뒗 寃껋씠 醫뗭뒿?덈떎. [E:\PROJECT\CoinFF\TradingBot\TradingBot\TradingBot.csproj]
E:\PROJECT\CoinFF\TradingBot\TradingBot\BacktestViewModel.cs(22,16): warning CS8618: null???덉슜?섏? ?딅뒗 ?띿꽦 'Labels'?(?? ?앹꽦?먮? 醫낅즺????null???꾨땶 媛믪쓣 ?ы븿?댁빞 ?⑸땲?? 'required' ?쒖젙?먮? 異붽??섍굅???띿꽦??瑜? nullable濡??좎뼵?섎뒗 寃껋씠 醫뗭뒿?덈떎. [E:\PROJECT\CoinFF\TradingBot\TradingBot\TradingBot.csproj]
E:\PROJECT\CoinFF\TradingBot\TransformerTrainer.cs(37,16): warning CS8618: null???덉슜?섏? ?딅뒗 ?꾨뱶 '_model'?(?? ?앹꽦?먮? 醫낅즺????null???꾨땶 媛믪쓣 ?ы븿?댁빞 ?⑸땲?? 'required' ?쒖젙?먮? 異붽??섍굅???꾨뱶??瑜? nullable濡??좎뼵?섎뒗 寃껋씠 醫뗭뒿?덈떎. [E:\PROJECT\CoinFF\TradingBot\TradingBot\TradingBot.csproj]
E:\PROJECT\CoinFF\TradingBot\TransformerTrainer.cs(37,16): warning CS8618: null???덉슜?섏? ?딅뒗 ?꾨뱶 '_dataLoader'?(?? ?앹꽦?먮? 醫낅즺????null???꾨땶 媛믪쓣 ?ы븿?댁빞 ?⑸땲?? 'required' ?쒖젙?먮? 異붽??섍굅???꾨뱶??瑜? nullable濡??좎뼵?섎뒗 寃껋씠 醫뗭뒿?덈떎. [E:\PROJECT\CoinFF\TradingBot\TradingBot\TradingBot.csproj]
E:\PROJECT\CoinFF\TradingBot\TransformerTrainer.cs(37,16): warning CS8618: null???덉슜?섏? ?딅뒗 ?꾨뱶 '_means'?(?? ?앹꽦?먮? 醫낅즺????null???꾨땶 媛믪쓣 ?ы븿?댁빞 ?⑸땲?? 'required' ?쒖젙?먮? 異붽??섍굅???꾨뱶??瑜? nullable濡??좎뼵?섎뒗 寃껋씠 醫뗭뒿?덈떎. [E:\PROJECT\CoinFF\TradingBot\TradingBot\TradingBot.csproj]
E:\PROJECT\CoinFF\TradingBot\TransformerTrainer.cs(37,16): warning CS8618: null???덉슜?섏? ?딅뒗 ?꾨뱶 '_stds'?(?? ?앹꽦?먮? 醫낅즺????null???꾨땶 媛믪쓣 ?ы븿?댁빞 ?⑸땲?? 'required' ?쒖젙?먮? 異붽??섍굅???꾨뱶??瑜? nullable濡??좎뼵?섎뒗 寃껋씠 醫뗭뒿?덈떎. [E:\PROJECT\CoinFF\TradingBot\TradingBot\TradingBot.csproj]
E:\PROJECT\CoinFF\TradingBot\TradingBot\Services\NotificationService.cs(102,27): warning CS1998: ??鍮꾨룞湲?硫붿꽌?쒖뿉??'await' ?곗궛?먭? ?놁쑝硫?硫붿꽌?쒓? ?숈떆???ㅽ뻾?⑸땲?? 'await' ?곗궛?먮? ?ъ슜?섏뿬 鍮꾨툝濡쒗궧 API ?몄텧???湲고븯嫄곕굹, 'await Task.Run(...)'???ъ슜?섏뿬 諛깃렇?쇱슫???ㅻ젅?쒖뿉??CPU 諛붿씤?⑸맂 ?묒뾽???섑뻾?섏꽭?? [E:\PROJECT\CoinFF\TradingBot\TradingBot\TradingBot.csproj]
E:\PROJECT\CoinFF\TradingBot\TransformerTrainer.cs(386,28): warning CS8618: null???덉슜?섏? ?딅뒗 ?띿꽦 'Means'?(?? ?앹꽦?먮? 醫낅즺????null???꾨땶 媛믪쓣 ?ы븿?댁빞 ?⑸땲?? 'required' ?쒖젙?먮? 異붽??섍굅???띿꽦??瑜? nullable濡??좎뼵?섎뒗 寃껋씠 醫뗭뒿?덈떎. [E:\PROJECT\CoinFF\TradingBot\TradingBot\TradingBot.csproj]
E:\PROJECT\CoinFF\TradingBot\TransformerTrainer.cs(387,28): warning CS8618: null???덉슜?섏? ?딅뒗 ?띿꽦 'Stds'?(?? ?앹꽦?먮? 醫낅즺????null???꾨땶 媛믪쓣 ?ы븿?댁빞 ?⑸땲?? 'required' ?쒖젙?먮? 異붽??섍굅???띿꽦??瑜? nullable濡??좎뼵?섎뒗 寃껋씠 醫뗭뒿?덈떎. [E:\PROJECT\CoinFF\TradingBot\TradingBot\TradingBot.csproj]
E:\PROJECT\CoinFF\TradingBot\TradingBot\TimeSeriesDataLoader.cs(33,16): warning CS8618: null???덉슜?섏? ?딅뒗 ?꾨뱶 '_rawFeatures'?(?? ?앹꽦?먮? 醫낅즺????null???꾨땶 媛믪쓣 ?ы븿?댁빞 ?⑸땲?? 'required' ?쒖젙?먮? 異붽??섍굅???꾨뱶??瑜? nullable濡??좎뼵?섎뒗 寃껋씠 醫뗭뒿?덈떎. [E:\PROJECT\CoinFF\TradingBot\TradingBot\TradingBot.csproj]
E:\PROJECT\CoinFF\TradingBot\TradingBot\TimeSeriesDataLoader.cs(33,16): warning CS8618: null???덉슜?섏? ?딅뒗 ?꾨뱶 '_rawTargets'?(?? ?앹꽦?먮? 醫낅즺????null???꾨땶 媛믪쓣 ?ы븿?댁빞 ?⑸땲?? 'required' ?쒖젙?먮? 異붽??섍굅???꾨뱶??瑜? nullable濡??좎뼵?섎뒗 寃껋씠 醫뗭뒿?덈떎. [E:\PROJECT\CoinFF\TradingBot\TradingBot\TradingBot.csproj]
E:\PROJECT\CoinFF\TradingBot\TradingBot\TimeSeriesDataLoader.cs(33,16): warning CS8618: null???덉슜?섏? ?딅뒗 ?띿꽦 'Means'?(?? ?앹꽦?먮? 醫낅즺????null???꾨땶 媛믪쓣 ?ы븿?댁빞 ?⑸땲?? 'required' ?쒖젙?먮? 異붽??섍굅???띿꽦??瑜? nullable濡??좎뼵?섎뒗 寃껋씠 醫뗭뒿?덈떎. [E:\PROJECT\CoinFF\TradingBot\TradingBot\TradingBot.csproj]
E:\PROJECT\CoinFF\TradingBot\TradingBot\TimeSeriesDataLoader.cs(33,16): warning CS8618: null???덉슜?섏? ?딅뒗 ?띿꽦 'Stds'?(?? ?앹꽦?먮? 醫낅즺????null???꾨땶 媛믪쓣 ?ы븿?댁빞 ?⑸땲?? 'required' ?쒖젙?먮? 異붽??섍굅???띿꽦??瑜? nullable濡??좎뼵?섎뒗 寃껋씠 醫뗭뒿?덈떎. [E:\PROJECT\CoinFF\TradingBot\TradingBot\TradingBot.csproj]
E:\PROJECT\CoinFF\TradingBot\TradingBot\TimeSeriesDataLoader.cs(33,16): warning CS8618: null???덉슜?섏? ?딅뒗 ?꾨뱶 '_cachedBatches'?(?? ?앹꽦?먮? 醫낅즺????null???꾨땶 媛믪쓣 ?ы븿?댁빞 ?⑸땲?? 'required' ?쒖젙?먮? 異붽??섍굅???꾨뱶??瑜? nullable濡??좎뼵?섎뒗 寃껋씠 醫뗭뒿?덈떎. [E:\PROJECT\CoinFF\TradingBot\TradingBot\TradingBot.csproj]
E:\PROJECT\CoinFF\TradingBot\TradingBot\Services\FundTransferService.cs(46,27): warning CS1998: ??鍮꾨룞湲?硫붿꽌?쒖뿉??'await' ?곗궛?먭? ?놁쑝硫?硫붿꽌?쒓? ?숈떆???ㅽ뻾?⑸땲?? 'await' ?곗궛?먮? ?ъ슜?섏뿬 鍮꾨툝濡쒗궧 API ?몄텧???湲고븯嫄곕굹, 'await Task.Run(...)'???ъ슜?섏뿬 諛깃렇?쇱슫???ㅻ젅?쒖뿉??CPU 諛붿씤?⑸맂 ?묒뾽???섑뻾?섏꽭?? [E:\PROJECT\CoinFF\TradingBot\TradingBot\TradingBot.csproj]
E:\PROJECT\CoinFF\TradingBot\TradingBot\MainViewModel.cs(705,21): warning CS8604: 'Task<WebCallResult<IBinanceKline[]>> IBinanceRestClientUsdFuturesApiExchangeData.GetKlinesAsync(string symbol, KlineInterval interval, DateTime? startTime = null, DateTime? endTime = null, int? limit = null, CancellationToken ct = default(CancellationToken))'??留ㅺ컻 蹂??'symbol'?????媛?ν븳 null 李몄“ ?몄닔?낅땲?? [E:\PROJECT\CoinFF\TradingBot\TradingBot\TradingBot.csproj]
E:\PROJECT\CoinFF\TradingBot\TradingBot\TradeStatisticsWindow.xaml.cs(32,16): warning CS8618: null???덉슜?섏? ?딅뒗 ?띿꽦 'WinRateSeries'?(?? ?앹꽦?먮? 醫낅즺????null???꾨땶 媛믪쓣 ?ы븿?댁빞 ?⑸땲?? 'required' ?쒖젙?먮? 異붽??섍굅???띿꽦??瑜? nullable濡??좎뼵?섎뒗 寃껋씠 醫뗭뒿?덈떎. [E:\PROJECT\CoinFF\TradingBot\TradingBot\TradingBot.csproj]
E:\PROJECT\CoinFF\TradingBot\TradingBot\TradeStatisticsWindow.xaml.cs(32,16): warning CS8618: null???덉슜?섏? ?딅뒗 ?띿꽦 'CumulativeProfitSeries'?(?? ?앹꽦?먮? 醫낅즺????null???꾨땶 媛믪쓣 ?ы븿?댁빞 ?⑸땲?? 'required' ?쒖젙?먮? 異붽??섍굅???띿꽦??瑜? nullable濡??좎뼵?섎뒗 寃껋씠 醫뗭뒿?덈떎. [E:\PROJECT\CoinFF\TradingBot\TradingBot\TradingBot.csproj]
E:\PROJECT\CoinFF\TradingBot\TradingBot\TradeStatisticsWindow.xaml.cs(32,16): warning CS8618: null???덉슜?섏? ?딅뒗 ?띿꽦 'HourlyProfitSeries'?(?? ?앹꽦?먮? 醫낅즺????null???꾨땶 媛믪쓣 ?ы븿?댁빞 ?⑸땲?? 'required' ?쒖젙?먮? 異붽??섍굅???띿꽦??瑜? nullable濡??좎뼵?섎뒗 寃껋씠 醫뗭뒿?덈떎. [E:\PROJECT\CoinFF\TradingBot\TradingBot\TradingBot.csproj]
E:\PROJECT\CoinFF\TradingBot\TradingBot\TradeStatisticsWindow.xaml.cs(32,16): warning CS8618: null???덉슜?섏? ?딅뒗 ?띿꽦 'HourlyLabels'?(?? ?앹꽦?먮? 醫낅즺????null???꾨땶 媛믪쓣 ?ы븿?댁빞 ?⑸땲?? 'required' ?쒖젙?먮? 異붽??섍굅???띿꽦??瑜? nullable濡??좎뼵?섎뒗 寃껋씠 醫뗭뒿?덈떎. [E:\PROJECT\CoinFF\TradingBot\TradingBot\TradingBot.csproj]
E:\PROJECT\CoinFF\TradingBot\TradingBot\TradeStatisticsWindow.xaml.cs(32,16): warning CS8618: null???덉슜?섏? ?딅뒗 ?띿꽦 'TradeLabels'?(?? ?앹꽦?먮? 醫낅즺????null???꾨땶 媛믪쓣 ?ы븿?댁빞 ?⑸땲?? 'required' ?쒖젙?먮? 異붽??섍굅???띿꽦??瑜? nullable濡??좎뼵?섎뒗 寃껋씠 醫뗭뒿?덈떎. [E:\PROJECT\CoinFF\TradingBot\TradingBot\TradingBot.csproj]
E:\PROJECT\CoinFF\TradingBot\TradingBot\TradeStatisticsWindow.xaml.cs(32,16): warning CS8618: null???덉슜?섏? ?딅뒗 ?꾨뱶 '_summaryText'?(?? ?앹꽦?먮? 醫낅즺????null???꾨땶 媛믪쓣 ?ы븿?댁빞 ?⑸땲?? 'required' ?쒖젙?먮? 異붽??섍굅???꾨뱶??瑜? nullable濡??좎뼵?섎뒗 寃껋씠 醫뗭뒿?덈떎. [E:\PROJECT\CoinFF\TradingBot\TradingBot\TradingBot.csproj]
E:\PROJECT\CoinFF\TradingBot\TradingBot\LoginWindow.xaml.cs(16,16): warning CS8618: null???덉슜?섏? ?딅뒗 ?꾨뱶 '_dbService'?(?? ?앹꽦?먮? 醫낅즺????null???꾨땶 媛믪쓣 ?ы븿?댁빞 ?⑸땲?? 'required' ?쒖젙?먮? 異붽??섍굅???꾨뱶??瑜? nullable濡??좎뼵?섎뒗 寃껋씠 醫뗭뒿?덈떎. [E:\PROJECT\CoinFF\TradingBot\TradingBot\TradingBot.csproj]
E:\PROJECT\CoinFF\TradingBot\TradingBot\TelegramService.cs(35,30): warning CS8625: Null 由ы꽣?댁쓣 null???덉슜?섏? ?딅뒗 李몄“ ?뺤떇?쇰줈 蹂?섑븷 ???놁뒿?덈떎. [E:\PROJECT\CoinFF\TradingBot\TradingBot\TradingBot.csproj]
E:\PROJECT\CoinFF\TradingBot\TradingBot\TimeSeriesDataLoader.cs(170,32): warning CS8602: null 媛??李몄“???????갭議곗엯?덈떎. [E:\PROJECT\CoinFF\TradingBot\TradingBot\TradingBot.csproj]
E:\PROJECT\CoinFF\TradingBot\TradingBot\MarketDataManager.cs(39,16): warning CS8618: null???덉슜?섏? ?딅뒗 ?꾨뱶 '_socketClient'?(?? ?앹꽦?먮? 醫낅즺????null???꾨땶 媛믪쓣 ?ы븿?댁빞 ?⑸땲?? 'required' ?쒖젙?먮? 異붽??섍굅???꾨뱶??瑜? nullable濡??좎뼵?섎뒗 寃껋씠 醫뗭뒿?덈떎. [E:\PROJECT\CoinFF\TradingBot\TradingBot\TradingBot.csproj]
E:\PROJECT\CoinFF\TradingBot\TradingBot\User.cs(6,23): warning CS8618: null???덉슜?섏? ?딅뒗 ?띿꽦 'Username'?(?? ?앹꽦?먮? 醫낅즺????null???꾨땶 媛믪쓣 ?ы븿?댁빞 ?⑸땲?? 'required' ?쒖젙?먮? 異붽??섍굅???띿꽦??瑜? nullable濡??좎뼵?섎뒗 寃껋씠 醫뗭뒿?덈떎. [E:\PROJECT\CoinFF\TradingBot\TradingBot\TradingBot.csproj]
E:\PROJECT\CoinFF\TradingBot\TradingBot\User.cs(7,23): warning CS8618: null???덉슜?섏? ?딅뒗 ?띿꽦 'Email'?(?? ?앹꽦?먮? 醫낅즺????null???꾨땶 媛믪쓣 ?ы븿?댁빞 ?⑸땲?? 'required' ?쒖젙?먮? 異붽??섍굅???띿꽦??瑜? nullable濡??좎뼵?섎뒗 寃껋씠 醫뗭뒿?덈떎. [E:\PROJECT\CoinFF\TradingBot\TradingBot\TradingBot.csproj]
E:\PROJECT\CoinFF\TradingBot\TradingBot\User.cs(8,23): warning CS8618: null???덉슜?섏? ?딅뒗 ?띿꽦 'PasswordHash'?(?? ?앹꽦?먮? 醫낅즺????null???꾨땶 媛믪쓣 ?ы븿?댁빞 ?⑸땲?? 'required' ?쒖젙?먮? 異붽??섍굅???띿꽦??瑜? nullable濡??좎뼵?섎뒗 寃껋씠 醫뗭뒿?덈떎. [E:\PROJECT\CoinFF\TradingBot\TradingBot\TradingBot.csproj]
E:\PROJECT\CoinFF\TradingBot\TradingBot\User.cs(9,23): warning CS8618: null???덉슜?섏? ?딅뒗 ?띿꽦 'BinanceApiKey'?(?? ?앹꽦?먮? 醫낅즺????null???꾨땶 媛믪쓣 ?ы븿?댁빞 ?⑸땲?? 'required' ?쒖젙?먮? 異붽??섍굅???띿꽦??瑜? nullable濡??좎뼵?섎뒗 寃껋씠 醫뗭뒿?덈떎. [E:\PROJECT\CoinFF\TradingBot\TradingBot\TradingBot.csproj]
E:\PROJECT\CoinFF\TradingBot\TradingBot\User.cs(10,23): warning CS8618: null???덉슜?섏? ?딅뒗 ?띿꽦 'BinanceApiSecret'?(?? ?앹꽦?먮? 醫낅즺????null???꾨땶 媛믪쓣 ?ы븿?댁빞 ?⑸땲?? 'required' ?쒖젙?먮? 異붽??섍굅???띿꽦??瑜? nullable濡??좎뼵?섎뒗 寃껋씠 醫뗭뒿?덈떎. [E:\PROJECT\CoinFF\TradingBot\TradingBot\TradingBot.csproj]
E:\PROJECT\CoinFF\TradingBot\TradingBot\User.cs(11,23): warning CS8618: null???덉슜?섏? ?딅뒗 ?띿꽦 'TelegramBotToken'?(?? ?앹꽦?먮? 醫낅즺????null???꾨땶 媛믪쓣 ?ы븿?댁빞 ?⑸땲?? 'required' ?쒖젙?먮? 異붽??섍굅???띿꽦??瑜? nullable濡??좎뼵?섎뒗 寃껋씠 醫뗭뒿?덈떎. [E:\PROJECT\CoinFF\TradingBot\TradingBot\TradingBot.csproj]
E:\PROJECT\CoinFF\TradingBot\TradingBot\User.cs(12,23): warning CS8618: null???덉슜?섏? ?딅뒗 ?띿꽦 'TelegramChatId'?(?? ?앹꽦?먮? 醫낅즺????null???꾨땶 媛믪쓣 ?ы븿?댁빞 ?⑸땲?? 'required' ?쒖젙?먮? 異붽??섍굅???띿꽦??瑜? nullable濡??좎뼵?섎뒗 寃껋씠 醫뗭뒿?덈떎. [E:\PROJECT\CoinFF\TradingBot\TradingBot\TradingBot.csproj]
E:\PROJECT\CoinFF\TradingBot\TradingBot\User.cs(13,23): warning CS8618: null???덉슜?섏? ?딅뒗 ?띿꽦 'BybitApiKey'?(?? ?앹꽦?먮? 醫낅즺????null???꾨땶 媛믪쓣 ?ы븿?댁빞 ?⑸땲?? 'required' ?쒖젙?먮? 異붽??섍굅???띿꽦??瑜? nullable濡??좎뼵?섎뒗 寃껋씠 醫뗭뒿?덈떎. [E:\PROJECT\CoinFF\TradingBot\TradingBot\TradingBot.csproj]
E:\PROJECT\CoinFF\TradingBot\TradingBot\User.cs(14,23): warning CS8618: null???덉슜?섏? ?딅뒗 ?띿꽦 'BybitApiSecret'?(?? ?앹꽦?먮? 醫낅즺????null???꾨땶 媛믪쓣 ?ы븿?댁빞 ?⑸땲?? 'required' ?쒖젙?먮? 異붽??섍굅???띿꽦??瑜? nullable濡??좎뼵?섎뒗 寃껋씠 醫뗭뒿?덈떎. [E:\PROJECT\CoinFF\TradingBot\TradingBot\TradingBot.csproj]
E:\PROJECT\CoinFF\TradingBot\TradingBot\Models\Phase5Models.cs(38,23): warning CS8618: null???덉슜?섏? ?딅뒗 ?띿꽦 'Symbol'?(?? ?앹꽦?먮? 醫낅즺????null???꾨땶 媛믪쓣 ?ы븿?댁빞 ?⑸땲?? 'required' ?쒖젙?먮? 異붽??섍굅???띿꽦??瑜? nullable濡??좎뼵?섎뒗 寃껋씠 醫뗭뒿?덈떎. [E:\PROJECT\CoinFF\TradingBot\TradingBot\TradingBot.csproj]
E:\PROJECT\CoinFF\TradingBot\TradingBot\Models\Phase5Models.cs(39,23): warning CS8618: null???덉슜?섏? ?딅뒗 ?띿꽦 'Side'?(?? ?앹꽦?먮? 醫낅즺????null???꾨땶 媛믪쓣 ?ы븿?댁빞 ?⑸땲?? 'required' ?쒖젙?먮? 異붽??섍굅???띿꽦??瑜? nullable濡??좎뼵?섎뒗 寃껋씠 醫뗭뒿?덈떎. [E:\PROJECT\CoinFF\TradingBot\TradingBot\TradingBot.csproj]
E:\PROJECT\CoinFF\TradingBot\TradingBot\Models\Phase5Models.cs(45,23): warning CS8618: null???덉슜?섏? ?딅뒗 ?띿꽦 'ExitReason'?(?? ?앹꽦?먮? 醫낅즺????null???꾨땶 媛믪쓣 ?ы븿?댁빞 ?⑸땲?? 'required' ?쒖젙?먮? 異붽??섍굅???띿꽦??瑜? nullable濡??좎뼵?섎뒗 寃껋씠 醫뗭뒿?덈떎. [E:\PROJECT\CoinFF\TradingBot\TradingBot\TradingBot.csproj]
E:\PROJECT\CoinFF\TradingBot\TradingBot\SettingsWindow.xaml.cs(33,25): warning CS8602: null 媛??李몄“???????갭議곗엯?덈떎. [E:\PROJECT\CoinFF\TradingBot\TradingBot\TradingBot.csproj]
E:\PROJECT\CoinFF\TradingBot\TradingBot\SettingsWindow.xaml.cs(35,52): warning CS8602: null 媛??李몄“???????갭議곗엯?덈떎. [E:\PROJECT\CoinFF\TradingBot\TradingBot\TradingBot.csproj]
E:\PROJECT\CoinFF\TradingBot\TradingBot\SettingsWindow.xaml.cs(35,52): warning CS8602: null 媛??李몄“???????갭議곗엯?덈떎. [E:\PROJECT\CoinFF\TradingBot\TradingBot\TradingBot.csproj]
E:\PROJECT\CoinFF\TradingBot\TradingBot\SettingsWindow.xaml.cs(64,80): warning CS8602: null 媛??李몄“???????갭議곗엯?덈떎. [E:\PROJECT\CoinFF\TradingBot\TradingBot\TradingBot.csproj]
E:\PROJECT\CoinFF\TradingBot\TradingBot\Services\FundTransferService.cs(234,29): warning CS8625: Null 由ы꽣?댁쓣 null???덉슜?섏? ?딅뒗 李몄“ ?뺤떇?쇰줈 蹂?섑븷 ???놁뒿?덈떎. [E:\PROJECT\CoinFF\TradingBot\TradingBot\TradingBot.csproj]
E:\PROJECT\CoinFF\TradingBot\TradingBot\Services\FundTransferService.cs(307,17): warning CS0162: ?묎렐?????녿뒗 肄붾뱶媛 ?덉뒿?덈떎. [E:\PROJECT\CoinFF\TradingBot\TradingBot\TradingBot.csproj]
E:\PROJECT\CoinFF\TradingBot\TradingBot\Services\FundTransferService.cs(177,48): warning CS1998: ??鍮꾨룞湲?硫붿꽌?쒖뿉??'await' ?곗궛?먭? ?놁쑝硫?硫붿꽌?쒓? ?숈떆???ㅽ뻾?⑸땲?? 'await' ?곗궛?먮? ?ъ슜?섏뿬 鍮꾨툝濡쒗궧 API ?몄텧???湲고븯嫄곕굹, 'await Task.Run(...)'???ъ슜?섏뿬 諛깃렇?쇱슫???ㅻ젅?쒖뿉??CPU 諛붿씤?⑸맂 ?묒뾽???섑뻾?섏꽭?? [E:\PROJECT\CoinFF\TradingBot\TradingBot\TradingBot.csproj]
E:\PROJECT\CoinFF\TradingBot\TradingBot\SettingsWindow.xaml.cs(103,17): warning CS8602: null 媛??李몄“???????갭議곗엯?덈떎. [E:\PROJECT\CoinFF\TradingBot\TradingBot\TradingBot.csproj]
E:\PROJECT\CoinFF\TradingBot\TradingBot\SettingsWindow.xaml.cs(109,17): warning CS8602: null 媛??李몄“???????갭議곗엯?덈떎. [E:\PROJECT\CoinFF\TradingBot\TradingBot\TradingBot.csproj]
E:\PROJECT\CoinFF\TradingBot\TradingBot\SettingsWindow.xaml.cs(112,21): warning CS8602: null 媛??李몄“???????갭議곗엯?덈떎. [E:\PROJECT\CoinFF\TradingBot\TradingBot\TradingBot.csproj]
E:\PROJECT\CoinFF\TradingBot\TradingBot\SettingsWindow.xaml.cs(113,21): warning CS8602: null 媛??李몄“???????갭議곗엯?덈떎. [E:\PROJECT\CoinFF\TradingBot\TradingBot\TradingBot.csproj]
E:\PROJECT\CoinFF\TradingBot\TradingBot\SettingsWindow.xaml.cs(116,21): warning CS8602: null 媛??李몄“???????갭議곗엯?덈떎. [E:\PROJECT\CoinFF\TradingBot\TradingBot\TradingBot.csproj]
E:\PROJECT\CoinFF\TradingBot\TradingBot\SettingsWindow.xaml.cs(116,21): warning CS8602: null 媛??李몄“???????갭議곗엯?덈떎. [E:\PROJECT\CoinFF\TradingBot\TradingBot\TradingBot.csproj]
E:\PROJECT\CoinFF\TradingBot\TradingBot\SettingsWindow.xaml.cs(119,21): warning CS8602: null 媛??李몄“???????갭議곗엯?덈떎. [E:\PROJECT\CoinFF\TradingBot\TradingBot\TradingBot.csproj]
E:\PROJECT\CoinFF\TradingBot\TradingBot\SettingsWindow.xaml.cs(119,21): warning CS8602: null 媛??李몄“???????갭議곗엯?덈떎. [E:\PROJECT\CoinFF\TradingBot\TradingBot\TradingBot.csproj]
E:\PROJECT\CoinFF\TradingBot\TradingBot\SettingsWindow.xaml.cs(122,21): warning CS8602: null 媛??李몄“???????갭議곗엯?덈떎. [E:\PROJECT\CoinFF\TradingBot\TradingBot\TradingBot.csproj]
E:\PROJECT\CoinFF\TradingBot\TradingBot\SettingsWindow.xaml.cs(122,21): warning CS8602: null 媛??李몄“???????갭議곗엯?덈떎. [E:\PROJECT\CoinFF\TradingBot\TradingBot\TradingBot.csproj]
E:\PROJECT\CoinFF\TradingBot\TradingBot\SettingsWindow.xaml.cs(125,21): warning CS8602: null 媛??李몄“???????갭議곗엯?덈떎. [E:\PROJECT\CoinFF\TradingBot\TradingBot\TradingBot.csproj]
E:\PROJECT\CoinFF\TradingBot\TradingBot\SettingsWindow.xaml.cs(131,17): warning CS8602: null 媛??李몄“???????갭議곗엯?덈떎. [E:\PROJECT\CoinFF\TradingBot\TradingBot\TradingBot.csproj]
E:\PROJECT\CoinFF\TradingBot\TradingBot\SettingsWindow.xaml.cs(134,21): warning CS8602: null 媛??李몄“???????갭議곗엯?덈떎. [E:\PROJECT\CoinFF\TradingBot\TradingBot\TradingBot.csproj]
E:\PROJECT\CoinFF\TradingBot\TradingBot\SettingsWindow.xaml.cs(134,67): warning CS8602: null 媛??李몄“???????갭議곗엯?덈떎. [E:\PROJECT\CoinFF\TradingBot\TradingBot\TradingBot.csproj]
E:\PROJECT\CoinFF\TradingBot\TradingBot\SettingsWindow.xaml.cs(137,21): warning CS8602: null 媛??李몄“???????갭議곗엯?덈떎. [E:\PROJECT\CoinFF\TradingBot\TradingBot\TradingBot.csproj]
E:\PROJECT\CoinFF\TradingBot\TradingBot\SettingsWindow.xaml.cs(137,21): warning CS8602: null 媛??李몄“???????갭議곗엯?덈떎. [E:\PROJECT\CoinFF\TradingBot\TradingBot\TradingBot.csproj]
E:\PROJECT\CoinFF\TradingBot\TradingBot\SettingsWindow.xaml.cs(139,21): warning CS8602: null 媛??李몄“???????갭議곗엯?덈떎. [E:\PROJECT\CoinFF\TradingBot\TradingBot\TradingBot.csproj]
E:\PROJECT\CoinFF\TradingBot\TradingBot\SettingsWindow.xaml.cs(139,21): warning CS8602: null 媛??李몄“???????갭議곗엯?덈떎. [E:\PROJECT\CoinFF\TradingBot\TradingBot\TradingBot.csproj]
E:\PROJECT\CoinFF\TradingBot\TradingBot\SettingsWindow.xaml.cs(142,21): warning CS8602: null 媛??李몄“???????갭議곗엯?덈떎. [E:\PROJECT\CoinFF\TradingBot\TradingBot\TradingBot.csproj]
E:\PROJECT\CoinFF\TradingBot\TradingBot\SettingsWindow.xaml.cs(142,72): warning CS8602: null 媛??李몄“???????갭議곗엯?덈떎. [E:\PROJECT\CoinFF\TradingBot\TradingBot\TradingBot.csproj]
E:\PROJECT\CoinFF\TradingBot\TradingBot\SettingsWindow.xaml.cs(144,17): warning CS8602: null 媛??李몄“???????갭議곗엯?덈떎. [E:\PROJECT\CoinFF\TradingBot\TradingBot\TradingBot.csproj]
E:\PROJECT\CoinFF\TradingBot\TradingBot\SettingsWindow.xaml.cs(144,17): warning CS8602: null 媛??李몄“???????갭議곗엯?덈떎. [E:\PROJECT\CoinFF\TradingBot\TradingBot\TradingBot.csproj]
E:\PROJECT\CoinFF\TradingBot\TradingBot\Services\ArbitrageExecutionService.cs(50,27): warning CS1998: ??鍮꾨룞湲?硫붿꽌?쒖뿉??'await' ?곗궛?먭? ?놁쑝硫?硫붿꽌?쒓? ?숈떆???ㅽ뻾?⑸땲?? 'await' ?곗궛?먮? ?ъ슜?섏뿬 鍮꾨툝濡쒗궧 API ?몄텧???湲고븯嫄곕굹, 'await Task.Run(...)'???ъ슜?섏뿬 諛깃렇?쇱슫???ㅻ젅?쒖뿉??CPU 諛붿씤?⑸맂 ?묒뾽???섑뻾?섏꽭?? [E:\PROJECT\CoinFF\TradingBot\TradingBot\TradingBot.csproj]
E:\PROJECT\CoinFF\TradingBot\TradingBot\SignUpWindow.xaml.cs(76,23): warning CS8602: null 媛??李몄“???????갭議곗엯?덈떎. [E:\PROJECT\CoinFF\TradingBot\TradingBot\TradingBot.csproj]
E:\PROJECT\CoinFF\TradingBot\TradingBot\SignUpWindow.xaml.cs(121,23): warning CS8602: null 媛??李몄“???????갭議곗엯?덈떎. [E:\PROJECT\CoinFF\TradingBot\TradingBot\TradingBot.csproj]
E:\PROJECT\CoinFF\TradingBot\TradingBot\SignUpWindow.xaml.cs(284,27): warning CS8602: null 媛??李몄“???????갭議곗엯?덈떎. [E:\PROJECT\CoinFF\TradingBot\TradingBot\TradingBot.csproj]
E:\PROJECT\CoinFF\TradingBot\TradingBot\TelegramService.cs(15,24): warning CS8618: null???덉슜?섏? ?딅뒗 ?꾨뱶 'BotToken'?(?? ?앹꽦?먮? 醫낅즺????null???꾨땶 媛믪쓣 ?ы븿?댁빞 ?⑸땲?? 'required' ?쒖젙?먮? 異붽??섍굅???꾨뱶??瑜? nullable濡??좎뼵?섎뒗 寃껋씠 醫뗭뒿?덈떎. [E:\PROJECT\CoinFF\TradingBot\TradingBot\TradingBot.csproj]
E:\PROJECT\CoinFF\TradingBot\TradingBot\TelegramService.cs(16,24): warning CS8618: null???덉슜?섏? ?딅뒗 ?꾨뱶 'ChatId'?(?? ?앹꽦?먮? 醫낅즺????null???꾨땶 媛믪쓣 ?ы븿?댁빞 ?⑸땲?? 'required' ?쒖젙?먮? 異붽??섍굅???꾨뱶??瑜? nullable濡??좎뼵?섎뒗 寃껋씠 醫뗭뒿?덈떎. [E:\PROJECT\CoinFF\TradingBot\TradingBot\TradingBot.csproj]
E:\PROJECT\CoinFF\TradingBot\TradingBot\TelegramService.cs(17,36): warning CS8618: null???덉슜?섏? ?딅뒗 ?꾨뱶 '_botClient'?(?? ?앹꽦?먮? 醫낅즺????null???꾨땶 媛믪쓣 ?ы븿?댁빞 ?⑸땲?? 'required' ?쒖젙?먮? 異붽??섍굅???꾨뱶??瑜? nullable濡??좎뼵?섎뒗 寃껋씠 醫뗭뒿?덈떎. [E:\PROJECT\CoinFF\TradingBot\TradingBot\TradingBot.csproj]
E:\PROJECT\CoinFF\TradingBot\TradingBot\TelegramService.cs(18,41): warning CS8618: null???덉슜?섏? ?딅뒗 ?꾨뱶 '_recvCts'?(?? ?앹꽦?먮? 醫낅즺????null???꾨땶 媛믪쓣 ?ы븿?댁빞 ?⑸땲?? 'required' ?쒖젙?먮? 異붽??섍굅???꾨뱶??瑜? nullable濡??좎뼵?섎뒗 寃껋씠 醫뗭뒿?덈떎. [E:\PROJECT\CoinFF\TradingBot\TradingBot\TradingBot.csproj]
E:\PROJECT\CoinFF\TradingBot\TradingBot\TelegramService.cs(19,29): warning CS8618: null???덉슜?섏? ?딅뒗 ?띿꽦 'OnRequestStatus'?(?? ?앹꽦?먮? 醫낅즺????null???꾨땶 媛믪쓣 ?ы븿?댁빞 ?⑸땲?? 'required' ?쒖젙?먮? 異붽??섍굅???띿꽦??瑜? nullable濡??좎뼵?섎뒗 寃껋씠 醫뗭뒿?덈떎. [E:\PROJECT\CoinFF\TradingBot\TradingBot\TradingBot.csproj]
E:\PROJECT\CoinFF\TradingBot\TradingBot\TelegramService.cs(20,23): warning CS8618: null???덉슜?섏? ?딅뒗 ?띿꽦 'OnRequestStop'?(?? ?앹꽦?먮? 醫낅즺????null???꾨땶 媛믪쓣 ?ы븿?댁빞 ?⑸땲?? 'required' ?쒖젙?먮? 異붽??섍굅???띿꽦??瑜? nullable濡??좎뼵?섎뒗 寃껋씠 醫뗭뒿?덈떎. [E:\PROJECT\CoinFF\TradingBot\TradingBot\TradingBot.csproj]
E:\PROJECT\CoinFF\TradingBot\TradingBot\TelegramService.cs(21,54): warning CS8618: null???덉슜?섏? ?딅뒗 ?꾨뱶 '_commands'?(?? ?앹꽦?먮? 醫낅즺????null???꾨땶 媛믪쓣 ?ы븿?댁빞 ?⑸땲?? 'required' ?쒖젙?먮? 異붽??섍굅???꾨뱶??瑜? nullable濡??좎뼵?섎뒗 寃껋씠 醫뗭뒿?덈떎. [E:\PROJECT\CoinFF\TradingBot\TradingBot\TradingBot.csproj]
E:\PROJECT\CoinFF\TradingBot\TradingBot\TelegramService.cs(12,40): warning CS8618: null???덉슜?섏? ?딅뒗 ?꾨뱶 '_instance'?(?? ?앹꽦?먮? 醫낅즺????null???꾨땶 媛믪쓣 ?ы븿?댁빞 ?⑸땲?? 'required' ?쒖젙?먮? 異붽??섍굅???꾨뱶??瑜? nullable濡??좎뼵?섎뒗 寃껋씠 醫뗭뒿?덈떎. [E:\PROJECT\CoinFF\TradingBot\TradingBot\TradingBot.csproj]
E:\PROJECT\CoinFF\TradingBot\TradingBot\Services\ArbitrageExecutionService.cs(240,29): warning CS8625: Null 由ы꽣?댁쓣 null???덉슜?섏? ?딅뒗 李몄“ ?뺤떇?쇰줈 蹂?섑븷 ???놁뒿?덈떎. [E:\PROJECT\CoinFF\TradingBot\TradingBot\TradingBot.csproj]
E:\PROJECT\CoinFF\TradingBot\TradingBot\Services\ArbitrageExecutionService.cs(321,25): warning CS8604: 'Task TelegramService.SendArbitrageExecutionResultAsync(string symbol, bool success, decimal actualProfit, string errorMessage = null)'??留ㅺ컻 蹂??'errorMessage'?????媛?ν븳 null 李몄“ ?몄닔?낅땲?? [E:\PROJECT\CoinFF\TradingBot\TradingBot\TradingBot.csproj]
E:\PROJECT\CoinFF\TradingBot\TradingBot\MainWindow.xaml.cs(691,28): warning CS1998: ??鍮꾨룞湲?硫붿꽌?쒖뿉??'await' ?곗궛?먭? ?놁쑝硫?硫붿꽌?쒓? ?숈떆???ㅽ뻾?⑸땲?? 'await' ?곗궛?먮? ?ъ슜?섏뿬 鍮꾨툝濡쒗궧 API ?몄텧???湲고븯嫄곕굹, 'await Task.Run(...)'???ъ슜?섏뿬 諛깃렇?쇱슫???ㅻ젅?쒖뿉??CPU 諛붿씤?⑸맂 ?묒뾽???섑뻾?섏꽭?? [E:\PROJECT\CoinFF\TradingBot\TradingBot\TradingBot.csproj]
E:\PROJECT\CoinFF\TradingBot\TradingBot\TradingEngine.cs(102,44): warning CS0067: 'TradingEngine.OnTelegramStatusUpdate' ?대깽?멸? ?ъ슜?섏? ?딆븯?듬땲?? [E:\PROJECT\CoinFF\TradingBot\TradingBot\TradingBot.csproj]
E:\PROJECT\CoinFF\TradingBot\TradingBot\OnChainAnalysisService.cs(29,48): warning CS0067: 'OnChainAnalysisService.OnWhaleAlert' ?대깽?멸? ?ъ슜?섏? ?딆븯?듬땲?? [E:\PROJECT\CoinFF\TradingBot\TradingBot\TradingBot.csproj]
E:\PROJECT\CoinFF\TradingBot\TradingBot\MainViewModel.cs(138,22): warning CS0414: 'MainViewModel._isAiMonitorVisible' ?꾨뱶媛 ?좊떦?섏뿀吏留??ъ슜?섏? ?딆븯?듬땲?? [E:\PROJECT\CoinFF\TradingBot\TradingBot\TradingBot.csproj]
E:\PROJECT\CoinFF\TradingBot\TradingBot\MainViewModel.cs(851,31): warning CA2021: ?뺤떇 'TradingBot.Shared.Models.CandleData'?(?? ?뺤떇 'TradingBot.Models.CandleData'怨??) ?명솚?섏? ?딆쑝硫?罹먯뒪???쒕룄?먯꽌 ?고??꾩뿉 InvalidCastException??諛쒖깮?⑸땲?? (https://learn.microsoft.com/dotnet/fundamentals/code-analysis/quality-rules/ca2021) [E:\PROJECT\CoinFF\TradingBot\TradingBot\TradingBot.csproj]
C:\Program Files\dotnet\packs\Microsoft.Android.Sdk.Windows\35.0.105\tools\Xamarin.Android.Tooling.targets(62,5): error XA5300: Android SDK ?붾젆?곕━瑜?李얠쓣 ???놁뒿?덈떎. ?ㅼ쓬 吏移⑥뿉 ?곕씪 Android SDK ?ㅼ튂?섏꽭?? https://aka.ms/dotnet-android-install-sdk [E:\PROJECT\CoinFF\TradingBot\TradingBot\Mobile\CoinFF.Mobile.csproj::TargetFramework=net9.0-android]
C:\Program Files\dotnet\packs\Microsoft.Android.Sdk.Windows\35.0.105\tools\Xamarin.Android.Tooling.targets(62,5): error XA5300: 紐낅졊以?鍮뚮뱶???ъ슜??吏??SDK 寃쎈줈瑜??ъ슜?섎젮硫?'AndroidSdkDirectory' MSBuild ?띿꽦???ъ슜??吏??寃쎈줈濡??ㅼ젙?⑸땲?? [E:\PROJECT\CoinFF\TradingBot\TradingBot\Mobile\CoinFF.Mobile.csproj::TargetFramework=net9.0-android]
C:\Program Files\dotnet\sdk\9.0.308\Sdks\Microsoft.NET.Sdk\targets\Microsoft.NET.Sdk.targets(323,5): error NETSDK1004: ?먯궛 ?뚯씪 'E:\PROJECT\CoinFF\TradingBot\TradingBot\obj\project.assets.json'??瑜? 李얠쓣 ???놁뒿?덈떎. NuGet ?⑦궎吏 蹂듭썝???ㅽ뻾?섏뿬 ???뚯씪???앹꽦?섏꽭?? [E:\PROJECT\CoinFF\TradingBot\TradingBot\TradingBot.csproj]
    寃쎄퀬 260媛?
    ?ㅻ쪟 2媛?

寃쎄낵 ?쒓컙: 00:00:20.78
